D/RestClient(18936): socket created, connected: true
D/RestClient(18936): creating socket for host: ipsws.indooratlas.com
D/RestClient(18936): verifying hostname
D/RestClient(18936): Established TLSv1.2 connection with ipsws.indooratlas.com using TLS_ECDHE_RSA_WITH_AES_128_CBC_SHA
D/RestClient(18936): socket created, connected: true
D/RestClient(18936): Setting SNI hostname
D/RestClient(18936): verifying hostname
D/RestClient(18936): Established TLSv1.2 connection with ipsws.indooratlas.com using TLS_ECDHE_RSA_WITH_AES_128_CBC_SHA
D/RestClient(18936): socket created, connected: true
D/AudioHardwareMSM8660(  275): Bufsize 4800
D/AudioHardwareMSM8660(  275): SampleRate 44.1k
W/AudioTrack(  678): AUDIO_OUTPUT_FLAG_FAST denied by client due to mismatching sample rate (48000 vs 44100)
D/AudioFlinger(  275): start(4099), calling pid 678 session 196
D/AudioFlinger(  275): ? => ACTIVE (4099) on thread 0x41270a68
D/AudioHardwareMSM8660(  275): outputDevices = 2
I/AudioHardwareMSM8660(  275): Routing audio to Speakerphone (out_speaker case)
D/AudioHardwareMSM8660(  275): SampleRate 44.1k
D/AudioHardwareMSM8660(  275): Bufsize 4800
E/AudioHardwareMSM8660(  275): write(): dec_id = 1 cur_rx = 2
E/AudioHardwareMSM8660(  275): cur_rx for pcm playback = 2
D/ACDB-LOADER(  275): ACDB -> send_audio_cal, acdb_id = 2, path =  0
D/ACDB-LOADER(  275): ACDB -> send_adm_topology
D/ACDB-LOADER(  275): ACDB -> ACDB_CMD_GET_AUDPROC_COMMON_TOPOLOGY_ID
D/ACDB-LOADER(  275): ACDB -> send_audtable
D/ACDB-LOADER(  275): ACDB samplerate = 256
D/ACDB-LOADER(  275): ACDB -> ACDB_CMD_GET_AUDPROC_COMMON_TABLE
D/ACDB-LOADER(  275): ACDB -> AUDIO_SET_AUDPROC_CAL
D/ACDB-LOADER(  275): ACDB -> send_audvoltable
D/ACDB-LOADER(  275): ACDB -> ACDB_CMD_GET_AUDPROC_GAIN_DEP_VOLTBL_STEP_COPP
D/ACDB-LOADER(  275): ACDB -> AUDIO_SET_AUDPROC_VOL_CAL
D/AudioHardwareMSM8660(  275): addToTable stream 1
D/AudioHardwareMSM8660(  275): Bufsize 4800
D/AudioHardwareMSM8660(  275): SampleRate 44.1k
D/AudioHardwareMSM8660(  275): Bufsize 4800
D/AudioHardwareMSM8660(  275): SampleRate 44.1k
D/AudioHardwareMSM8660(  275): Bufsize 4800
D/AudioHardwareMSM8660(  275): SampleRate 44.1k
D/AudioHardwareMSM8660(  275): Bufsize 4800
D/AudioHardwareMSM8660(  275): SampleRate 44.1k
D/AudioHardwareMSM8660(  275): Bufsize 4800
D/AudioHardwareMSM8660(  275): SampleRate 44.1k
D/AudioHardwareMSM8660(  275): deleteFromTable stream 1
D/AudioHardwareMSM8660(  275): updateDeviceInfo: E
D/AudioHardwareMSM8660(  275): simple device switch
D/RestClient(18936): creating socket for host: ipsws.indooratlas.com
D/RestClient(18936): Setting SNI hostname
D/RestClient(18936): verifying hostname
D/RestClient(18936): Established TLSv1.2 connection with ipsws.indooratlas.com using TLS_ECDHE_RSA_WITH_AES_128_CBC_SHA
D/RestClient(18936): socket created, connected: true
D/AudioHardwareMSM8660(  275): Bufsize 4800
D/AudioHardwareMSM8660(  275): SampleRate 44.1k
W/AudioTrack(  678): AUDIO_OUTPUT_FLAG_FAST denied by client due to mismatching sample rate (48000 vs 44100)
D/AudioFlinger(  275): start(4098), calling pid 678 session 197
D/AudioFlinger(  275): ? => ACTIVE (4098) on thread 0x411feae0
D/AudioHardwareMSM8660(  275): outputDevices = 2
I/AudioHardwareMSM8660(  275): Routing audio to Speakerphone (out_speaker case)
D/AudioHardwareMSM8660(  275): SampleRate 44.1k
D/AudioHardwareMSM8660(  275): Bufsize 4800
E/AudioHardwareMSM8660(  275): write(): dec_id = 1 cur_rx = 2
E/AudioHardwareMSM8660(  275): cur_rx for pcm playback = 2
D/ACDB-LOADER(  275): ACDB -> send_audio_cal, acdb_id = 2, path =  0
D/ACDB-LOADER(  275): ACDB -> send_adm_topology
D/ACDB-LOADER(  275): ACDB -> ACDB_CMD_GET_AUDPROC_COMMON_TOPOLOGY_ID
D/ACDB-LOADER(  275): ACDB -> send_audtable
D/ACDB-LOADER(  275): ACDB samplerate = 256
D/ACDB-LOADER(  275): ACDB -> ACDB_CMD_GET_AUDPROC_COMMON_TABLE
D/ACDB-LOADER(  275): ACDB -> AUDIO_SET_AUDPROC_CAL
D/ACDB-LOADER(  275): ACDB -> send_audvoltable
D/ACDB-LOADER(  275): ACDB -> ACDB_CMD_GET_AUDPROC_GAIN_DEP_VOLTBL_STEP_COPP
D/ACDB-LOADER(  275): ACDB -> AUDIO_SET_AUDPROC_VOL_CAL
D/AudioHardwareMSM8660(  275): addToTable stream 1
D/AudioHardwareMSM8660(  275): Bufsize 4800
D/AudioHardwareMSM8660(  275): SampleRate 44.1k
D/AudioHardwareMSM8660(  275): Bufsize 4800
D/AudioHardwareMSM8660(  275): SampleRate 44.1k
D/AudioHardwareMSM8660(  275): Bufsize 4800
D/AudioHardwareMSM8660(  275): SampleRate 44.1k
D/AudioHardwareMSM8660(  275): Bufsize 4800
D/AudioHardwareMSM8660(  275): SampleRate 44.1k
D/AudioHardwareMSM8660(  275): Bufsize 4800
D/AudioHardwareMSM8660(  275): SampleRate 44.1k
I/VisualizerView(  974): session=0
D/AudioHardwareMSM8660(  275): Bufsize 4800
D/AudioHardwareMSM8660(  275): SampleRate 44.1k
V/PanelView(  974): animationTick called with dtms=0; nothing to do (h=407.68152 v=1171.2207)
V/PanelView(  974): animationTick called with dtms=-8; nothing to do (h=407.68152 v=1171.2207)
D/AudioHardwareMSM8660(  275): deleteFromTable stream 1
D/AudioHardwareMSM8660(  275): updateDeviceInfo: E
D/AudioHardwareMSM8660(  275): simple device switch
I/ActivityManager(  678): START u0 {act=android.settings.LOCATION_SOURCE_SETTINGS flg=0x14000000 cmp=com.android.settings/.Settings$LocationSettingsActivity} from pid 974
D/RestClient(18936): creating socket for host: ipsws.indooratlas.com
D/RestClient(18936): Setting SNI hostname
V/PanelView(  974): animationTick called with dtms=0; nothing to do (h=1280.0 v=-4000.0)
W/SurfaceFlinger(  272): couldn't log to binary event log: overflow.
D/RestClient(18936): verifying hostname
D/RestClient(18936): Established TLSv1.2 connection with ipsws.indooratlas.com using TLS_ECDHE_RSA_WITH_AES_128_CBC_SHA
D/RestClient(18936): socket created, connected: true
I/Choreographer(18439): Skipped 37 frames!  The application may be doing too much work on its main thread.
I/Adreno200-EGL(18439): <qeglDrvAPI_eglInitialize:269>: EGL 1.4 QUALCOMM build: AU_LINUX_ANDROID_JB_VANILLA.04.02.02.60.051_msm8960_JB_VANILLA_CL2997615_release_AU (CL2997615)
I/Adreno200-EGL(18439): Build Date: 04/11/13 Thu
I/Adreno200-EGL(18439): Local Branch: 
I/Adreno200-EGL(18439): Remote Branch: quic/mako_jb_mr1
I/Adreno200-EGL(18439): Local Patches: NONE
I/Adreno200-EGL(18439): Reconstruct Branch: AU_LINUX_ANDROID_JB_VANILLA.04.02.02.60.051 +  NOTHING
D/OpenGLRenderer(18439): Enabling debug mode 0
I/ActivityManager(  678): Displayed com.android.settings/.Settings$LocationSettingsActivity: +1s439ms
I/Timeline(  678): Timeline: Activity_windows_visible id: ActivityRecord{425e21a0 u0 com.android.settings/.Settings$LocationSettingsActivity t27} time:7580176
I/ActivityManager(  678): Process com.android.vending (pid 18774) has died.
I/Timeline(18439): Timeline: Activity_idle id: android.os.BinderProxy@41faa348 time:7580364
I/ActivityManager(  678): Process com.cyanogenmod.lockclock (pid 18669) has died.
I/Timeline(18439): Timeline: Activity_launch_request id:com.android.settings time:7581396
I/ActivityManager(  678): START u0 {act=android.intent.action.MAIN cmp=com.android.settings/.SubSettings (has extras)} from pid 18439
D/AudioHardwareMSM8660(  275): Bufsize 4800
D/AudioHardwareMSM8660(  275): SampleRate 44.1k
W/AudioTrack(  678): AUDIO_OUTPUT_FLAG_FAST denied by client due to mismatching sample rate (48000 vs 44100)
D/AudioFlinger(  275): start(4099), calling pid 678 session 199
D/AudioFlinger(  275): ? => ACTIVE (4099) on thread 0x41270a68
D/AudioHardwareMSM8660(  275): outputDevices = 2
I/AudioHardwareMSM8660(  275): Routing audio to Speakerphone (out_speaker case)
D/AudioHardwareMSM8660(  275): SampleRate 44.1k
D/AudioHardwareMSM8660(  275): Bufsize 4800
E/AudioHardwareMSM8660(  275): write(): dec_id = 1 cur_rx = 2
E/AudioHardwareMSM8660(  275): cur_rx for pcm playback = 2
D/SubSettings(18439): Launching fragment com.android.settings.location.LocationMode
D/ACDB-LOADER(  275): ACDB -> send_audio_cal, acdb_id = 2, path =  0
D/ACDB-LOADER(  275): ACDB -> send_adm_topology
D/ACDB-LOADER(  275): ACDB -> ACDB_CMD_GET_AUDPROC_COMMON_TOPOLOGY_ID
D/ACDB-LOADER(  275): ACDB -> send_audtable
D/ACDB-LOADER(  275): ACDB samplerate = 256
D/ACDB-LOADER(  275): ACDB -> ACDB_CMD_GET_AUDPROC_COMMON_TABLE
D/ACDB-LOADER(  275): ACDB -> AUDIO_SET_AUDPROC_CAL
D/ACDB-LOADER(  275): ACDB -> send_audvoltable
D/ACDB-LOADER(  275): ACDB -> ACDB_CMD_GET_AUDPROC_GAIN_DEP_VOLTBL_STEP_COPP
D/ACDB-LOADER(  275): ACDB -> AUDIO_SET_AUDPROC_VOL_CAL
D/AudioHardwareMSM8660(  275): addToTable stream 1
D/AudioHardwareMSM8660(  275): Bufsize 4800
D/AudioHardwareMSM8660(  275): SampleRate 44.1k
D/AudioHardwareMSM8660(  275): Bufsize 4800
D/AudioHardwareMSM8660(  275): SampleRate 44.1k
D/AudioHardwareMSM8660(  275): Bufsize 4800
D/AudioHardwareMSM8660(  275): SampleRate 44.1k
D/AudioHardwareMSM8660(  275): Bufsize 4800
D/AudioHardwareMSM8660(  275): SampleRate 44.1k
D/AudioHardwareMSM8660(  275): Bufsize 4800
D/AudioHardwareMSM8660(  275): SampleRate 44.1k
I/ActivityManager(  678): Displayed com.android.settings/.SubSettings: +493ms
I/Timeline(18439): Timeline: Activity_idle id: android.os.BinderProxy@42238788 time:7582124
I/Timeline(  678): Timeline: Activity_windows_visible id: ActivityRecord{42686100 u0 com.android.settings/.SubSettings t27} time:7582306
W/ProcessCpuTracker(  678): Skipping unknown process pid 19183
W/ProcessCpuTracker(  678): Skipping unknown process pid 19185
W/ProcessCpuTracker(  678): Skipping unknown process pid 19186
W/ContextImpl(18439): Calling a method in the system process without a qualified user: android.app.ContextImpl.sendBroadcast:1202 android.content.ContextWrapper.sendBroadcast:370 com.android.settings.location.LocationSettingsBase.sendModeChangingIntent:101 com.android.settings.location.LocationSettingsBase.setLocationMode:93 com.android.settings.location.LocationMode.onRadioButtonClicked:104 
V/Zygote  (19190): Switching descriptor 33 to /dev/null
V/Zygote  (19190): Switching descriptor 10 to /dev/null
I/ActivityManager(  678): Start proc com.google.android.gms.ui for broadcast com.google.android.gms/com.google.android.location.network.ConfirmAlertActivity$LocationModeChangingReceiver: pid=19190 uid=10065 gids={50065, 3003, 1007, 1028, 1015, 1006, 3002, 3001, 3007, 2001, 3006}
D/AudioHardwareMSM8660(  275): Bufsize 4800
D/AudioHardwareMSM8660(  275): SampleRate 44.1k
W/AudioTrack(  678): AUDIO_OUTPUT_FLAG_FAST denied by client due to mismatching sample rate (48000 vs 44100)
D/AudioFlinger(  275): start(4098), calling pid 678 session 200
D/AudioFlinger(  275): ? => ACTIVE (4098) on thread 0x411feae0
D/AudioHardwareMSM8660(  275): outputDevices = 2
I/AudioHardwareMSM8660(  275): Routing audio to Speakerphone (out_speaker case)
D/ActivityThread(19190): handleBindApplication:com.google.android.gms.ui
D/ActivityThread(19190): setTargetHeapUtilization:0.75
D/ActivityThread(19190): setTargetHeapMinFree:2097152
V/GmsNetworkLocationProvi( 2551): ENABLE
V/GmsNetworkLocationProvi( 2551): onSetRequest: ProviderRequestUnbundled, reportLocation is true and interval is 86400000
V/GmsNetworkLocationProvi( 2551): SET-REQUEST
D/AudioHardwareMSM8660(  275): Bufsize 4800
D/AudioHardwareMSM8660(  275): SampleRate 44.1k
V/GmsNetworkLocationProvi( 2551): in Handler: ProviderRequestUnbundled, reportLocation is true and interval is 86400000
D/AudioHardwareMSM8660(  275): Bufsize 4800
D/AudioHardwareMSM8660(  275): SampleRate 44.1k
D/AudioHardwareMSM8660(  275): Bufsize 4800
D/AudioHardwareMSM8660(  275): SampleRate 44.1k
D/AudioHardwareMSM8660(  275): Bufsize 4800
D/AudioHardwareMSM8660(  275): SampleRate 44.1k
D/AudioHardwareMSM8660(  275): Bufsize 4800
D/AudioHardwareMSM8660(  275): SampleRate 44.1k
W/dalvikvm(19190): VFY: unable to resolve static field 658 (PR_SET_DUMPABLE) in Landroid/system/OsConstants;
D/dalvikvm(19190): VFY: replacing opcode 0x60 at 0x000b
I/MultiDex(19190): VM with version 1.6.0 does not have multidex support
I/MultiDex(19190): install
I/MultiDex(19190): MultiDexExtractor.load(/system/priv-app/PrebuiltGmsCore.apk, false)
I/MultiDex(19190): loading existing secondary dex files
I/MultiDex(19190): load found 3 secondary dex files
I/MultiDex(19190): install done
I/ProviderInstaller(19190): Insert disabled by gate 'gms:security:enable_conscrypt_in_gms_application'
I/ActivityManager(  678): Process com.google.android.talk (pid 18683) has died.
F/ActivityManager(  678): Service ServiceRecord{42551da8 u0 com.google.android.talk/com.google.android.libraries.hangouts.video.CallService} in process ProcessRecord{42505a08 18683:com.google.android.talk/u0a74} not same as in map: null
I/Timeline( 2551): Timeline: Activity_launch_request id:com.google.android.gms time:7583815
I/ActivityManager(  678): START u0 {flg=0x10000000 cmp=com.google.android.gms/com.google.android.location.network.ConfirmAlertActivity (has extras)} from pid 2551
D/RestClient(18936): creating socket for host: ipsws.indooratlas.com
I/GCoreNlp( 2551): shouldConfirmNlp, asking to opt in
V/GmsNetworkLocationProvi( 2551): DISABLE
I/GCoreUlr( 2551): Starting service, intent=Intent { act=com.google.android.location.reporting.ACTION_UPDATE_WORLD cmp=com.google.android.gms/com.google.android.location.reporting.service.DispatchingService (has extras) }, extras=Bundle[{receiverAction=android.location.PROVIDERS_CHANGED}]
D/RestClient(18936): Setting SNI hostname
V/Zygote  (19213): Switching descriptor 33 to /dev/null
V/Zygote  (19213): Switching descriptor 10 to /dev/null
I/ActivityManager(  678): Start proc com.google.android.apps.maps for broadcast com.google.android.apps.maps/com.google.android.apps.gmm.iamhere.ble.StartBleServiceReceiver: pid=19213 uid=10076 gids={50076, 3003, 1028, 1015, 3002, 3001}
I/ActivityManager(  678): Process com.android.inputmethod.latin (pid 18971) has died.
I/GCoreUlr( 2551): DispatchingService.onCreate()
I/GmsConfirmAlertActivity(19190): onServiceConnected() called
D/ActivityThread(19213): handleBindApplication:com.google.android.apps.maps
D/ActivityThread(19213): setTargetHeapUtilization:0.75
D/ActivityThread(19213): setTargetHeapMinFree:2097152
I/Adreno200-EGL(19190): <qeglDrvAPI_eglInitialize:269>: EGL 1.4 QUALCOMM build: AU_LINUX_ANDROID_JB_VANILLA.04.02.02.60.051_msm8960_JB_VANILLA_CL2997615_release_AU (CL2997615)
I/Adreno200-EGL(19190): Build Date: 04/11/13 Thu
I/Adreno200-EGL(19190): Local Branch: 
I/Adreno200-EGL(19190): Remote Branch: quic/mako_jb_mr1
I/Adreno200-EGL(19190): Local Patches: NONE
I/Adreno200-EGL(19190): Reconstruct Branch: AU_LINUX_ANDROID_JB_VANILLA.04.02.02.60.051 +  NOTHING
I/ActivityManager(  678): Process com.google.android.gms.wearable (pid 17566) has died.
W/ActivityManager(  678): Scheduling restart of crashed service com.google.android.gms/.wearable.service.WearableService in 1000ms
D/OpenGLRenderer(19190): Enabling debug mode 0
I/ActivityManager(  678): Displayed com.google.android.gms/com.google.android.location.network.ConfirmAlertActivity: +765ms
I/Timeline(19190): Timeline: Activity_idle id: android.os.BinderProxy@41fc6b98 time:7584724
I/GCoreUlr( 2551): WorldUpdater received intent Intent { act=com.google.android.location.reporting.ACTION_UPDATE_WORLD cmp=com.google.android.gms/com.google.android.location.reporting.service.DispatchingService (has extras) } with receiverAction android.location.PROVIDERS_CHANGED
W/InputEventReceiver(19190): Attempted to finish an input event but the input event receiver has already been disposed.
D/RestClient(18936): verifying hostname
D/RestClient(18936): Established TLSv1.2 connection with ipsws.indooratlas.com using TLS_ECDHE_RSA_WITH_AES_128_CBC_SHA
D/RestClient(18936): socket created, connected: true
W/ResourceType(  678): Skipping entry 0x7f05000b in package table 0 because it is not complex!
W/ActivityThread(19213): ClassLoader.loadClass: The class loader returned by Thread.getContextClassLoader() may fail for processes that host multiple applications. You should explicitly specify a context class loader. For example: Thread.setContextClassLoader(getClass().getClassLoader());
D/StrictMode(19213): StrictMode policy violation; ~duration=666 ms: android.os.StrictMode$StrictModeDiskReadViolation: policy=31 violation=2
D/StrictMode(19213): 	at android.os.StrictMode$AndroidBlockGuardPolicy.onReadFromDisk(StrictMode.java:1135)
D/StrictMode(19213): 	at libcore.io.BlockGuardOs.open(BlockGuardOs.java:106)
D/StrictMode(19213): 	at libcore.io.IoUtils.canOpenReadOnly(IoUtils.java:163)
D/StrictMode(19213): 	at dalvik.system.DexPathList.findLibrary(DexPathList.java:384)
D/StrictMode(19213): 	at dalvik.system.BaseDexClassLoader.findLibrary(BaseDexClassLoader.java:77)
D/StrictMode(19213): 	at java.lang.Runtime.loadLibrary(Runtime.java:356)
D/StrictMode(19213): 	at java.lang.System.loadLibrary(System.java:526)
D/StrictMode(19213): 	at com.google.android.libraries.social.jni.crashreporter.NativeCrashHandler.a(PG:189)
D/StrictMode(19213): 	at com.google.android.libraries.social.jni.crashreporter.NativeCrashHandler.a(PG:87)
D/StrictMode(19213): 	at com.google.android.apps.gmm.base.app.d.<init>(PG:545)
D/StrictMode(19213): 	at com.google.android.apps.gmm.base.app.GoogleMapsApplication.a(PG:156)
D/StrictMode(19213): 	at com.google.android.apps.gmm.base.app.GoogleMapsApplication.onCreate(PG:111)
D/StrictMode(19213): 	at android.app.Instrumentation.callApplicationOnCreate(Instrumentation.java:1007)
D/StrictMode(19213): 	at android.app.ActivityThread.handleBindApplication(ActivityThread.java:4464)
D/StrictMode(19213): 	at android.app.ActivityThread.access$1500(ActivityThread.java:145)
D/StrictMode(19213): 	at android.app.ActivityThread$H.handleMessage(ActivityThread.java:1266)
D/StrictMode(19213): 	at android.os.Handler.dispatchMessage(Handler.java:102)
D/StrictMode(19213): 	at android.os.Looper.loop(Looper.java:136)
D/StrictMode(19213): 	at android.app.ActivityThread.main(ActivityThread.java:5137)
D/StrictMode(19213): 	at java.lang.reflect.Method.invokeNative(Native Method)
D/StrictMode(19213): 	at java.lang.reflect.Method.invoke(Method.java:515)
D/StrictMode(19213): 	at com.android.internal.os.ZygoteInit$MethodAndArgsCaller.run(ZygoteInit.java:795)
D/StrictMode(19213): 	at com.android.internal.os.ZygoteInit.main(ZygoteInit.java:611)
D/StrictMode(19213): 	at dalvik.system.NativeStart.main(Native Method)
D/StrictMode(19213): StrictMode policy violation; ~duration=648 ms: android.os.StrictMode$StrictModeDiskReadViolation: policy=31 violation=2
D/StrictMode(19213): 	at android.os.StrictMode$AndroidBlockGuardPolicy.onReadFromDisk(StrictMode.java:1135)
D/StrictMode(19213): 	at android.app.SharedPreferencesImpl.awaitLoadedLocked(SharedPreferencesImpl.java:203)
D/StrictMode(19213): 	at android.app.SharedPreferencesImpl.getBoolean(SharedPreferencesImpl.java:260)
D/StrictMode(19213): 	at android.preference.PreferenceManager.setDefaultValues(PreferenceManager.java:481)
D/StrictMode(19213): 	at com.google.android.apps.gmm.shared.d.a.a(PG:1010)
D/StrictMode(19213): 	at com.google.android.apps.gmm.base.app.d.a(PG:1101)
D/StrictMode(19213): 	at com.google.android.apps.gmm.base.app.d.<init>(PG:561)
D/StrictMode(19213): 	at com.google.android.apps.gmm.base.app.GoogleMapsApplication.a(PG:156)
D/StrictMode(19213): 	at com.google.android.apps.gmm.base.app.GoogleMapsApplication.onCreate(PG:111)
D/StrictMode(19213): 	at android.app.Instrumentation.callApplicationOnCreate(Instrumentation.java:1007)
D/StrictMode(19213): 	at android.app.ActivityThread.handleBindApplication(ActivityThread.java:4464)
D/StrictMode(19213): 	at android.app.ActivityThread.access$1500(ActivityThread.java:145)
D/StrictMode(19213): 	at android.app.ActivityThread$H.handleMessage(ActivityThread.java:1266)
D/StrictMode(19213): 	at android.os.Handler.dispatchMessage(Handler.java:102)
D/StrictMode(19213): 	at android.os.Looper.loop(Looper.java:136)
D/StrictMode(19213): 	at android.app.ActivityThread.main(ActivityThread.java:5137)
D/StrictMode(19213): 	at java.lang.reflect.Method.invokeNative(Native Method)
D/StrictMode(19213): 	at java.lang.reflect.Method.invoke(Method.java:515)
D/StrictMode(19213): 	at com.android.internal.os.ZygoteInit$MethodAndArgsCaller.run(ZygoteInit.java:795)
D/StrictMode(19213): 	at com.android.internal.os.ZygoteInit.main(ZygoteInit.java:611)
D/StrictMode(19213): 	at dalvik.system.NativeStart.main(Native Method)
D/StrictMode(19213): StrictMode policy violation; ~duration=639 ms: android.os.StrictMode$StrictModeDiskReadViolation: policy=31 violation=2
D/StrictMode(19213): 	at android.os.StrictMode$AndroidBlockGuardPolicy.onReadFromDisk(StrictMode.java:1135)
D/StrictMode(19213): 	at android.app.SharedPreferencesImpl.awaitLoadedLocked(SharedPreferencesImpl.java:203)
D/StrictMode(19213): 	at android.app.SharedPreferencesImpl.getInt(SharedPreferencesImpl.java:239)
D/StrictMode(19213): 	at com.google.android.apps.gmm.shared.d.a.a(PG:1108)
D/StrictMode(19213): 	at com.google.android.apps.gmm.shared.d.a.a(PG:1016)
D/StrictMode(19213): 	at com.google.android.apps.gmm.base.app.d.a(PG:1101)
D/StrictMode(19213): 	at com.google.android.apps.gmm.base.app.d.<init>(PG:561)
D/StrictMode(19213): 	at com.google.android.apps.gmm.base.app.GoogleMapsApplication.a(PG:156)
D/StrictMode(19213): 	at com.google.android.apps.gmm.base.app.GoogleMapsApplication.onCreate(PG:111)
D/StrictMode(19213): 	at android.app.Instrumentation.callApplicationOnCreate(Instrumentation.java:1007)
D/StrictMode(19213): 	at android.app.ActivityThread.handleBindApplication(ActivityThread.java:4464)
D/StrictMode(19213): 	at android.app.ActivityThread.access$1500(ActivityThread.java:145)
D/StrictMode(19213): 	at android.app.ActivityThread$H.handleMessage(ActivityThread.java:1266)
D/StrictMode(19213): 	at android.os.Handler.dispatchMessage(Handler.java:102)
D/StrictMode(19213): 	at android.os.Looper.loop(Looper.java:136)
D/StrictMode(19213): 	at android.app.ActivityThread.main(ActivityThread.java:5137)
D/StrictMode(19213): 	at java.lang.reflect.Method.invokeNative(Native Method)
D/StrictMode(19213): 	at java.lang.reflect.Method.invoke(Method.java:515)
D/StrictMode(19213): 	at com.android.internal.os.ZygoteInit$MethodAndArgsCaller.run(ZygoteInit.java:795)
D/StrictMode(19213): 	at com.android.internal.os.ZygoteInit.main(ZygoteInit.java:611)
D/StrictMode(19213): 	at dalvik.system.NativeStart.main(Native Method)
D/StrictMode(19213): StrictMode policy violation; ~duration=630 ms: android.os.StrictMode$StrictModeDiskReadViolation: policy=31 violation=2
D/StrictMode(19213): 	at android.os.StrictMode$AndroidBlockGuardPolicy.onReadFromDisk(StrictMode.java:1135)
D/StrictMode(19213): 	at libcore.io.BlockGuardOs.open(BlockGuardOs.java:106)
D/StrictMode(19213): 	at libcore.io.IoUtils.canOpenReadOnly(IoUtils.java:163)
D/StrictMode(19213): 	at dalvik.system.DexPathList.findLibrary(DexPathList.java:384)
D/StrictMode(19213): 	at dalvik.system.BaseDexClassLoader.findLibrary(BaseDexClassLoader.java:77)
D/StrictMode(19213): 	at java.lang.Runtime.loadLibrary(Runtime.java:356)
D/StrictMode(19213): 	at java.lang.System.loadLibrary(System.java:526)
D/StrictMode(19213): 	at com.google.android.apps.gmm.map.util.jni.NativeHelper.initialize(PG:42)
D/StrictMode(19213): 	at com.google.android.apps.gmm.map.m.f.<clinit>(PG:83)
D/StrictMode(19213): 	at com.google.android.apps.gmm.base.app.d.a(PG:1100)
D/StrictMode(19213): 	at com.google.android.apps.gmm.base.app.d.<init>(PG:561)
D/StrictMode(19213): 	at com.google.android.apps.gmm.base.app.GoogleMapsApplication.a(PG:156)
D/StrictMode(19213): 	at com.google.android.apps.gmm.base.app.GoogleMapsApplication.onCreate(PG:111)
D/StrictMode(19213): 	at android.app.Instrumentation.callApplicationOnCreate(Instrumentation.java:1007)
D/StrictMode(19213): 	at android.app.ActivityThread.handleBindApplication(ActivityThread.java:4464)
D/StrictMode(19213): 	at android.app.ActivityThread.access$1500(ActivityThread.java:145)
D/StrictMode(19213): 	at android.app.ActivityThread$H.handleMessage(ActivityThread.java:1266)
D/StrictMode(19213): 	at android.os.Handler.dispatchMessage(Handler.java:102)
D/StrictMode(19213): 	at android.os.Looper.loop(Looper.java:136)
D/StrictMode(19213): 	at android.app.ActivityThread.main(ActivityThread.java:5137)
D/StrictMode(19213): 	at java.lang.reflect.Method.invokeNative(Native Method)
D/StrictMode(19213): 	at java.lang.reflect.Method.invoke(Method.java:515)
D/StrictMode(19213): 	at com.android.internal.os.ZygoteInit$MethodAndArgsCaller.run(ZygoteInit.java:795)
D/StrictMode(19213): 	at com.android.internal.os.ZygoteInit.main(ZygoteInit.java:611)
D/StrictMode(19213): 	at dalvik.system.NativeStart.main(Native Method)
D/StrictMode(19213): StrictMode policy violation; ~duration=427 ms: android.os.StrictMode$StrictModeDiskReadViolation: policy=287 violation=2
D/StrictMode(19213): 	at android.os.StrictMode$AndroidBlockGuardPolicy.onReadFromDisk(StrictMode.java:1135)
D/StrictMode(19213): 	at android.database.sqlite.SQLiteConnection.applyBlockGuardPolicy(SQLiteConnection.java:1041)
D/StrictMode(19213): 	at android.database.sqlite.SQLiteConnection.executeForCursorWindow(SQLiteConnection.java:842)
D/StrictMode(19213): 	at android.database.sqlite.SQLiteSession.executeForCursorWindow(SQLiteSession.java:836)
D/StrictMode(19213): 	at android.database.sqlite.SQLiteQuery.fillWindow(SQLiteQuery.java:62)
D/StrictMode(19213): 	at android.database.sqlite.SQLiteCursor.fillWindow(SQLiteCursor.java:144)
D/StrictMode(19213): 	at android.database.sqlite.SQLiteCursor.getCount(SQLiteCursor.java:133)
D/StrictMode(19213): 	at android.database.CursorToBulkCursorAdaptor.getBulkCursorDescriptor(CursorToBulkCursorAdaptor.java:148)
D/StrictMode(19213): 	at android.content.ContentProviderNative.onTransact(ContentProviderNative.java:122)
D/StrictMode(19213): 	at android.os.Binder.execTransact(Binder.java:404)
D/StrictMode(19213): 	at dalvik.system.NativeStart.run(Native Method)
D/StrictMode(19213): # via Binder call with stack:
D/StrictMode(19213): android.os.StrictMode$LogStackTrace
D/StrictMode(19213): 	at android.os.StrictMode.readAndHandleBinderCallViolations(StrictMode.java:1705)
D/StrictMode(19213): 	at android.os.Parcel.readExceptionCode(Parcel.java:1447)
D/StrictMode(19213): 	at android.database.DatabaseUtils.readExceptionFromParcel(DatabaseUtils.java:134)
D/StrictMode(19213): 	at android.content.ContentProviderProxy.query(ContentProviderNative.java:420)
D/StrictMode(19213): 	at android.content.ContentResolver.query(ContentResolver.java:461)
D/StrictMode(19213): 	at android.content.ContentResolver.query(ContentResolver.java:404)
D/StrictMode(19213): 	at com.google.android.c.c.a(PG:87)
D/StrictMode(19213): 	at com.google.android.c.c.a(PG:107)
D/StrictMode(19213): 	at com.google.android.apps.gmm.shared.net.x.a(PG:336)
D/StrictMode(19213): 	at com.google.android.apps.gmm.shared.net.x.a(PG:179)
D/StrictMode(19213): 	at com.google.android.apps.gmm.map.m.o.a(PG:132)
D/StrictMode(19213): 	at com.google.b.a.bz.a(PG:125)
D/StrictMode(19213): 	at com.google.android.apps.gmm.map.m.f.a(PG:321)
D/StrictMode(19213): 	at com.google.android.apps.gmm.base.app.d.a(PG:1100)
D/StrictMode(19213): 	at com.google.android.apps.gmm.base.app.d.<init>(PG:561)
D/StrictMode(19213): 	at com.google.android.apps.gmm.base.app.GoogleMapsApplication.a(PG:156)
D/StrictMode(19213): 	at com.google.android.apps.gmm.base.app.GoogleMapsApplication.onCreate(PG:111)
D/StrictMode(19213): 	at android.app.Instrumentation.callApplicationOnCreate(Instrumentation.java:1007)
D/StrictMode(19213): 	at android.app.ActivityThread.handleBindApplication(ActivityThread.java:4464)
D/StrictMode(19213): 	at android.app.ActivityThread.access$1500(ActivityThread.java:145)
D/StrictMode(19213): 	at android.app.ActivityThread$H.handleMessage(ActivityThread.java:1266)
D/StrictMode(19213): 	at android.os.Handler.dispatchMessage(Handler.java:102)
D/StrictMode(19213): 	at android.os.Looper.loop(Looper.java:136)
D/StrictMode(19213): 	at android.app.ActivityThread.main(ActivityThread.java:5137)
D/StrictMode(19213): 	at java.lang.reflect.Method.invokeNative(Native Method)
D/StrictMode(19213): 	at java.lang.reflect.Method.invoke(Method.java:515)
D/StrictMode(19213): 	at com.android.internal.os.ZygoteInit$MethodAndArgsCaller.run(ZygoteInit.java:795)
D/StrictMode(19213): 	at com.android.internal.os.ZygoteInit.main(ZygoteInit.java:611)
D/StrictMode(19213): 	at dalvik.system.NativeStart.main(Native Method)
D/StrictMode(19213): StrictMode policy violation; ~duration=302 ms: android.os.StrictMode$StrictModeDiskReadViolation: policy=31 violation=2
D/StrictMode(19213): 	at android.os.StrictMode$AndroidBlockGuardPolicy.onReadFromDisk(StrictMode.java:1135)
D/StrictMode(19213): 	at libcore.io.BlockGuardOs.open(BlockGuardOs.java:106)
D/StrictMode(19213): 	at libcore.io.IoBridge.open(IoBridge.java:393)
D/StrictMode(19213): 	at java.io.FileInputStream.<init>(FileInputStream.java:78)
D/StrictMode(19213): 	at android.app.ContextImpl.openFileInput(ContextImpl.java:845)
D/StrictMode(19213): 	at android.content.ContextWrapper.openFileInput(ContextWrapper.java:179)
D/StrictMode(19213): 	at com.google.android.apps.gmm.shared.f.h.a(PG:150)
D/StrictMode(19213): 	at com.google.android.apps.gmm.shared.net.g.a(PG:594)
D/StrictMode(19213): 	at com.google.android.apps.gmm.map.m.f.a(PG:321)
D/StrictMode(19213): 	at com.google.android.apps.gmm.base.app.d.a(PG:1100)
D/StrictMode(19213): 	at com.google.android.apps.gmm.base.app.d.<init>(PG:561)
D/StrictMode(19213): 	at com.google.android.apps.gmm.base.app.GoogleMapsApplication.a(PG:156)
D/StrictMode(19213): 	at com.google.android.apps.gmm.base.app.GoogleMapsApplication.onCreate(PG:111)
D/StrictMode(19213): 	at android.app.Instrumentation.callApplicationOnCreate(Instrumentation.java:1007)
D/StrictMode(19213): 	at android.app.ActivityThread.handleBindApplication(ActivityThread.java:4464)
D/StrictMode(19213): 	at android.app.ActivityThread.access$1500(ActivityThread.java:145)
D/StrictMode(19213): 	at android.app.ActivityThread$H.handleMessage(ActivityThread.java:1266)
D/StrictMode(19213): 	at android.os.Handler.dispatchMessage(Handler.java:102)
D/StrictMode(19213): 	at android.os.Looper.loop(Looper.java:136)
D/StrictMode(19213): 	at android.app.ActivityThread.main(ActivityThread.java:5137)
D/StrictMode(19213): 	at java.lang.reflect.Method.invokeNative(Native Method)
D/StrictMode(19213): 	at java.lang.reflect.Method.invoke(Method.java:515)
D/StrictMode(19213): 	at com.android.internal.os.ZygoteInit$MethodAndArgsCaller.run(ZygoteInit.java:795)
D/StrictMode(19213): 	at com.android.internal.os.ZygoteInit.main(ZygoteInit.java:611)
D/StrictMode(19213): 	at dalvik.system.NativeStart.main(Native Method)
D/StrictMode(19213): StrictMode policy violation; ~duration=299 ms: android.os.StrictMode$StrictModeDiskReadViolation: policy=31 violation=2
D/StrictMode(19213): 	at android.os.StrictMode$AndroidBlockGuardPolicy.onReadFromDisk(StrictMode.java:1135)
D/StrictMode(19213): 	at libcore.io.BlockGuardOs.read(BlockGuardOs.java:148)
D/StrictMode(19213): 	at libcore.io.IoBridge.read(IoBridge.java:425)
D/StrictMode(19213): 	at java.io.FileInputStream.read(FileInputStream.java:179)
D/StrictMode(19213): 	at java.io.BufferedInputStream.read(BufferedInputStream.java:283)
D/StrictMode(19213): 	at java.io.DataInputStream.read(DataInputStream.java:63)
D/StrictMode(19213): 	at com.google.r.j.c(PG:1152)
D/StrictMode(19213): 	at com.google.r.j.a(PG:121)
D/StrictMode(19213): 	at com.google.v.b.a.dv.<init>(PG:24)
D/StrictMode(19213): 	at com.google.v.b.a.dw.b(PG:68)
D/StrictMode(19213): 	at com.google.v.b.a.dw.a(PG:62)
D/StrictMode(19213): 	at com.google.r.e.a(PG:170)
D/StrictMode(19213): 	at com.google.r.e.b(PG:21)
D/StrictMode(19213): 	at com.google.android.apps.gmm.shared.f.h.a(PG:151)
D/StrictMode(19213): 	at com.google.android.apps.gmm.shared.net.g.a(PG:594)
D/StrictMode(19213): 	at com.google.android.apps.gmm.map.m.f.a(PG:321)
D/StrictMode(19213): 	at com.google.android.apps.gmm.base.app.d.a(PG:1100)
D/StrictMode(19213): 	at com.google.android.apps.gmm.base.app.d.<init>(PG:561)
D/StrictMode(19213): 	at com.google.android.apps.gmm.base.app.GoogleMapsApplication.a(PG:156)
D/StrictMode(19213): 	at com.google.android.apps.gmm.base.app.GoogleMapsApplication.onCreate(PG:111)
D/StrictMode(19213): 	at android.app.Instrumentation.callApplicationOnCreate(Instrumentation.java:1007)
D/StrictMode(19213): 	at android.app.ActivityThread.handleBindApplication(ActivityThread.java:4464)
D/StrictMode(19213): 	at android.app.ActivityThread.access$1500(ActivityThread.java:145)
D/StrictMode(19213): 	at android.app.ActivityThread$H.handleMessage(ActivityThread.java:1266)
D/StrictMode(19213): 	at android.os.Handler.dispatchMessage(Handler.java:102)
D/StrictMode(19213): 	at android.os.Looper.loop(Looper.java:136)
D/StrictMode(19213): 	at android.app.ActivityThread.main(ActivityThread.java:5137)
D/StrictMode(19213): 	at java.lang.reflect.Method.invokeNative(Native Method)
D/StrictMode(19213): 	at java.lang.reflect.Method.invoke(Method.java:515)
D/StrictMode(19213): 	at com.android.internal.os.ZygoteInit$MethodAndArgsCaller.run(ZygoteInit.java:795)
D/StrictMode(19213): 	at com.android.internal.os.ZygoteInit.main(ZygoteInit.java:611)
D/StrictMode(19213): 	at dalvik.system.NativeStart.main(Native Method)
D/StrictMode(19213): StrictMode policy violation; ~duration=296 ms: android.os.StrictMode$StrictModeDiskReadViolation: policy=31 violation=2
D/StrictMode(19213): 	at android.os.StrictMode$AndroidBlockGuardPolicy.onReadFromDisk(StrictMode.java:1135)
D/StrictMode(19213): 	at libcore.io.BlockGuardOs.read(BlockGuardOs.java:148)
D/StrictMode(19213): 	at libcore.io.IoBridge.read(IoBridge.java:425)
D/StrictMode(19213): 	at java.io.FileInputStream.read(FileInputStream.java:179)
D/StrictMode(19213): 	at java.io.BufferedInputStream.read(BufferedInputStream.java:283)
D/StrictMode(19213): 	at java.io.DataInputStream.read(DataInputStream.java:63)
D/StrictMode(19213): 	at com.google.r.j.c(PG:1152)
D/StrictMode(19213): 	at com.google.r.j.b(PG:1234)
D/StrictMode(19213): 	at com.google.r.j.g(PG:548)
D/StrictMode(19213): 	at com.google.v.b.a.dv.<init>(PG:43)
D/StrictMode(19213): 	at com.google.v.b.a.dw.b(PG:68)
D/StrictMode(19213): 	at com.google.v.b.a.dw.a(PG:62)
D/StrictMode(19213): 	at com.google.r.e.a(PG:170)
D/StrictMode(19213): 	at com.google.r.e.b(PG:21)
D/StrictMode(19213): 	at com.google.android.apps.gmm.shared.f.h.a(PG:151)
D/StrictMode(19213): 	at com.google.android.apps.gmm.shared.net.g.a(PG:594)
D/StrictMode(19213): 	at com.google.android.apps.gmm.map.m.f.a(PG:321)
D/StrictMode(19213): 	at com.google.android.apps.gmm.base.app.d.a(PG:1100)
D/StrictMode(19213): 	at com.google.android.apps.gmm.base.app.d.<init>(PG:561)
D/StrictMode(19213): 	at com.google.android.apps.gmm.base.app.GoogleMapsApplication.a(PG:156)
D/StrictMode(19213): 	at com.google.android.apps.gmm.base.app.GoogleMapsApplication.onCreate(PG:111)
D/StrictMode(19213): 	at android.app.Instrumentation.callApplicationOnCreate(Instrumentation.java:1007)
D/StrictMode(19213): 	at android.app.ActivityThread.handleBindApplication(ActivityThread.java:4464)
D/StrictMode(19213): 	at android.app.ActivityThread.access$1500(ActivityThread.java:145)
D/StrictMode(19213): 	at android.app.ActivityThread$H.handleMessage(ActivityThread.java:1266)
D/StrictMode(19213): 	at android.os.Handler.dispatchMessage(Handler.java:102)
D/StrictMode(19213): 	at android.os.Looper.loop(Looper.java:136)
D/StrictMode(19213): 	at android.app.ActivityThread.main(ActivityThread.java:5137)
D/StrictMode(19213): 	at java.lang.reflect.Method.invokeNative(Native Method)
D/StrictMode(19213): 	at java.lang.reflect.Method.invoke(Method.java:515)
D/StrictMode(19213): 	at com.android.internal.os.ZygoteInit$MethodAndArgsCaller.run(ZygoteInit.java:795)
D/StrictMode(19213): 	at com.android.internal.os.ZygoteInit.main(ZygoteInit.java:611)
D/StrictMode(19213): 	at dalvik.system.NativeStart.main(Native Method)
I/dalvikvm(19213): Could not find method android.os.PowerManager.isPowerSaveMode, referenced from method com.google.android.apps.gmm.iamhere.ble.l.b
W/dalvikvm(19213): VFY: unable to resolve virtual method 1271: Landroid/os/PowerManager;.isPowerSaveMode ()Z
D/dalvikvm(19213): VFY: replacing opcode 0x6e at 0x0072
D/BluetoothManagerService(  678): Message: 20
D/BluetoothManagerService(  678): Added callback: android.bluetooth.IBluetoothManagerCallback$Stub$Proxy@423a3220:true
V/Zygote  (19242): Switching descriptor 33 to /dev/null
V/Zygote  (19242): Switching descriptor 10 to /dev/null
I/ActivityManager(  678): Start proc com.google.android.gms.wearable for service com.google.android.gms/.wearable.service.WearableService: pid=19242 uid=10065 gids={50065, 3003, 1007, 1028, 1015, 1006, 3002, 3001, 3007, 2001, 3006}
D/BluetoothAdapter(18439): 1110357872: getState() :  mService = null. Returning STATE_OFF
D/BluetoothManagerService(  678): Message: 30
W/ContextImpl(18439): Calling a method in the system process without a qualified user: android.app.ContextImpl.bindService:1608 android.content.ContextWrapper.bindService:517 android.bluetooth.BluetoothInputDevice.doBind:256 android.bluetooth.BluetoothInputDevice.<init>:249 android.bluetooth.BluetoothAdapter.getProfileProxy:1375 
D/BluetoothManagerService(  678): Message: 30
D/LocalBluetoothProfileManager(18439): Adding local MAP profile
D/BluetoothMap(18439): Create BluetoothMap proxy object
D/BluetoothManagerService(  678): Message: 30
W/ContextImpl(18439): Calling a method in the system process without a qualified user: android.app.ContextImpl.bindService:1608 android.content.ContextWrapper.bindService:517 android.bluetooth.BluetoothPan.doBind:148 android.bluetooth.BluetoothPan.<init>:141 android.bluetooth.BluetoothAdapter.getProfileProxy:1378 
D/BluetoothManagerService(  678): Message: 30
W/ContextImpl(18439): Calling a method in the system process without a qualified user: android.app.ContextImpl.bindService:1608 android.content.ContextWrapper.bindService:517 android.bluetooth.BluetoothMap.doBind:109 android.bluetooth.BluetoothMap.<init>:102 android.bluetooth.BluetoothAdapter.getProfileProxy:1390 
W/ContextImpl(18439): Calling a method in the system process without a qualified user: android.app.ContextImpl.bindService:1608 android.content.ContextWrapper.bindService:517 android.bluetooth.BluetoothPbap.doBind:164 android.bluetooth.BluetoothPbap.<init>:157 com.android.settings.bluetooth.PbapServerProfile.<init>:68 
D/LocalBluetoothProfileManager(18439): LocalBluetoothProfileManager construction complete
D/BluetoothAdapter(18439): 1110357872: getState() :  mService = null. Returning STATE_OFF
D/BluetoothAdapter(18439): 1110357872: getState() :  mService = null. Returning STATE_OFF
I/Timeline(18439): Timeline: Activity_idle id: android.os.BinderProxy@42238788 time:7585500
I/dalvikvm(19213): Could not find method android.content.pm.PackageManager.getPackageInstaller, referenced from method com.google.android.gms.common.f.c
W/dalvikvm(19213): VFY: unable to resolve virtual method 564: Landroid/content/pm/PackageManager;.getPackageInstaller ()Landroid/content/pm/PackageInstaller;
D/dalvikvm(19213): VFY: replacing opcode 0x6e at 0x0011
D/GCM     ( 2567): GcmService start Intent { act=com.google.android.gms.INITIALIZE flg=0x10 pkg=com.google.android.gms cmp=com.google.android.gms/.gcm.GcmService } com.google.android.gms.INITIALIZE
D/AuthorizationBluetoothService( 2567): Received GmsCore event: Intent { act=com.google.android.gms.INITIALIZE flg=0x10 pkg=com.google.android.gms cmp=com.google.android.gms/.auth.be.proximity.authorization.bt.AuthorizationBluetoothService$AutoStarter }.
E/AuthorizationBluetoothService( 2567): Proximity feature is not enabled.
V/GmsCoreStatsServiceLauncher(14185): Received broadcast intent Intent { act=com.google.android.gms.INITIALIZE flg=0x10 pkg=com.google.android.gms cmp=com.google.android.gms/.common.stats.GmsCoreStatsServiceLauncher }
I/GCoreUlr( 2551): WorldUpdater:android.location.PROVIDERS_CHANGED: Ensuring that reporting is stopped because of reasons: {account#-3#=[InactiveReason{mVersionCode=0, mIdentifier=6, mName='ReportingNotEnabled'}]}
I/GCoreNlp( 2551): shouldConfirmNlp, NLP off. Ensuring opt-in disabled
I/GCoreUlr( 2551): Unbound from all location providers
D/ActivityThread(19242): handleBindApplication:com.google.android.gms.wearable
D/ActivityThread(19242): setTargetHeapUtilization:0.75
D/ActivityThread(19242): setTargetHeapMinFree:2097152
D/LocationInitializer(14185): Restart initialization of location
I/ActivityManager(  678): Process com.google.android.apps.maps (pid 19213) has died.
I/GCoreUlr( 2551): Starting service, intent=Intent { act=com.google.android.location.reporting.ACTION_UPDATE_WORLD cmp=com.google.android.gms/com.google.android.location.reporting.service.DispatchingService (has extras) }, extras=Bundle[{receiverAction=android.location.PROVIDERS_CHANGED}]
V/Zygote  (19258): Switching descriptor 33 to /dev/null
V/Zygote  (19258): Switching descriptor 10 to /dev/null
I/ActivityManager(  678): Start proc com.google.android.apps.maps for broadcast com.google.android.apps.maps/com.google.android.apps.gmm.iamhere.ble.StartBleServiceReceiver: pid=19258 uid=10076 gids={50076, 3003, 1028, 1015, 3002, 3001}
W/dalvikvm(19242): VFY: unable to resolve static field 658 (PR_SET_DUMPABLE) in Landroid/system/OsConstants;
D/dalvikvm(19242): VFY: replacing opcode 0x60 at 0x000b
I/MultiDex(19242): VM with version 1.6.0 does not have multidex support
I/MultiDex(19242): install
I/MultiDex(19242): MultiDexExtractor.load(/system/priv-app/PrebuiltGmsCore.apk, false)
I/MultiDex(19242): loading existing secondary dex files
I/MultiDex(19242): load found 3 secondary dex files
D/ActivityThread(19258): handleBindApplication:com.google.android.apps.maps
D/ActivityThread(19258): setTargetHeapUtilization:0.75
D/ActivityThread(19258): setTargetHeapMinFree:2097152
I/MultiDex(19242): install done
I/ProviderInstaller(19242): Insert disabled by gate 'gms:security:enable_conscrypt_in_gms_application'
I/dalvikvm(19242): Could not find method android.os.UserManager.getUserProfiles, referenced from method com.google.android.gms.wearable.service.aa.a
W/dalvikvm(19242): VFY: unable to resolve virtual method 1178: Landroid/os/UserManager;.getUserProfiles ()Ljava/util/List;
D/dalvikvm(19242): VFY: replacing opcode 0x6e at 0x0045
W/ContextImpl(18439): Calling a method in the system process without a qualified user: android.app.ContextImpl.sendBroadcast:1202 android.content.ContextWrapper.sendBroadcast:370 com.android.settings.location.LocationSettingsBase.sendModeChangingIntent:101 com.android.settings.location.LocationSettingsBase.setLocationMode:93 com.android.settings.location.LocationMode.onRadioButtonClicked:104 
I/ActivityManager(  678): Process com.google.android.gms.ui (pid 19190) has died.
D/AudioHardwareMSM8660(  275): Bufsize 4800
D/AudioHardwareMSM8660(  275): SampleRate 44.1k
W/AudioTrack(  678): AUDIO_OUTPUT_FLAG_FAST denied by client due to mismatching sample rate (48000 vs 44100)
E/dalvikvm(19242): Could not find class 'android.telecom.TelecomManager', referenced from method com.google.android.gms.wearable.service.o.a
W/dalvikvm(19242): VFY: unable to resolve check-cast 461 (Landroid/telecom/TelecomManager;) in Lcom/google/android/gms/wearable/service/o;
D/dalvikvm(19242): VFY: replacing opcode 0x1f at 0x0056
D/AudioFlinger(  275): start(4099), calling pid 678 session 201
D/AudioFlinger(  275): ? => ACTIVE (4099) on thread 0x41270a68
W/dalvikvm(19242): VFY: unable to find class referenced in signature (Landroid/telecom/TelecomManager;)
D/AudioHardwareMSM8660(  275): outputDevices = 2
I/AudioHardwareMSM8660(  275): Routing audio to Speakerphone (out_speaker case)
I/dalvikvm(19242): Could not find method android.content.pm.PackageManager.getPackageInstaller, referenced from method com.google.android.gms.common.ff.a
W/dalvikvm(19242): VFY: unable to resolve virtual method 479: Landroid/content/pm/PackageManager;.getPackageInstaller ()Landroid/content/pm/PackageInstaller;
D/dalvikvm(19242): VFY: replacing opcode 0x6e at 0x000d
D/AudioHardwareMSM8660(  275): Bufsize 4800
D/AudioHardwareMSM8660(  275): SampleRate 44.1k
D/AudioHardwareMSM8660(  275): Bufsize 4800
D/AudioHardwareMSM8660(  275): SampleRate 44.1k
D/AudioHardwareMSM8660(  275): Bufsize 4800
D/AudioHardwareMSM8660(  275): SampleRate 44.1k
V/GmsNetworkLocationProvi( 2551): ENABLE
E/MDM     ( 2551): [237] b.run: Couldn't connect to Google API client: ConnectionResult{statusCode=API_UNAVAILABLE, resolution=null}
D/AudioHardwareMSM8660(  275): Bufsize 4800
D/AudioHardwareMSM8660(  275): SampleRate 44.1k
V/GmsNetworkLocationProvi( 2551): onSetRequest: ProviderRequestUnbundled, reportLocation is true and interval is 86400000
V/GmsNetworkLocationProvi( 2551): SET-REQUEST
V/GmsNetworkLocationProvi( 2551): in Handler: ProviderRequestUnbundled, reportLocation is true and interval is 86400000
D/AudioHardwareMSM8660(  275): Bufsize 4800
D/AudioHardwareMSM8660(  275): SampleRate 44.1k
I/GCoreUlr( 2551): WorldUpdater received intent Intent { act=com.google.android.location.reporting.ACTION_UPDATE_WORLD cmp=com.google.android.gms/com.google.android.location.reporting.service.DispatchingService (has extras) } with receiverAction android.location.PROVIDERS_CHANGED
W/ActivityThread(19258): ClassLoader.loadClass: The class loader returned by Thread.getContextClassLoader() may fail for processes that host multiple applications. You should explicitly specify a context class loader. For example: Thread.setContextClassLoader(getClass().getClassLoader());
D/StrictMode(19258): StrictMode policy violation; ~duration=453 ms: android.os.StrictMode$StrictModeDiskReadViolation: policy=31 violation=2
D/StrictMode(19258): 	at android.os.StrictMode$AndroidBlockGuardPolicy.onReadFromDisk(StrictMode.java:1135)
D/StrictMode(19258): 	at libcore.io.BlockGuardOs.open(BlockGuardOs.java:106)
D/StrictMode(19258): 	at libcore.io.IoUtils.canOpenReadOnly(IoUtils.java:163)
D/StrictMode(19258): 	at dalvik.system.DexPathList.findLibrary(DexPathList.java:384)
D/StrictMode(19258): 	at dalvik.system.BaseDexClassLoader.findLibrary(BaseDexClassLoader.java:77)
D/StrictMode(19258): 	at java.lang.Runtime.loadLibrary(Runtime.java:356)
D/StrictMode(19258): 	at java.lang.System.loadLibrary(System.java:526)
D/StrictMode(19258): 	at com.google.android.libraries.social.jni.crashreporter.NativeCrashHandler.a(PG:189)
D/StrictMode(19258): 	at com.google.android.libraries.social.jni.crashreporter.NativeCrashHandler.a(PG:87)
D/StrictMode(19258): 	at com.google.android.apps.gmm.base.app.d.<init>(PG:545)
D/StrictMode(19258): 	at com.google.android.apps.gmm.base.app.GoogleMapsApplication.a(PG:156)
D/StrictMode(19258): 	at com.google.android.apps.gmm.base.app.GoogleMapsApplication.onCreate(PG:111)
D/StrictMode(19258): 	at android.app.Instrumentation.callApplicationOnCreate(Instrumentation.java:1007)
D/StrictMode(19258): 	at android.app.ActivityThread.handleBindApplication(ActivityThread.java:4464)
D/StrictMode(19258): 	at android.app.ActivityThread.access$1500(ActivityThread.java:145)
D/StrictMode(19258): 	at android.app.ActivityThread$H.handleMessage(ActivityThread.java:1266)
D/StrictMode(19258): 	at android.os.Handler.dispatchMessage(Handler.java:102)
D/StrictMode(19258): 	at android.os.Looper.loop(Looper.java:136)
D/StrictMode(19258): 	at android.app.ActivityThread.main(ActivityThread.java:5137)
D/StrictMode(19258): 	at java.lang.reflect.Method.invokeNative(Native Method)
D/StrictMode(19258): 	at java.lang.reflect.Method.invoke(Method.java:515)
D/StrictMode(19258): 	at com.android.internal.os.ZygoteInit$MethodAndArgsCaller.run(ZygoteInit.java:795)
D/StrictMode(19258): 	at com.android.internal.os.ZygoteInit.main(ZygoteInit.java:611)
D/StrictMode(19258): 	at dalvik.system.NativeStart.main(Native Method)
D/StrictMode(19258): StrictMode policy violation; ~duration=439 ms: android.os.StrictMode$StrictModeDiskReadViolation: policy=31 violation=2
D/StrictMode(19258): 	at android.os.StrictMode$AndroidBlockGuardPolicy.onReadFromDisk(StrictMode.java:1135)
D/StrictMode(19258): 	at android.app.SharedPreferencesImpl.awaitLoadedLocked(SharedPreferencesImpl.java:203)
D/StrictMode(19258): 	at android.app.SharedPreferencesImpl.getBoolean(SharedPreferencesImpl.java:260)
D/StrictMode(19258): 	at android.preference.PreferenceManager.setDefaultValues(PreferenceManager.java:481)
D/StrictMode(19258): 	at com.google.android.apps.gmm.shared.d.a.a(PG:1010)
D/StrictMode(19258): 	at com.google.android.apps.gmm.base.app.d.a(PG:1101)
D/StrictMode(19258): 	at com.google.android.apps.gmm.base.app.d.<init>(PG:561)
D/StrictMode(19258): 	at com.google.android.apps.gmm.base.app.GoogleMapsApplication.a(PG:156)
D/StrictMode(19258): 	at com.google.android.apps.gmm.base.app.GoogleMapsApplication.onCreate(PG:111)
D/StrictMode(19258): 	at android.app.Instrumentation.callApplicationOnCreate(Instrumentation.java:1007)
D/StrictMode(19258): 	at android.app.ActivityThread.handleBindApplication(ActivityThread.java:4464)
D/StrictMode(19258): 	at android.app.ActivityThread.access$1500(ActivityThread.java:145)
D/StrictMode(19258): 	at android.app.ActivityThread$H.handleMessage(ActivityThread.java:1266)
D/StrictMode(19258): 	at android.os.Handler.dispatchMessage(Handler.java:102)
D/StrictMode(19258): 	at android.os.Looper.loop(Looper.java:136)
D/StrictMode(19258): 	at android.app.ActivityThread.main(ActivityThread.java:5137)
D/StrictMode(19258): 	at java.lang.reflect.Method.invokeNative(Native Method)
D/StrictMode(19258): 	at java.lang.reflect.Method.invoke(Method.java:515)
