W/dalvikvm(19790): VFY: unable to find class referenced in signature (Lzt;)
W/dalvikvm(19790): VFY: unable to find class referenced in signature (Lzt;)
W/dalvikvm(19790): VFY: unable to find class referenced in signature (Lzt;)
W/dalvikvm(19790): VFY: unable to find class referenced in signature (Lzt;)
W/dalvikvm(19790): VFY: unable to find class referenced in signature (Lzt;)
W/dalvikvm(19790): VFY: unable to find class referenced in signature (Lzt;)
W/dalvikvm(19790): VFY: unable to find class referenced in signature (Lzt;)
E/dalvikvm(19790): Could not find class 'android.app.Notification$Action$Builder', referenced from method b.a
W/dalvikvm(19790): VFY: unable to resolve new-instance 302 (Landroid/app/Notification$Action$Builder;) in Lb;
D/dalvikvm(19790): VFY: replacing opcode 0x22 at 0x0000
W/dalvikvm(19790): Unable to resolve superclass of Lar; (689)
W/dalvikvm(19790): Link of class 'Lar;' failed
E/dalvikvm(19790): Could not find class 'ar', referenced from method b.a
W/dalvikvm(19790): VFY: unable to resolve new-instance 999 (Lar;) in Lb;
D/dalvikvm(19790): VFY: replacing opcode 0x22 at 0x0006
W/dalvikvm(19790): Unable to resolve superclass of Lat; (689)
W/dalvikvm(19790): Link of class 'Lat;' failed
E/dalvikvm(19790): Could not find class 'at', referenced from method b.a
W/dalvikvm(19790): VFY: unable to resolve new-instance 1053 (Lat;) in Lb;
D/dalvikvm(19790): VFY: replacing opcode 0x22 at 0x002a
I/dalvikvm(19790): Could not find method android.view.ViewGroup.isTransitionGroup, referenced from method b.a
W/dalvikvm(19790): VFY: unable to resolve virtual method 4388: Landroid/view/ViewGroup;.isTransitionGroup ()Z
D/dalvikvm(19790): VFY: replacing opcode 0x6e at 0x000c
I/dalvikvm(19790): Could not find method android.view.View.getTransitionName, referenced from method b.a
W/dalvikvm(19790): VFY: unable to resolve virtual method 4205: Landroid/view/View;.getTransitionName ()Ljava/lang/String;
D/dalvikvm(19790): VFY: replacing opcode 0x6e at 0x0006
I/GCoreUlr( 2551): WorldUpdater:android.intent.action.ACTION_POWER_DISCONNECTED: Ensuring that reporting is stopped because of reasons: {account#-3#=[InactiveReason{mVersionCode=0, mIdentifier=6, mName='ReportingNotEnabled'}]}
I/GCoreUlr( 2551): Unbound from all location providers
W/dalvikvm(19790): VFY: unable to find class referenced in signature ([Landroid/app/RemoteInput;)
E/dalvikvm(19790): Could not find class 'android.app.RemoteInput[]', referenced from method b.a
W/dalvikvm(19790): VFY: unable to resolve new-array 12606 ([Landroid/app/RemoteInput;) in Lb;
D/dalvikvm(19790): VFY: replacing opcode 0x23 at 0x0005
D/dalvikvm(19790): DexOpt: unable to opt direct call 0x0530 at 0x0e in Lb;.a
D/dalvikvm(19790): DexOpt: unable to opt direct call 0x08a4 at 0x0e in Lb;.a
D/dalvikvm(19790): DexOpt: unable to opt direct call 0x0530 at 0x0e in Lb;.a
W/dalvikvm(19790): Unable to resolve superclass of Lar; (689)
W/dalvikvm(19790): Link of class 'Lar;' failed
D/dalvikvm(19790): DexOpt: unable to opt direct call 0x177c at 0x08 in Lb;.a
W/dalvikvm(19790): Unable to resolve superclass of Lat; (689)
W/dalvikvm(19790): Link of class 'Lat;' failed
D/dalvikvm(19790): DexOpt: unable to opt direct call 0x1846 at 0x2c in Lb;.a
D/dalvikvm(19790): DexOpt: unable to opt direct call 0x0587 at 0x13 in Lb;.a
I/GCoreUlr( 2551): DispatchingService.onDestroy()
I/GCoreUlr( 2551): Unbound from all location providers
V/Zygote  (19809): Switching descriptor 33 to /dev/null
V/Zygote  (19809): Switching descriptor 10 to /dev/null
I/ActivityManager(  678): Start proc android.process.acore for content provider com.android.providers.contacts/.ContactsProvider2: pid=19809 uid=10003 gids={50003, 3003, 1028, 1015}
V/Zygote  (19823): Switching descriptor 33 to /dev/null
V/Zygote  (19823): Switching descriptor 10 to /dev/null
I/ActivityManager(  678): Start proc com.google.android.googlequicksearchbox:search for broadcast com.google.android.googlequicksearchbox/com.google.android.search.core.UdcSettingBroadcastReceiver: pid=19823 uid=10068 gids={50068, 3003, 1028, 3002, 1015}
I/dalvikvm(19790): Could not find method android.content.Context.getDrawable, referenced from method c.a
W/dalvikvm(19790): VFY: unable to resolve virtual method 1545: Landroid/content/Context;.getDrawable (I)Landroid/graphics/drawable/Drawable;
D/dalvikvm(19790): VFY: replacing opcode 0x6e at 0x0006
D/ActivityThread(19809): handleBindApplication:android.process.acore
D/ActivityThread(19809): setTargetHeapUtilization:0.75
D/ActivityThread(19809): setTargetHeapMinFree:2097152
D/ActivityThread(19823): handleBindApplication:com.google.android.googlequicksearchbox:search
D/ActivityThread(19823): setTargetHeapUtilization:0.75
D/ActivityThread(19823): setTargetHeapMinFree:2097152
V/Zygote  (19842): Switching descriptor 33 to /dev/null
V/Zygote  (19842): Switching descriptor 10 to /dev/null
I/ActivityManager(  678): Start proc com.google.android.partnersetup for content provider com.google.android.partnersetup/.RlzAppProvider: pid=19842 uid=10063 gids={50063, 3003}
I/ContactLocale(19809): AddressBook Labels [en_US]: [, A, B, C, D, E, F, G, H, I, J, K, L, M, N, O, P, Q, R, S, T, U, V, W, X, Y, Z, , , , , , , , , , , , , , , , , , , , , , , , , , , , , , , , , , , , , , , , , , , , , , , , , , , , , , , , , , , , , , , , , , , , , , , , , , , , , , , , , , , , , , , , , , , , , , , , , , , , , , , , , , , , , , , , , , , , , , , , , , , , , , , , , , , , , , , , , , , , , , , , , , , , , , , , , , , , , , , , , , , , , , , , , , , , , , , , , , , , , , #, ]
D/ActivityThread(19842): handleBindApplication:com.google.android.partnersetup
D/ActivityThread(19842): setTargetHeapUtilization:0.75
D/ActivityThread(19842): setTargetHeapMinFree:2097152
I/dalvikvm(19823): Could not find method android.content.pm.PackageManager.getPackageInstaller, referenced from method com.google.android.gms.common.e.p
W/dalvikvm(19823): VFY: unable to resolve virtual method 901: Landroid/content/pm/PackageManager;.getPackageInstaller ()Landroid/content/pm/PackageInstaller;
D/dalvikvm(19823): VFY: replacing opcode 0x6e at 0x000b
V/Zygote  (19863): Switching descriptor 33 to /dev/null
V/Zygote  (19863): Switching descriptor 10 to /dev/null
I/ActivityManager(  678): Start proc com.google.android.apps.maps for broadcast com.google.android.apps.maps/com.google.android.apps.gmm.iamhere.ble.StartBleServiceReceiver: pid=19863 uid=10076 gids={50076, 3003, 1028, 1015, 3002, 3001}
I/ActivityManager(  678): Process com.google.android.apps.plus (pid 19790) has died.
D/ActivityThread(19863): handleBindApplication:com.google.android.apps.maps
D/ActivityThread(19863): setTargetHeapUtilization:0.75
D/ActivityThread(19863): setTargetHeapMinFree:2097152
D/AudioHardwareMSM8660(  275): Bufsize 4800
D/AudioHardwareMSM8660(  275): SampleRate 44.1k
W/AudioTrack(  678): AUDIO_OUTPUT_FLAG_FAST denied by client due to mismatching sample rate (48000 vs 44100)
D/AudioFlinger(  275): start(4098), calling pid 678 session 216
D/AudioFlinger(  275): ? => ACTIVE (4098) on thread 0x41270a68
D/AudioHardwareMSM8660(  275): outputDevices = 2
I/AudioHardwareMSM8660(  275): Routing audio to Speakerphone (out_speaker case)
D/AudioHardwareMSM8660(  275): SampleRate 44.1k
D/AudioHardwareMSM8660(  275): Bufsize 4800
E/AudioHardwareMSM8660(  275): write(): dec_id = 1 cur_rx = 2
E/AudioHardwareMSM8660(  275): cur_rx for pcm playback = 2
D/ACDB-LOADER(  275): ACDB -> send_audio_cal, acdb_id = 2, path =  0
D/ACDB-LOADER(  275): ACDB -> send_adm_topology
D/ACDB-LOADER(  275): ACDB -> ACDB_CMD_GET_AUDPROC_COMMON_TOPOLOGY_ID
D/ACDB-LOADER(  275): ACDB -> send_audtable
D/ACDB-LOADER(  275): ACDB samplerate = 256
D/ACDB-LOADER(  275): ACDB -> ACDB_CMD_GET_AUDPROC_COMMON_TABLE
D/ACDB-LOADER(  275): ACDB -> AUDIO_SET_AUDPROC_CAL
D/ACDB-LOADER(  275): ACDB -> send_audvoltable
D/ACDB-LOADER(  275): ACDB -> ACDB_CMD_GET_AUDPROC_GAIN_DEP_VOLTBL_STEP_COPP
D/ACDB-LOADER(  275): ACDB -> AUDIO_SET_AUDPROC_VOL_CAL
D/AudioHardwareMSM8660(  275): addToTable stream 1
D/AudioHardwareMSM8660(  275): Bufsize 4800
D/AudioHardwareMSM8660(  275): SampleRate 44.1k
D/AudioHardwareMSM8660(  275): Bufsize 4800
D/AudioHardwareMSM8660(  275): SampleRate 44.1k
D/AudioHardwareMSM8660(  275): Bufsize 4800
D/AudioHardwareMSM8660(  275): SampleRate 44.1k
D/AudioHardwareMSM8660(  275): Bufsize 4800
D/AudioHardwareMSM8660(  275): SampleRate 44.1k
D/AudioHardwareMSM8660(  275): Bufsize 4800
D/AudioHardwareMSM8660(  275): SampleRate 44.1k
D/StrictMode(19863): StrictMode policy violation; ~duration=563 ms: android.os.StrictMode$StrictModeDiskReadViolation: policy=31 violation=2
D/StrictMode(19863): 	at android.os.StrictMode$AndroidBlockGuardPolicy.onReadFromDisk(StrictMode.java:1135)
D/StrictMode(19863): 	at libcore.io.BlockGuardOs.open(BlockGuardOs.java:106)
D/StrictMode(19863): 	at libcore.io.IoUtils.canOpenReadOnly(IoUtils.java:163)
D/StrictMode(19863): 	at dalvik.system.DexPathList.findLibrary(DexPathList.java:384)
D/StrictMode(19863): 	at dalvik.system.BaseDexClassLoader.findLibrary(BaseDexClassLoader.java:77)
D/StrictMode(19863): 	at java.lang.Runtime.loadLibrary(Runtime.java:356)
D/StrictMode(19863): 	at java.lang.System.loadLibrary(System.java:526)
D/StrictMode(19863): 	at com.google.android.libraries.social.jni.crashreporter.NativeCrashHandler.a(PG:189)
D/StrictMode(19863): 	at com.google.android.libraries.social.jni.crashreporter.NativeCrashHandler.a(PG:87)
D/StrictMode(19863): 	at com.google.android.apps.gmm.base.app.d.<init>(PG:545)
D/StrictMode(19863): 	at com.google.android.apps.gmm.base.app.GoogleMapsApplication.a(PG:156)
D/StrictMode(19863): 	at com.google.android.apps.gmm.base.app.GoogleMapsApplication.onCreate(PG:111)
D/StrictMode(19863): 	at android.app.Instrumentation.callApplicationOnCreate(Instrumentation.java:1007)
D/StrictMode(19863): 	at android.app.ActivityThread.handleBindApplication(ActivityThread.java:4464)
D/StrictMode(19863): 	at android.app.ActivityThread.access$1500(ActivityThread.java:145)
D/StrictMode(19863): 	at android.app.ActivityThread$H.handleMessage(ActivityThread.java:1266)
D/StrictMode(19863): 	at android.os.Handler.dispatchMessage(Handler.java:102)
D/StrictMode(19863): 	at android.os.Looper.loop(Looper.java:136)
D/StrictMode(19863): 	at android.app.ActivityThread.main(ActivityThread.java:5137)
D/StrictMode(19863): 	at java.lang.reflect.Method.invokeNative(Native Method)
D/StrictMode(19863): 	at java.lang.reflect.Method.invoke(Method.java:515)
D/StrictMode(19863): 	at com.android.internal.os.ZygoteInit$MethodAndArgsCaller.run(ZygoteInit.java:795)
D/StrictMode(19863): 	at com.android.internal.os.ZygoteInit.main(ZygoteInit.java:611)
D/StrictMode(19863): 	at dalvik.system.NativeStart.main(Native Method)
D/StrictMode(19863): StrictMode policy violation; ~duration=550 ms: android.os.StrictMode$StrictModeDiskReadViolation: policy=31 violation=2
D/StrictMode(19863): 	at android.os.StrictMode$AndroidBlockGuardPolicy.onReadFromDisk(StrictMode.java:1135)
D/StrictMode(19863): 	at android.app.SharedPreferencesImpl.awaitLoadedLocked(SharedPreferencesImpl.java:203)
D/StrictMode(19863): 	at android.app.SharedPreferencesImpl.getBoolean(SharedPreferencesImpl.java:260)
D/StrictMode(19863): 	at android.preference.PreferenceManager.setDefaultValues(PreferenceManager.java:481)
D/StrictMode(19863): 	at com.google.android.apps.gmm.shared.d.a.a(PG:1010)
D/StrictMode(19863): 	at com.google.android.apps.gmm.base.app.d.a(PG:1101)
D/StrictMode(19863): 	at com.google.android.apps.gmm.base.app.d.<init>(PG:561)
D/StrictMode(19863): 	at com.google.android.apps.gmm.base.app.GoogleMapsApplication.a(PG:156)
D/StrictMode(19863): 	at com.google.android.apps.gmm.base.app.GoogleMapsApplication.onCreate(PG:111)
D/StrictMode(19863): 	at android.app.Instrumentation.callApplicationOnCreate(Instrumentation.java:1007)
D/StrictMode(19863): 	at android.app.ActivityThread.handleBindApplication(ActivityThread.java:4464)
D/StrictMode(19863): 	at android.app.ActivityThread.access$1500(ActivityThread.java:145)
D/StrictMode(19863): 	at android.app.ActivityThread$H.handleMessage(ActivityThread.java:1266)
D/StrictMode(19863): 	at android.os.Handler.dispatchMessage(Handler.java:102)
D/StrictMode(19863): 	at android.os.Looper.loop(Looper.java:136)
D/StrictMode(19863): 	at android.app.ActivityThread.main(ActivityThread.java:5137)
D/StrictMode(19863): 	at java.lang.reflect.Method.invokeNative(Native Method)
D/StrictMode(19863): 	at java.lang.reflect.Method.invoke(Method.java:515)
D/StrictMode(19863): 	at com.android.internal.os.ZygoteInit$MethodAndArgsCaller.run(ZygoteInit.java:795)
D/StrictMode(19863): 	at com.android.internal.os.ZygoteInit.main(ZygoteInit.java:611)
D/StrictMode(19863): 	at dalvik.system.NativeStart.main(Native Method)
D/StrictMode(19863): StrictMode policy violation; ~duration=540 ms: android.os.StrictMode$StrictModeDiskReadViolation: policy=31 violation=2
D/StrictMode(19863): 	at android.os.StrictMode$AndroidBlockGuardPolicy.onReadFromDisk(StrictMode.java:1135)
D/StrictMode(19863): 	at android.app.SharedPreferencesImpl.awaitLoadedLocked(SharedPreferencesImpl.java:203)
D/StrictMode(19863): 	at android.app.SharedPreferencesImpl.getInt(SharedPreferencesImpl.java:239)
D/StrictMode(19863): 	at com.google.android.apps.gmm.shared.d.a.a(PG:1108)
D/StrictMode(19863): 	at com.google.android.apps.gmm.shared.d.a.a(PG:1016)
D/StrictMode(19863): 	at com.google.android.apps.gmm.base.app.d.a(PG:1101)
D/StrictMode(19863): 	at com.google.android.apps.gmm.base.app.d.<init>(PG:561)
D/StrictMode(19863): 	at com.google.android.apps.gmm.base.app.GoogleMapsApplication.a(PG:156)
D/StrictMode(19863): 	at com.google.android.apps.gmm.base.app.GoogleMapsApplication.onCreate(PG:111)
D/StrictMode(19863): 	at android.app.Instrumentation.callApplicationOnCreate(Instrumentation.java:1007)
D/StrictMode(19863): 	at android.app.ActivityThread.handleBindApplication(ActivityThread.java:4464)
D/StrictMode(19863): 	at android.app.ActivityThread.access$1500(ActivityThread.java:145)
D/StrictMode(19863): 	at android.app.ActivityThread$H.handleMessage(ActivityThread.java:1266)
D/StrictMode(19863): 	at android.os.Handler.dispatchMessage(Handler.java:102)
D/StrictMode(19863): 	at android.os.Looper.loop(Looper.java:136)
D/StrictMode(19863): 	at android.app.ActivityThread.main(ActivityThread.java:5137)
D/StrictMode(19863): 	at java.lang.reflect.Method.invokeNative(Native Method)
D/StrictMode(19863): 	at java.lang.reflect.Method.invoke(Method.java:515)
D/StrictMode(19863): 	at com.android.internal.os.ZygoteInit$MethodAndArgsCaller.run(ZygoteInit.java:795)
D/StrictMode(19863): 	at com.android.internal.os.ZygoteInit.main(ZygoteInit.java:611)
D/StrictMode(19863): 	at dalvik.system.NativeStart.main(Native Method)
D/StrictMode(19863): StrictMode policy violation; ~duration=524 ms: android.os.StrictMode$StrictModeDiskReadViolation: policy=31 violation=2
D/StrictMode(19863): 	at android.os.StrictMode$AndroidBlockGuardPolicy.onReadFromDisk(StrictMode.java:1135)
D/StrictMode(19863): 	at libcore.io.BlockGuardOs.open(BlockGuardOs.java:106)
D/StrictMode(19863): 	at libcore.io.IoUtils.canOpenReadOnly(IoUtils.java:163)
D/StrictMode(19863): 	at dalvik.system.DexPathList.findLibrary(DexPathList.java:384)
D/StrictMode(19863): 	at dalvik.system.BaseDexClassLoader.findLibrary(BaseDexClassLoader.java:77)
D/StrictMode(19863): 	at java.lang.Runtime.loadLibrary(Runtime.java:356)
D/StrictMode(19863): 	at java.lang.System.loadLibrary(System.java:526)
D/StrictMode(19863): 	at com.google.android.apps.gmm.map.util.jni.NativeHelper.initialize(PG:42)
D/StrictMode(19863): 	at com.google.android.apps.gmm.map.m.f.<clinit>(PG:83)
D/StrictMode(19863): 	at com.google.android.apps.gmm.base.app.d.a(PG:1100)
D/StrictMode(19863): 	at com.google.android.apps.gmm.base.app.d.<init>(PG:561)
D/StrictMode(19863): 	at com.google.android.apps.gmm.base.app.GoogleMapsApplication.a(PG:156)
D/StrictMode(19863): 	at com.google.android.apps.gmm.base.app.GoogleMapsApplication.onCreate(PG:111)
D/StrictMode(19863): 	at android.app.Instrumentation.callApplicationOnCreate(Instrumentation.java:1007)
D/StrictMode(19863): 	at android.app.ActivityThread.handleBindApplication(ActivityThread.java:4464)
D/StrictMode(19863): 	at android.app.ActivityThread.access$1500(ActivityThread.java:145)
D/StrictMode(19863): 	at android.app.ActivityThread$H.handleMessage(ActivityThread.java:1266)
D/StrictMode(19863): 	at android.os.Handler.dispatchMessage(Handler.java:102)
D/StrictMode(19863): 	at android.os.Looper.loop(Looper.java:136)
D/StrictMode(19863): 	at android.app.ActivityThread.main(ActivityThread.java:5137)
D/StrictMode(19863): 	at java.lang.reflect.Method.invokeNative(Native Method)
D/StrictMode(19863): 	at java.lang.reflect.Method.invoke(Method.java:515)
D/StrictMode(19863): 	at com.android.internal.os.ZygoteInit$MethodAndArgsCaller.run(ZygoteInit.java:795)
D/StrictMode(19863): 	at com.android.internal.os.ZygoteInit.main(ZygoteInit.java:611)
D/StrictMode(19863): 	at dalvik.system.NativeStart.main(Native Method)
D/StrictMode(19863): StrictMode policy violation; ~duration=294 ms: android.os.StrictMode$StrictModeDiskReadViolation: policy=287 violation=2
D/StrictMode(19863): 	at android.os.StrictMode$AndroidBlockGuardPolicy.onReadFromDisk(StrictMode.java:1135)
D/StrictMode(19863): 	at android.database.sqlite.SQLiteConnection.applyBlockGuardPolicy(SQLiteConnection.java:1041)
D/StrictMode(19863): 	at android.database.sqlite.SQLiteConnection.executeForCursorWindow(SQLiteConnection.java:842)
D/StrictMode(19863): 	at android.database.sqlite.SQLiteSession.executeForCursorWindow(SQLiteSession.java:836)
D/StrictMode(19863): 	at android.database.sqlite.SQLiteQuery.fillWindow(SQLiteQuery.java:62)
D/StrictMode(19863): 	at android.database.sqlite.SQLiteCursor.fillWindow(SQLiteCursor.java:144)
D/StrictMode(19863): 	at android.database.sqlite.SQLiteCursor.getCount(SQLiteCursor.java:133)
D/StrictMode(19863): 	at android.database.CursorToBulkCursorAdaptor.getBulkCursorDescriptor(CursorToBulkCursorAdaptor.java:148)
D/StrictMode(19863): 	at android.content.ContentProviderNative.onTransact(ContentProviderNative.java:122)
D/StrictMode(19863): 	at android.os.Binder.execTransact(Binder.java:404)
D/StrictMode(19863): 	at dalvik.system.NativeStart.run(Native Method)
D/StrictMode(19863): # via Binder call with stack:
D/StrictMode(19863): android.os.StrictMode$LogStackTrace
D/StrictMode(19863): 	at android.os.StrictMode.readAndHandleBinderCallViolations(StrictMode.java:1705)
D/StrictMode(19863): 	at android.os.Parcel.readExceptionCode(Parcel.java:1447)
D/StrictMode(19863): 	at android.database.DatabaseUtils.readExceptionFromParcel(DatabaseUtils.java:134)
D/StrictMode(19863): 	at android.content.ContentProviderProxy.query(ContentProviderNative.java:420)
D/StrictMode(19863): 	at android.content.ContentResolver.query(ContentResolver.java:461)
D/StrictMode(19863): 	at android.content.ContentResolver.query(ContentResolver.java:404)
D/StrictMode(19863): 	at com.google.android.c.c.a(PG:87)
D/StrictMode(19863): 	at com.google.android.c.c.a(PG:107)
D/StrictMode(19863): 	at com.google.android.apps.gmm.shared.net.x.a(PG:336)
D/StrictMode(19863): 	at com.google.android.apps.gmm.shared.net.x.a(PG:179)
D/StrictMode(19863): 	at com.google.android.apps.gmm.map.m.o.a(PG:132)
D/StrictMode(19863): 	at com.google.b.a.bz.a(PG:125)
D/StrictMode(19863): 	at com.google.android.apps.gmm.map.m.f.a(PG:321)
D/StrictMode(19863): 	at com.google.android.apps.gmm.base.app.d.a(PG:1100)
D/StrictMode(19863): 	at com.google.android.apps.gmm.base.app.d.<init>(PG:561)
D/StrictMode(19863): 	at com.google.android.apps.gmm.base.app.GoogleMapsApplication.a(PG:156)
D/StrictMode(19863): 	at com.google.android.apps.gmm.base.app.GoogleMapsApplication.onCreate(PG:111)
D/StrictMode(19863): 	at android.app.Instrumentation.callApplicationOnCreate(Instrumentation.java:1007)
D/StrictMode(19863): 	at android.app.ActivityThread.handleBindApplication(ActivityThread.java:4464)
D/StrictMode(19863): 	at android.app.ActivityThread.access$1500(ActivityThread.java:145)
D/StrictMode(19863): 	at android.app.ActivityThread$H.handleMessage(ActivityThread.java:1266)
D/StrictMode(19863): 	at android.os.Handler.dispatchMessage(Handler.java:102)
D/StrictMode(19863): 	at android.os.Looper.loop(Looper.java:136)
D/StrictMode(19863): 	at android.app.ActivityThread.main(ActivityThread.java:5137)
D/StrictMode(19863): 	at java.lang.reflect.Method.invokeNative(Native Method)
D/StrictMode(19863): 	at java.lang.reflect.Method.invoke(Method.java:515)
D/StrictMode(19863): 	at com.android.internal.os.ZygoteInit$MethodAndArgsCaller.run(ZygoteInit.java:795)
D/StrictMode(19863): 	at com.android.internal.os.ZygoteInit.main(ZygoteInit.java:611)
D/StrictMode(19863): 	at dalvik.system.NativeStart.main(Native Method)
D/StrictMode(19863): StrictMode policy violation; ~duration=221 ms: android.os.StrictMode$StrictModeDiskReadViolation: policy=31 violation=2
D/StrictMode(19863): 	at android.os.StrictMode$AndroidBlockGuardPolicy.onReadFromDisk(StrictMode.java:1135)
D/StrictMode(19863): 	at libcore.io.BlockGuardOs.open(BlockGuardOs.java:106)
D/StrictMode(19863): 	at libcore.io.IoBridge.open(IoBridge.java:393)
D/StrictMode(19863): 	at java.io.FileInputStream.<init>(FileInputStream.java:78)
D/StrictMode(19863): 	at android.app.ContextImpl.openFileInput(ContextImpl.java:845)
D/StrictMode(19863): 	at android.content.ContextWrapper.openFileInput(ContextWrapper.java:179)
D/StrictMode(19863): 	at com.google.android.apps.gmm.shared.f.h.a(PG:150)
D/StrictMode(19863): 	at com.google.android.apps.gmm.shared.net.g.a(PG:594)
D/StrictMode(19863): 	at com.google.android.apps.gmm.map.m.f.a(PG:321)
D/StrictMode(19863): 	at com.google.android.apps.gmm.base.app.d.a(PG:1100)
D/StrictMode(19863): 	at com.google.android.apps.gmm.base.app.d.<init>(PG:561)
D/StrictMode(19863): 	at com.google.android.apps.gmm.base.app.GoogleMapsApplication.a(PG:156)
D/StrictMode(19863): 	at com.google.android.apps.gmm.base.app.GoogleMapsApplication.onCreate(PG:111)
D/StrictMode(19863): 	at android.app.Instrumentation.callApplicationOnCreate(Instrumentation.java:1007)
D/StrictMode(19863): 	at android.app.ActivityThread.handleBindApplication(ActivityThread.java:4464)
D/StrictMode(19863): 	at android.app.ActivityThread.access$1500(ActivityThread.java:145)
D/StrictMode(19863): 	at android.app.ActivityThread$H.handleMessage(ActivityThread.java:1266)
D/StrictMode(19863): 	at android.os.Handler.dispatchMessage(Handler.java:102)
D/StrictMode(19863): 	at android.os.Looper.loop(Looper.java:136)
D/StrictMode(19863): 	at android.app.ActivityThread.main(ActivityThread.java:5137)
D/StrictMode(19863): 	at java.lang.reflect.Method.invokeNative(Native Method)
D/StrictMode(19863): 	at java.lang.reflect.Method.invoke(Method.java:515)
D/StrictMode(19863): 	at com.android.internal.os.ZygoteInit$MethodAndArgsCaller.run(ZygoteInit.java:795)
D/StrictMode(19863): 	at com.android.internal.os.ZygoteInit.main(ZygoteInit.java:611)
D/StrictMode(19863): 	at dalvik.system.NativeStart.main(Native Method)
D/StrictMode(19863): StrictMode policy violation; ~duration=215 ms: android.os.StrictMode$StrictModeDiskReadViolation: policy=31 violation=2
D/StrictMode(19863): 	at android.os.StrictMode$AndroidBlockGuardPolicy.onReadFromDisk(StrictMode.java:1135)
D/StrictMode(19863): 	at libcore.io.BlockGuardOs.read(BlockGuardOs.java:148)
D/StrictMode(19863): 	at libcore.io.IoBridge.read(IoBridge.java:425)
D/StrictMode(19863): 	at java.io.FileInputStream.read(FileInputStream.java:179)
D/StrictMode(19863): 	at java.io.BufferedInputStream.read(BufferedInputStream.java:283)
D/StrictMode(19863): 	at java.io.DataInputStream.read(DataInputStream.java:63)
D/StrictMode(19863): 	at com.google.r.j.c(PG:1152)
D/StrictMode(19863): 	at com.google.r.j.a(PG:121)
D/StrictMode(19863): 	at com.google.v.b.a.dv.<init>(PG:24)
D/StrictMode(19863): 	at com.google.v.b.a.dw.b(PG:68)
D/StrictMode(19863): 	at com.google.v.b.a.dw.a(PG:62)
D/StrictMode(19863): 	at com.google.r.e.a(PG:170)
D/StrictMode(19863): 	at com.google.r.e.b(PG:21)
D/StrictMode(19863): 	at com.google.android.apps.gmm.shared.f.h.a(PG:151)
D/StrictMode(19863): 	at com.google.android.apps.gmm.shared.net.g.a(PG:594)
D/StrictMode(19863): 	at com.google.android.apps.gmm.map.m.f.a(PG:321)
D/StrictMode(19863): 	at com.google.android.apps.gmm.base.app.d.a(PG:1100)
D/StrictMode(19863): 	at com.google.android.apps.gmm.base.app.d.<init>(PG:561)
D/StrictMode(19863): 	at com.google.android.apps.gmm.base.app.GoogleMapsApplication.a(PG:156)
D/StrictMode(19863): 	at com.google.android.apps.gmm.base.app.GoogleMapsApplication.onCreate(PG:111)
D/StrictMode(19863): 	at android.app.Instrumentation.callApplicationOnCreate(Instrumentation.java:1007)
D/StrictMode(19863): 	at android.app.ActivityThread.handleBindApplication(ActivityThread.java:4464)
D/StrictMode(19863): 	at android.app.ActivityThread.access$1500(ActivityThread.java:145)
D/StrictMode(19863): 	at android.app.ActivityThread$H.handleMessage(ActivityThread.java:1266)
D/StrictMode(19863): 	at android.os.Handler.dispatchMessage(Handler.java:102)
D/StrictMode(19863): 	at android.os.Looper.loop(Looper.java:136)
D/StrictMode(19863): 	at android.app.ActivityThread.main(ActivityThread.java:5137)
D/StrictMode(19863): 	at java.lang.reflect.Method.invokeNative(Native Method)
D/StrictMode(19863): 	at java.lang.reflect.Method.invoke(Method.java:515)
D/StrictMode(19863): 	at com.android.internal.os.ZygoteInit$MethodAndArgsCaller.run(ZygoteInit.java:795)
D/StrictMode(19863): 	at com.android.internal.os.ZygoteInit.main(ZygoteInit.java:611)
D/StrictMode(19863): 	at dalvik.system.NativeStart.main(Native Method)
D/StrictMode(19863): StrictMode policy violation; ~duration=209 ms: android.os.StrictMode$StrictModeDiskReadViolation: policy=31 violation=2
D/StrictMode(19863): 	at android.os.StrictMode$AndroidBlockGuardPolicy.onReadFromDisk(StrictMode.java:1135)
D/StrictMode(19863): 	at libcore.io.BlockGuardOs.read(BlockGuardOs.java:148)
D/StrictMode(19863): 	at libcore.io.IoBridge.read(IoBridge.java:425)
D/StrictMode(19863): 	at java.io.FileInputStream.read(FileInputStream.java:179)
D/StrictMode(19863): 	at java.io.BufferedInputStream.read(BufferedInputStream.java:283)
D/StrictMode(19863): 	at java.io.DataInputStream.read(DataInputStream.java:63)
D/StrictMode(19863): 	at com.google.r.j.c(PG:1152)
D/StrictMode(19863): 	at com.google.r.j.b(PG:1234)
D/StrictMode(19863): 	at com.google.r.j.g(PG:548)
D/StrictMode(19863): 	at com.google.v.b.a.dv.<init>(PG:43)
D/StrictMode(19863): 	at com.google.v.b.a.dw.b(PG:68)
D/StrictMode(19863): 	at com.google.v.b.a.dw.a(PG:62)
D/StrictMode(19863): 	at com.google.r.e.a(PG:170)
D/StrictMode(19863): 	at com.google.r.e.b(PG:21)
D/StrictMode(19863): 	at com.google.android.apps.gmm.shared.f.h.a(PG:151)
D/StrictMode(19863): 	at com.google.android.apps.gmm.shared.net.g.a(PG:594)
D/StrictMode(19863): 	at com.google.android.apps.gmm.map.m.f.a(PG:321)
D/StrictMode(19863): 	at com.google.android.apps.gmm.base.app.d.a(PG:1100)
D/StrictMode(19863): 	at com.google.android.apps.gmm.base.app.d.<init>(PG:561)
D/StrictMode(19863): 	at com.google.android.apps.gmm.base.app.GoogleMapsApplication.a(PG:156)
D/StrictMode(19863): 	at com.google.android.apps.gmm.base.app.GoogleMapsApplication.onCreate(PG:111)
D/StrictMode(19863): 	at android.app.Instrumentation.callApplicationOnCreate(Instrumentation.java:1007)
D/StrictMode(19863): 	at android.app.ActivityThread.handleBindApplication(ActivityThread.java:4464)
D/StrictMode(19863): 	at android.app.ActivityThread.access$1500(ActivityThread.java:145)
D/StrictMode(19863): 	at android.app.ActivityThread$H.handleMessage(ActivityThread.java:1266)
D/StrictMode(19863): 	at android.os.Handler.dispatchMessage(Handler.java:102)
D/StrictMode(19863): 	at android.os.Looper.loop(Looper.java:136)
D/StrictMode(19863): 	at android.app.ActivityThread.main(ActivityThread.java:5137)
D/StrictMode(19863): 	at java.lang.reflect.Method.invokeNative(Native Method)
D/StrictMode(19863): 	at java.lang.reflect.Method.invoke(Method.java:515)
D/StrictMode(19863): 	at com.android.internal.os.ZygoteInit$MethodAndArgsCaller.run(ZygoteInit.java:795)
D/StrictMode(19863): 	at com.android.internal.os.ZygoteInit.main(ZygoteInit.java:611)
D/StrictMode(19863): 	at dalvik.system.NativeStart.main(Native Method)
I/dalvikvm(19863): Could not find method android.os.PowerManager.isPowerSaveMode, referenced from method com.google.android.apps.gmm.iamhere.ble.l.b
W/dalvikvm(19863): VFY: unable to resolve virtual method 1271: Landroid/os/PowerManager;.isPowerSaveMode ()Z
D/dalvikvm(19863): VFY: replacing opcode 0x6e at 0x0072
W/ActivityThread(19863): ClassLoader.loadClass: The class loader returned by Thread.getContextClassLoader() may fail for processes that host multiple applications. You should explicitly specify a context class loader. For example: Thread.setContextClassLoader(getClass().getClassLoader());
I/dalvikvm(19863): Could not find method android.content.pm.PackageManager.getPackageInstaller, referenced from method com.google.android.gms.common.f.c
W/dalvikvm(19863): VFY: unable to resolve virtual method 564: Landroid/content/pm/PackageManager;.getPackageInstaller ()Landroid/content/pm/PackageInstaller;
D/dalvikvm(19863): VFY: replacing opcode 0x6e at 0x0011
W/com.google.a.a.b.d.a(19863): Application name is not set. Call Builder#setApplicationName.
D/BluetoothManagerService(  678): Message: 20
D/BluetoothManagerService(  678): Added callback: android.bluetooth.IBluetoothManagerCallback$Stub$Proxy@42ed9e98:true
D/AudioHardwareMSM8660(  275): Bufsize 4800
D/AudioHardwareMSM8660(  275): SampleRate 44.1k
W/AudioTrack(  678): AUDIO_OUTPUT_FLAG_FAST denied by client due to mismatching sample rate (48000 vs 44100)
D/AudioFlinger(  275): start(4099), calling pid 678 session 217
D/AudioFlinger(  275): ? => ACTIVE (4099) on thread 0x411feae0
D/AudioHardwareMSM8660(  275): outputDevices = 2
I/AudioHardwareMSM8660(  275): Routing audio to Speakerphone (out_speaker case)
D/AudioHardwareMSM8660(  275): Bufsize 4800
D/AudioHardwareMSM8660(  275): SampleRate 44.1k
D/AudioHardwareMSM8660(  275): Bufsize 4800
D/AudioHardwareMSM8660(  275): SampleRate 44.1k
D/AudioHardwareMSM8660(  275): Bufsize 4800
D/AudioHardwareMSM8660(  275): SampleRate 44.1k
V/Herrevad(14185): NQAS connected
D/AudioHardwareMSM8660(  275): Bufsize 4800
D/AudioHardwareMSM8660(  275): SampleRate 44.1k
D/AudioHardwareMSM8660(  275): Bufsize 4800
D/AudioHardwareMSM8660(  275): SampleRate 44.1k
W/InputEventReceiver(19583): Attempted to finish an input event but the input event receiver has already been disposed.
I/Timeline(19583): Timeline: Activity_idle id: android.os.BinderProxy@42399450 time:7683264
I/Timeline(  678): Timeline: Activity_windows_visible id: ActivityRecord{42193ed8 u0 com.indooratlas.mapcreator.main/com.indooratlas.mapcreator.explorer.VenueDetailsActivity t26} time:7683549
D/AudioHardwareMSM8660(  275): deleteFromTable stream 1
D/AudioHardwareMSM8660(  275): updateDeviceInfo: E
D/AudioHardwareMSM8660(  275): simple device switch
D/AudioHardwareMSM8660(  275): Bufsize 4800
D/AudioHardwareMSM8660(  275): SampleRate 44.1k
W/AudioTrack(  678): AUDIO_OUTPUT_FLAG_FAST denied by client due to mismatching sample rate (48000 vs 44100)
D/AudioFlinger(  275): start(4098), calling pid 678 session 218
D/AudioFlinger(  275): ? => ACTIVE (4098) on thread 0x41270a68
D/AudioHardwareMSM8660(  275): outputDevices = 2
I/AudioHardwareMSM8660(  275): Routing audio to Speakerphone (out_speaker case)
D/VenueDetailsActivity(19583): converting venue to building, venue: {"updatedAt":"2015-01-15T02:51:34Z","id":"819e0f3a-24e6-4cef-8fd3-e1ba83c23f95","createdBy":"ec342e05-39eb-4212-85e0-894e8b738b33","floors":[{"updatedAt":"2015-01-15T03:05:14Z","id":"885c27e6-0fa6-43cb-911d-a4255ba92b7f","floorPlans":[{"imageMaskContent":null,"updatedAt":"0001-01-01T00:00:00Z","id":"80639201-3644-44f2-9370-165b5c39fae5","imageContent":null,"createdBy":"ec342e05-39eb-4212-85e0-894e8b738b33","floor":{"venue":{"id":"819e0f3a-24e6-4cef-8fd3-e1ba83c23f95"},"id":"885c27e6-0fa6-43cb-911d-a4255ba92b7f"},"markers":[{"floorplan":[2592,0],"geo":[10.81356308622,106.69107824564]},{"floorplan":[16,8],"geo":[10.8134366263212,106.69061422348]},{"floorplan":[0,1936],"geo":[10.8137685834419,106.690509617329]}],"createdAt":"2015-01-15T03:05:20Z","name":"Floor 2","maskUrl":null,"dimensions":[2592,1936],"url":"https:\/\/idaweb.blob.core.windows.net\/imageblobcontainer\/65c3b440-6026-4ad4-89e4-3de341d4ee3d"}],"venue":{"id":"819e0f3a-24e6-4cef-8fd3-e1ba83c23f95"},"floorNumber":2,"createdAt":"2015-01-15T03:05:14Z","name":"2"},{"updatedAt":"2015-01-15T03:05:25Z","id":"5157ad39-2270-408f-8155-f3bff9103d8d","floorPlans":[{"imageMaskContent":null,"updatedAt":"2015-01-15T03:07:00Z","id":"2fb04691-133b-4997-bbc6-a18fd4076a8a","imageContent":null,"createdBy":"ec342e05-39eb-4212-85e0-894e8b738b33","floor":{"venue":{"id":"819e0f3a-24e6-4cef-8fd3-e1ba83c23f95"},"id":"5157ad39-2270-408f-8155-f3bff9103d8d"},"markers":[{"floorplan":[0,1936],"geo":[10.8137066708322,106.690376847982]},{"floorplan":[2592,0],"geo":[10.813618412409,106.690564602613]},{"floorplan":[16,8],"geo":[10.813596,106.69043]}],"createdAt":"2015-01-15T03:05:37Z","name":"Floor 2","maskUrl":null,"dimensions":[2592,1936],"url":"https:\/\/idaweb.blob.core.windows.net\/imageblobcontainer\/ca67af85-2422-4b15-a9ad-7a3e9a0e2f34"}],"venue":{"id":"819e0f3a-24e6-4cef-8fd3-e1ba83c23f95"},"floorNumber":2,"createdAt":"2015-01-15T03:05:25Z","name":"2"}],"location":[10.8139371964419,106.690611541271],"isPrivate":false,"address":"L Quang nh, 08 Ho Chi Minh City, Southeast, Vietnam","createdAt":"2015-01-15T02:48:25Z","description":null,"name":"Aspire office building"}, user: UserInfo{username='ha.nguyendinh04@gmail.com', deviceModel=com.indooratlas.mapcreator.model.g@423afaf0, apiKey='f3ace230-f476-4e4d-9e69-f65a434bae3f', userID='3ce3c5f7-8592-4e6e-8b10-5d3f581a1efa'}
I/Timeline(19583): Timeline: Activity_launch_request id:com.indooratlas.mapcreator.main time:7684457
D/AudioHardwareMSM8660(  275): SampleRate 44.1k
D/AudioHardwareMSM8660(  275): Bufsize 4800
E/AudioHardwareMSM8660(  275): write(): dec_id = 1 cur_rx = 2
E/AudioHardwareMSM8660(  275): cur_rx for pcm playback = 2
I/ActivityManager(  678): START u0 {cmp=com.indooratlas.mapcreator.main/.PositioningActivity (has extras)} from pid 19583
D/ACDB-LOADER(  275): ACDB -> send_audio_cal, acdb_id = 2, path =  0
D/ACDB-LOADER(  275): ACDB -> send_adm_topology
D/ACDB-LOADER(  275): ACDB -> ACDB_CMD_GET_AUDPROC_COMMON_TOPOLOGY_ID
D/ACDB-LOADER(  275): ACDB -> send_audtable
D/ACDB-LOADER(  275): ACDB samplerate = 256
D/ACDB-LOADER(  275): ACDB -> ACDB_CMD_GET_AUDPROC_COMMON_TABLE
D/ACDB-LOADER(  275): ACDB -> AUDIO_SET_AUDPROC_CAL
D/ACDB-LOADER(  275): ACDB -> send_audvoltable
D/ACDB-LOADER(  275): ACDB -> ACDB_CMD_GET_AUDPROC_GAIN_DEP_VOLTBL_STEP_COPP
D/ACDB-LOADER(  275): ACDB -> AUDIO_SET_AUDPROC_VOL_CAL
D/AudioHardwareMSM8660(  275): addToTable stream 1
D/AudioHardwareMSM8660(  275): Bufsize 4800
D/AudioHardwareMSM8660(  275): SampleRate 44.1k
D/AudioHardwareMSM8660(  275): Bufsize 4800
D/AudioHardwareMSM8660(  275): SampleRate 44.1k
D/AudioHardwareMSM8660(  275): Bufsize 4800
D/AudioHardwareMSM8660(  275): SampleRate 44.1k
D/AudioHardwareMSM8660(  275): Bufsize 4800
D/AudioHardwareMSM8660(  275): SampleRate 44.1k
D/AudioHardwareMSM8660(  275): Bufsize 4800
D/AudioHardwareMSM8660(  275): SampleRate 44.1k
I/ActivityManager(  678): Displayed com.indooratlas.mapcreator.main/.PositioningActivity: +530ms
I/Timeline(19583): Timeline: Activity_idle id: android.os.BinderProxy@4201e7a8 time:7685123
I/Timeline(  678): Timeline: Activity_windows_visible id: ActivityRecord{4251e758 u0 com.indooratlas.mapcreator.main/.PositioningActivity t26} time:7685369
W/SurfaceFlinger(  272): couldn't log to binary event log: overflow.
D/AudioHardwareMSM8660(  275): deleteFromTable stream 1
D/AudioHardwareMSM8660(  275): updateDeviceInfo: E
D/AudioHardwareMSM8660(  275): simple device switch
I/rmt_storage(  381): rmt_storage write event
I/rmt_storage(  381): rmt_storage events processing done
I/rmt_storage(  381): unblock rmt_storage client thread
I/rmt_storage(  381): rmt_storage fop(1): bytes transferred = 785920
I/rmt_storage(  381): rmt_storage fop(1): bytes transferred = 512
D/lights  (  678): set_light_buttons: color=0xff000000, tlc=2.
D/dalvikvm(19583): JIT unchain all for threadid=20
D/dalvikvm(19583): JIT unchain all for threadid=20
D/dalvikvm(19583): JIT unchain all for threadid=20
D/RestClient(19583): creating socket for host: ipsws.indooratlas.com
I/Choreographer(19583): Skipped 35 frames!  The application may be doing too much work on its main thread.
D/RestClient(19583): Setting SNI hostname
D/RestClient(19583): verifying hostname
D/RestClient(19583): Established TLSv1.2 connection with ipsws.indooratlas.com using TLS_ECDHE_RSA_WITH_AES_128_CBC_SHA
D/RestClient(19583): socket created, connected: true
D/lights  (  678): set_light_buttons: color=0xffffffff, tlc=1.
D/AudioHardwareMSM8660(  275): Bufsize 4800
D/AudioHardwareMSM8660(  275): SampleRate 44.1k
W/AudioTrack(  678): AUDIO_OUTPUT_FLAG_FAST denied by client due to mismatching sample rate (48000 vs 44100)
D/AudioFlinger(  275): start(4099), calling pid 678 session 219
D/AudioFlinger(  275): ? => ACTIVE (4099) on thread 0x411feae0
D/AudioHardwareMSM8660(  275): outputDevices = 2
I/AudioHardwareMSM8660(  275): Routing audio to Speakerphone (out_speaker case)
D/AudioHardwareMSM8660(  275): SampleRate 44.1k
D/AudioHardwareMSM8660(  275): Bufsize 4800
E/AudioHardwareMSM8660(  275): write(): dec_id = 1 cur_rx = 2
E/AudioHardwareMSM8660(  275): cur_rx for pcm playback = 2
D/ACDB-LOADER(  275): ACDB -> send_audio_cal, acdb_id = 2, path =  0
D/ACDB-LOADER(  275): ACDB -> send_adm_topology
D/ACDB-LOADER(  275): ACDB -> ACDB_CMD_GET_AUDPROC_COMMON_TOPOLOGY_ID
D/ACDB-LOADER(  275): ACDB -> send_audtable
D/ACDB-LOADER(  275): ACDB samplerate = 256
D/ACDB-LOADER(  275): ACDB -> ACDB_CMD_GET_AUDPROC_COMMON_TABLE
D/ACDB-LOADER(  275): ACDB -> AUDIO_SET_AUDPROC_CAL
D/ACDB-LOADER(  275): ACDB -> send_audvoltable
D/ACDB-LOADER(  275): ACDB -> ACDB_CMD_GET_AUDPROC_GAIN_DEP_VOLTBL_STEP_COPP
D/ACDB-LOADER(  275): ACDB -> AUDIO_SET_AUDPROC_VOL_CAL
D/AudioHardwareMSM8660(  275): addToTable stream 1
D/AudioHardwareMSM8660(  275): Bufsize 4800
D/AudioHardwareMSM8660(  275): SampleRate 44.1k
D/AudioHardwareMSM8660(  275): Bufsize 4800
D/AudioHardwareMSM8660(  275): SampleRate 44.1k
D/AudioHardwareMSM8660(  275): Bufsize 4800
D/AudioHardwareMSM8660(  275): SampleRate 44.1k
D/AudioHardwareMSM8660(  275): Bufsize 4800
D/AudioHardwareMSM8660(  275): SampleRate 44.1k
D/AudioHardwareMSM8660(  275): Bufsize 4800
D/AudioHardwareMSM8660(  275): SampleRate 44.1k
I/Timeline(19583): Timeline: Activity_idle id: android.os.BinderProxy@42399450 time:7702387
I/Timeline(  678): Timeline: Activity_windows_visible id: ActivityRecord{42193ed8 u0 com.indooratlas.mapcreator.main/com.indooratlas.mapcreator.explorer.VenueDetailsActivity t26} time:7702669
D/VenueExplorerActivity(19583): loadVenues (r{41fd82a8 #0 id=0x7f0c005c android:switcher:2131492956:0})
D/LocationUtils(19583): comparing locations, provider: passive, new: Location[network 10.780324,106.661320 acc=24 et=+2h6m38s229ms {Bundle[mParcelledData.dataSize=616]}], best: null
D/LocationUtils(19583): comparing locations, provider: gps, new: null, best: Location[network 10.780324,106.661320 acc=24 et=+2h6m38s229ms {Bundle[mParcelledData.dataSize=616]}]
D/LocationUtils(19583): comparing locations, provider: network, new: Location[network 10.780324,106.661320 acc=24 et=+2h6m38s229ms {Bundle[mParcelledData.dataSize=616]}], best: Location[network 10.780324,106.661320 acc=24 et=+2h6m38s229ms {Bundle[mParcelledData.dataSize=616]}]
D/VenueExplorerActivity(19583): searching nearby venues near: Location[network 10.780324,106.661320 acc=24 et=+2h6m38s229ms {Bundle[mParcelledData.dataSize=616]}]
D/VenueExplorerActivity(19583): loadVenues (q{41fd9078 #1 id=0x7f0c005c android:switcher:2131492956:1})
I/Timeline(19583): Timeline: Activity_idle id: android.os.BinderProxy@41f7ea08 time:7703742
I/System.out(19583): param
I/System.out(19583): param
I/Timeline(  678): Timeline: Activity_windows_visible id: ActivityRecord{42470120 u0 com.indooratlas.mapcreator.main/com.indooratlas.mapcreator.explorer.VenueExplorerActivity t26} time:7704022
W/SurfaceFlinger(  272): couldn't log to binary event log: overflow.
D/AudioHardwareMSM8660(  275): deleteFromTable stream 1
D/AudioHardwareMSM8660(  275): updateDeviceInfo: E
D/AudioHardwareMSM8660(  275): simple device switch
D/AudioHardwareMSM8660(  275): Bufsize 4800
D/AudioHardwareMSM8660(  275): SampleRate 44.1k
W/AudioTrack(  678): AUDIO_OUTPUT_FLAG_FAST denied by client due to mismatching sample rate (48000 vs 44100)
D/AudioFlinger(  275): start(4098), calling pid 678 session 220
D/AudioFlinger(  275): ? => ACTIVE (4098) on thread 0x41270a68
D/AudioHardwareMSM8660(  275): outputDevices = 2
I/AudioHardwareMSM8660(  275): Routing audio to Speakerphone (out_speaker case)
D/VenueExplorerActivity(19583): onVenueSelected: content://com.indooratlas.mapcreator/venues/c1699f2e-d412-405b-a0f0-005e098f3a70?name=my%20home&address=OO15%20Bach%20Ma%2C%20C%C6%B0%20x%C3%A1%20B%E1%BA%AFc%20H%E1%BA%A3i%2C%20Ph%C6%B0%E1%BB%9Dng%2015%2C%20District%2010&description=null&isPrivate=false
I/Timeline(19583): Timeline: Activity_launch_request id:com.indooratlas.mapcreator.main time:7704985
I/ActivityManager(  678): START u0 {act=android.intent.action.VIEW dat=content://com.indooratlas.mapcreator/venues/c1699f2e-d412-405b-a0f0-005e098f3a70?name=my home&address=OO15 Bach Ma, C x Bc Hi, Phng 15, District 10&description=null&isPrivate=false cmp=com.indooratlas.mapcreator.main/com.indooratlas.mapcreator.explorer.VenueDetailsActivity bnds=[360,842][534,1034] (has extras)} from pid 19583
D/AudioHardwareMSM8660(  275): SampleRate 44.1k
D/AudioHardwareMSM8660(  275): Bufsize 4800
E/AudioHardwareMSM8660(  275): write(): dec_id = 1 cur_rx = 2
E/AudioHardwareMSM8660(  275): cur_rx for pcm playback = 2
D/VenueExplorerActivity(19583): i/o error loading venues
D/VenueExplorerActivity(19583): java.io.EOFException: \n not found: size=0 content=...
D/VenueExplorerActivity(19583): 	at b.s.o(SourceFile:200)
D/VenueExplorerActivity(19583): 	at com.c.a.a.a.g.g(SourceFile:187)
D/VenueExplorerActivity(19583): 	at com.c.a.a.a.v.b(SourceFile:80)
D/VenueExplorerActivity(19583): 	at com.c.a.a.a.q.n(SourceFile:791)
D/VenueExplorerActivity(19583): 	at com.c.a.a.a.q.c(SourceFile:90)
D/VenueExplorerActivity(19583): 	at com.c.a.a.a.t.a(SourceFile:784)
D/VenueExplorerActivity(19583): 	at com.indooratlas.internal.a.b.i.a(SourceFile:96)
D/VenueExplorerActivity(19583): 	at com.c.a.a.a.t.a(SourceFile:764)
D/VenueExplorerActivity(19583): 	at com.c.a.a.a.q.k(SourceFile:645)
D/VenueExplorerActivity(19583): 	at com.c.a.g.a(SourceFile:263)
D/VenueExplorerActivity(19583): 	at com.c.a.i.a(SourceFile:219)
D/VenueExplorerActivity(19583): 	at com.indooratlas.internal.a.b.d.a(SourceFile:50)
D/VenueExplorerActivity(19583): 	at com.c.a.i.a(SourceFile:216)
D/VenueExplorerActivity(19583): 	at com.c.a.g.d(SourceFile:192)
D/VenueExplorerActivity(19583): 	at com.c.a.g.a(SourceFile:34)
D/VenueExplorerActivity(19583): 	at com.c.a.j.b(SourceFile:156)
D/VenueExplorerActivity(19583): 	at com.c.a.a.c.run(SourceFile:33)
D/VenueExplorerActivity(19583): 	at java.util.concurrent.ThreadPoolExecutor.runWorker(ThreadPoolExecutor.java:1112)
D/VenueExplorerActivity(19583): 	at java.util.concurrent.ThreadPoolExecutor$Worker.run(ThreadPoolExecutor.java:587)
D/VenueExplorerActivity(19583): 	at java.lang.Thread.run(Thread.java:841)
D/ACDB-LOADER(  275): ACDB -> send_audio_cal, acdb_id = 2, path =  0
D/ACDB-LOADER(  275): ACDB -> send_adm_topology
D/ACDB-LOADER(  275): ACDB -> ACDB_CMD_GET_AUDPROC_COMMON_TOPOLOGY_ID
D/ACDB-LOADER(  275): ACDB -> send_audtable
D/ACDB-LOADER(  275): ACDB samplerate = 256
D/ACDB-LOADER(  275): ACDB -> ACDB_CMD_GET_AUDPROC_COMMON_TABLE
D/ACDB-LOADER(  275): ACDB -> AUDIO_SET_AUDPROC_CAL
D/ACDB-LOADER(  275): ACDB -> send_audvoltable
D/ACDB-LOADER(  275): ACDB -> ACDB_CMD_GET_AUDPROC_GAIN_DEP_VOLTBL_STEP_COPP
D/ACDB-LOADER(  275): ACDB -> AUDIO_SET_AUDPROC_VOL_CAL
I/ViewUtils(19583): app:theme is now deprecated. Please move to using android:theme instead.
I/ViewUtils(19583): app:theme is now deprecated. Please move to using android:theme instead.
D/AudioHardwareMSM8660(  275): addToTable stream 1
D/AudioHardwareMSM8660(  275): Bufsize 4800
D/AudioHardwareMSM8660(  275): SampleRate 44.1k
D/AudioHardwareMSM8660(  275): Bufsize 4800
D/AudioHardwareMSM8660(  275): SampleRate 44.1k
D/AudioHardwareMSM8660(  275): Bufsize 4800
D/AudioHardwareMSM8660(  275): SampleRate 44.1k
D/AudioHardwareMSM8660(  275): Bufsize 4800
D/AudioHardwareMSM8660(  275): SampleRate 44.1k
D/AudioHardwareMSM8660(  275): Bufsize 4800
D/AudioHardwareMSM8660(  275): SampleRate 44.1k
I/ActivityManager(  678): Displayed com.indooratlas.mapcreator.main/com.indooratlas.mapcreator.explorer.VenueDetailsActivity: +218ms
I/System.out(19583): param
I/Timeline(19583): Timeline: Activity_idle id: android.os.BinderProxy@43b4e570 time:7705315
I/Timeline(  678): Timeline: Activity_windows_visible id: ActivityRecord{42572960 u0 com.indooratlas.mapcreator.main/com.indooratlas.mapcreator.explorer.VenueDetailsActivity t26} time:7705583
W/SurfaceFlinger(  272): couldn't log to binary event log: overflow.
D/VenueExplorerActivity(19583): i/o error loading venues
D/VenueExplorerActivity(19583): java.io.IOException: Canceled
D/VenueExplorerActivity(19583): 	at com.c.a.j.b(SourceFile:159)
D/VenueExplorerActivity(19583): 	at com.c.a.a.c.run(SourceFile:33)
D/VenueExplorerActivity(19583): 	at java.util.concurrent.ThreadPoolExecutor.runWorker(ThreadPoolExecutor.java:1112)
D/VenueExplorerActivity(19583): 	at java.util.concurrent.ThreadPoolExecutor$Worker.run(ThreadPoolExecutor.java:587)
D/VenueExplorerActivity(19583): 	at java.lang.Thread.run(Thread.java:841)
D/VenueDetailsActivity(19583): venue loaded: {"updatedAt":"2016-05-15T14:06:15Z","id":"c1699f2e-d412-405b-a0f0-005e098f3a70","createdBy":"3ce3c5f7-8592-4e6e-8b10-5d3f581a1efa","floors":[{"updatedAt":"2016-05-15T14:10:12Z","id":"0f57a7ba-0423-4d96-a8e8-9e72b1b7e931","floorPlans":[{"imageMaskContent":null,"updatedAt":"2016-05-15T14:10:13Z","id":"4751e9dc-73fb-4790-a4e4-203aff68a7bc","imageContent":null,"createdBy":"3ce3c5f7-8592-4e6e-8b10-5d3f581a1efa","floor":{"venue":{"id":"c1699f2e-d412-405b-a0f0-005e098f3a70"},"id":"0f57a7ba-0423-4d96-a8e8-9e72b1b7e931"},"markers":[{"floorplan":[12,1],"geo":[10.7802522352708,106.661093831062]},{"floorplan":[108,0],"geo":[10.7802733142524,106.66114680469]},{"floorplan":[0,284],"geo":[10.7800262948443,106.661185026169]}],"createdAt":"2016-05-15T14:10:13Z","name":"OO15","maskUrl":null,"dimensions":[108,284],"url":"https:\/\/idaweb.blob.core.windows.net\/imageblobcontainer\/2f6807bf-8364-4cc3-a523-b8a5972ca729"}],"venue":{"id":"c1699f2e-d412-405b-a0f0-005e098f3a70"},"floorNumber":2,"createdAt":"2016-05-15T14:10:12Z","name":"2"}],"location":[10.7801969029371,106.661142110825],"isPrivate":false,"address":"OO15 Bach Ma, C x Bc Hi, Phng 15, District 10","createdAt":"2016-05-15T14:00:24Z","description":null,"name":"my home"}
D/AudioHardwareMSM8660(  275): Bufsize 4800
D/AudioHardwareMSM8660(  275): SampleRate 44.1k
W/AudioTrack(  678): AUDIO_OUTPUT_FLAG_FAST denied by client due to mismatching sample rate (48000 vs 44100)
D/AudioFlinger(  275): start(4099), calling pid 678 session 221
D/AudioFlinger(  275): ? => ACTIVE (4099) on thread 0x411feae0
D/VenueDetailsActivity(19583): converting venue to building, venue: {"updatedAt":"2016-05-15T14:06:15Z","id":"c1699f2e-d412-405b-a0f0-005e098f3a70","createdBy":"3ce3c5f7-8592-4e6e-8b10-5d3f581a1efa","floors":[{"updatedAt":"2016-05-15T14:10:12Z","id":"0f57a7ba-0423-4d96-a8e8-9e72b1b7e931","floorPlans":[{"imageMaskContent":null,"updatedAt":"2016-05-15T14:10:13Z","id":"4751e9dc-73fb-4790-a4e4-203aff68a7bc","imageContent":null,"createdBy":"3ce3c5f7-8592-4e6e-8b10-5d3f581a1efa","floor":{"venue":{"id":"c1699f2e-d412-405b-a0f0-005e098f3a70"},"id":"0f57a7ba-0423-4d96-a8e8-9e72b1b7e931"},"markers":[{"floorplan":[12,1],"geo":[10.7802522352708,106.661093831062]},{"floorplan":[108,0],"geo":[10.7802733142524,106.66114680469]},{"floorplan":[0,284],"geo":[10.7800262948443,106.661185026169]}],"createdAt":"2016-05-15T14:10:13Z","name":"OO15","maskUrl":null,"dimensions":[108,284],"url":"https:\/\/idaweb.blob.core.windows.net\/imageblobcontainer\/2f6807bf-8364-4cc3-a523-b8a5972ca729"}],"venue":{"id":"c1699f2e-d412-405b-a0f0-005e098f3a70"},"floorNumber":2,"createdAt":"2016-05-15T14:10:12Z","name":"2"}],"location":[10.7801969029371,106.661142110825],"isPrivate":false,"address":"OO15 Bach Ma, C x Bc Hi, Phng 15, District 10","createdAt":"2016-05-15T14:00:24Z","description":null,"name":"my home"}, user: UserInfo{username='ha.nguyendinh04@gmail.com', deviceModel=com.indooratlas.mapcreator.model.g@4224b8d8, apiKey='f3ace230-f476-4e4d-9e69-f65a434bae3f', userID='3ce3c5f7-8592-4e6e-8b10-5d3f581a1efa'}
I/Timeline(19583): Timeline: Activity_launch_request id:com.indooratlas.mapcreator.main time:7707681
D/AudioHardwareMSM8660(  275): outputDevices = 2
I/AudioHardwareMSM8660(  275): Routing audio to Speakerphone (out_speaker case)
