I/GCoreUlr( 2551): Starting service, intent=Intent { act=com.google.android.location.reporting.ACTION_UPDATE_WORLD cmp=com.google.android.gms/com.google.android.location.reporting.service.DispatchingService (has extras) }, extras=Bundle[{receiverAction=com.google.android.location.internal.server.ACTION_RESTARTED}]
I/GCoreUlr( 2551): DispatchingService.onCreate()
I/GCoreUlr( 2551): WorldUpdater received intent Intent { act=com.google.android.location.reporting.ACTION_UPDATE_WORLD cmp=com.google.android.gms/com.google.android.location.reporting.service.DispatchingService (has extras) } with receiverAction com.google.android.location.internal.server.ACTION_RESTARTED
D/AudioHardwareMSM8660(  275): Bufsize 4800
D/AudioHardwareMSM8660(  275): SampleRate 44.1k
W/AudioTrack(  678): AUDIO_OUTPUT_FLAG_FAST denied by client due to mismatching sample rate (48000 vs 44100)
D/AudioFlinger(  275): start(4099), calling pid 678 session 203
D/AudioFlinger(  275): ? => ACTIVE (4099) on thread 0x400d07f8
D/AudioHardwareMSM8660(  275): outputDevices = 2
I/AudioHardwareMSM8660(  275): Routing audio to Speakerphone (out_speaker case)
D/AudioHardwareMSM8660(  275): Bufsize 4800
D/AudioHardwareMSM8660(  275): SampleRate 44.1k
D/AudioHardwareMSM8660(  275): Bufsize 4800
D/AudioHardwareMSM8660(  275): SampleRate 44.1k
D/AudioHardwareMSM8660(  275): Bufsize 4800
D/AudioHardwareMSM8660(  275): SampleRate 44.1k
D/AudioHardwareMSM8660(  275): Bufsize 4800
D/AudioHardwareMSM8660(  275): SampleRate 44.1k
D/AudioHardwareMSM8660(  275): Bufsize 4800
D/AudioHardwareMSM8660(  275): SampleRate 44.1k
I/Timeline(18439): Timeline: Activity_idle id: android.os.BinderProxy@41faa348 time:7593562
I/GCoreUlr( 2551): WorldUpdater:com.google.android.location.internal.server.ACTION_RESTARTED: Ensuring that reporting is stopped because of reasons: {account#-3#=[InactiveReason{mVersionCode=0, mIdentifier=6, mName='ReportingNotEnabled'}]}
I/GCoreUlr( 2551): Unbound from all location providers
I/Timeline(  678): Timeline: Activity_windows_visible id: ActivityRecord{425e21a0 u0 com.android.settings/.Settings$LocationSettingsActivity t27} time:7593808
I/GCoreUlr( 2551): DispatchingService.onDestroy()
I/GCoreUlr( 2551): Unbound from all location providers
I/Timeline(18439): Timeline: Activity_launch_request id:com.android.settings time:7595862
I/ActivityManager(  678): START u0 {act=android.intent.action.MAIN cmp=com.android.settings/.SubSettings (has extras)} from pid 18439
D/AudioHardwareMSM8660(  275): Bufsize 4800
D/AudioHardwareMSM8660(  275): SampleRate 44.1k
W/AudioTrack(  678): AUDIO_OUTPUT_FLAG_FAST denied by client due to mismatching sample rate (48000 vs 44100)
D/AudioFlinger(  275): start(4098), calling pid 678 session 204
D/AudioFlinger(  275): ? => ACTIVE (4098) on thread 0x411feae0
D/AudioHardwareMSM8660(  275): outputDevices = 2
I/AudioHardwareMSM8660(  275): Routing audio to Speakerphone (out_speaker case)
D/SubSettings(18439): Launching fragment com.android.settings.applications.InstalledAppDetails
D/AudioHardwareMSM8660(  275): Bufsize 4800
D/AudioHardwareMSM8660(  275): SampleRate 44.1k
D/AudioHardwareMSM8660(  275): Bufsize 4800
D/AudioHardwareMSM8660(  275): SampleRate 44.1k
D/AudioHardwareMSM8660(  275): Bufsize 4800
D/AudioHardwareMSM8660(  275): SampleRate 44.1k
D/AudioHardwareMSM8660(  275): Bufsize 4800
D/AudioHardwareMSM8660(  275): SampleRate 44.1k
D/AudioHardwareMSM8660(  275): Bufsize 4800
D/AudioHardwareMSM8660(  275): SampleRate 44.1k
I/Choreographer(18439): Skipped 40 frames!  The application may be doing too much work on its main thread.
I/ActivityManager(  678): Displayed com.android.settings/.SubSettings: +1s376ms
I/Timeline(  678): Timeline: Activity_windows_visible id: ActivityRecord{41f9aa70 u0 com.android.settings/.SubSettings t27} time:7597575
I/Timeline(18439): Timeline: Activity_idle id: android.os.BinderProxy@423840b8 time:7597582
E/LocSvc_eng(  678): I/===> int loc_eng_inject_location(loc_eng_data_s_type&, double, double, float) line 710 
E/LocSvc_api_rpc_glue(  678): I/---> loc_ioctl line 570 RPC_LOC_IOCTL_INJECT_POSITION
D/RPC     (  678): 3000008c:00050000 sending call (XID 45).
E/LocSvc_adapter(  678): I/<--- int32 loc_event_cb(void*, rpc_loc_client_handle_type, rpc_loc_event_mask_type, const rpc_loc_event_payload_u_type*) line 70 RPC_LOC_EVENT_IOCTL_REPORT
D/RPC     (  678): 3000008c:00050000 received REPLY (XID 45), grabbing mutex to wake up client.
D/RPC     (  678): 3000008c:00050000 waiting for XDR input buffer to be consumed.
D/RPC     (  678): 3000008c:00050000 call success.
D/RPC     (  678): 3000008c:00050000 received CALL.
D/RPC     (  678): 3000008c:00050000 dispatching RPC call (XID 867, xdr 0x6200b008) for callback client 3100008c:00050001.
D/RPC     (  678): 3100008c:327681 sending RPC reply (XID 867)
D/AudioHardwareMSM8660(  275): deleteFromTable stream 1
D/AudioHardwareMSM8660(  275): updateDeviceInfo: E
D/AudioHardwareMSM8660(  275): simple device switch
V/Zygote  (19432): Switching descriptor 33 to /dev/null
V/Zygote  (19432): Switching descriptor 10 to /dev/null
I/ActivityManager(  678): Start proc com.android.defcontainer for service com.android.defcontainer/.DefaultContainerService: pid=19432 uid=10004 gids={50004, 1028, 1015, 1023, 2001, 1035}
D/ActivityThread(19432): handleBindApplication:com.android.defcontainer
D/ActivityThread(19432): setTargetHeapUtilization:0.75
D/ActivityThread(19432): setTargetHeapMinFree:2097152
D/AudioHardwareMSM8660(  275): Bufsize 4800
D/AudioHardwareMSM8660(  275): SampleRate 44.1k
W/AudioTrack(  678): AUDIO_OUTPUT_FLAG_FAST denied by client due to mismatching sample rate (48000 vs 44100)
D/AudioFlinger(  275): start(4099), calling pid 678 session 205
D/AudioFlinger(  275): ? => ACTIVE (4099) on thread 0x400d07f8
D/AudioHardwareMSM8660(  275): outputDevices = 2
I/AudioHardwareMSM8660(  275): Routing audio to Speakerphone (out_speaker case)
D/AudioHardwareMSM8660(  275): SampleRate 44.1k
D/AudioHardwareMSM8660(  275): Bufsize 4800
E/AudioHardwareMSM8660(  275): write(): dec_id = 1 cur_rx = 2
E/AudioHardwareMSM8660(  275): cur_rx for pcm playback = 2
D/ACDB-LOADER(  275): ACDB -> send_audio_cal, acdb_id = 2, path =  0
D/ACDB-LOADER(  275): ACDB -> send_adm_topology
D/ACDB-LOADER(  275): ACDB -> ACDB_CMD_GET_AUDPROC_COMMON_TOPOLOGY_ID
D/ACDB-LOADER(  275): ACDB -> send_audtable
D/ACDB-LOADER(  275): ACDB samplerate = 256
D/ACDB-LOADER(  275): ACDB -> ACDB_CMD_GET_AUDPROC_COMMON_TABLE
D/ACDB-LOADER(  275): ACDB -> AUDIO_SET_AUDPROC_CAL
D/ACDB-LOADER(  275): ACDB -> send_audvoltable
D/ACDB-LOADER(  275): ACDB -> ACDB_CMD_GET_AUDPROC_GAIN_DEP_VOLTBL_STEP_COPP
D/ACDB-LOADER(  275): ACDB -> AUDIO_SET_AUDPROC_VOL_CAL
D/AudioHardwareMSM8660(  275): addToTable stream 1
D/AudioHardwareMSM8660(  275): Bufsize 4800
D/AudioHardwareMSM8660(  275): SampleRate 44.1k
D/AudioHardwareMSM8660(  275): Bufsize 4800
D/AudioHardwareMSM8660(  275): SampleRate 44.1k
D/AudioHardwareMSM8660(  275): Bufsize 4800
D/AudioHardwareMSM8660(  275): SampleRate 44.1k
D/AudioHardwareMSM8660(  275): Bufsize 4800
D/AudioHardwareMSM8660(  275): SampleRate 44.1k
D/AudioHardwareMSM8660(  275): Bufsize 4800
D/AudioHardwareMSM8660(  275): SampleRate 44.1k
I/Timeline(18439): Timeline: Activity_idle id: android.os.BinderProxy@41faa348 time:7604951
I/Timeline(  678): Timeline: Activity_windows_visible id: ActivityRecord{425e21a0 u0 com.android.settings/.Settings$LocationSettingsActivity t27} time:7605176
D/AudioHardwareMSM8660(  275): deleteFromTable stream 1
D/AudioHardwareMSM8660(  275): updateDeviceInfo: E
D/AudioHardwareMSM8660(  275): simple device switch
I/ActivityManager(  678): START u0 {act=com.android.systemui.recent.action.TOGGLE_RECENTS flg=0x10800000 cmp=com.android.systemui/.recent.RecentsActivity (has extras)} from pid 974
I/ActivityManager(  678): Displayed com.android.systemui/.recent.RecentsActivity: +279ms
I/Timeline(  974): Timeline: Activity_idle id: android.os.BinderProxy@4356f230 time:7608932
I/Timeline(  678): Timeline: Activity_windows_visible id: ActivityRecord{41faf368 u0 com.android.systemui/.recent.RecentsActivity t30} time:7609175
I/ActivityManager(  678): Killing 18439:com.android.settings/1000 (adj 9): remove task
I/WindowState(  678): WIN DEATH: Window{42736048 u0 com.android.settings/com.android.settings.Settings$LocationSettingsActivity}
I/ActivityManager(  678): START u0 {act=android.intent.action.MAIN cat=[android.intent.category.HOME] flg=0x10200000 cmp=com.cyanogenmod.trebuchet/org.cyanogenmod.trebuchet.TrebuchetLauncher} from pid 974
I/Adreno200-EGL(17737): <qeglDrvAPI_eglInitialize:269>: EGL 1.4 QUALCOMM build: AU_LINUX_ANDROID_JB_VANILLA.04.02.02.60.051_msm8960_JB_VANILLA_CL2997615_release_AU (CL2997615)
I/Adreno200-EGL(17737): Build Date: 04/11/13 Thu
I/Adreno200-EGL(17737): Local Branch: 
I/Adreno200-EGL(17737): Remote Branch: quic/mako_jb_mr1
I/Adreno200-EGL(17737): Local Patches: NONE
I/Adreno200-EGL(17737): Reconstruct Branch: AU_LINUX_ANDROID_JB_VANILLA.04.02.02.60.051 +  NOTHING
I/Timeline(  678): Timeline: Activity_windows_visible id: ActivityRecord{42218e88 u0 com.cyanogenmod.trebuchet/org.cyanogenmod.trebuchet.TrebuchetLauncher t4} time:7611161
I/Timeline(17737): Timeline: Activity_idle id: android.os.BinderProxy@41f769a8 time:7611219
D/AudioHardwareMSM8660(  275): Bufsize 4800
D/AudioHardwareMSM8660(  275): SampleRate 44.1k
W/AudioTrack(  678): AUDIO_OUTPUT_FLAG_FAST denied by client due to mismatching sample rate (48000 vs 44100)
D/AudioFlinger(  275): start(4098), calling pid 678 session 206
D/AudioFlinger(  275): ? => ACTIVE (4098) on thread 0x41270a68
D/AudioHardwareMSM8660(  275): outputDevices = 2
I/AudioHardwareMSM8660(  275): Routing audio to Speakerphone (out_speaker case)
D/AudioHardwareMSM8660(  275): SampleRate 44.1k
D/AudioHardwareMSM8660(  275): Bufsize 4800
E/AudioHardwareMSM8660(  275): write(): dec_id = 1 cur_rx = 2
E/AudioHardwareMSM8660(  275): cur_rx for pcm playback = 2
D/ACDB-LOADER(  275): ACDB -> send_audio_cal, acdb_id = 2, path =  0
D/ACDB-LOADER(  275): ACDB -> send_adm_topology
D/ACDB-LOADER(  275): ACDB -> ACDB_CMD_GET_AUDPROC_COMMON_TOPOLOGY_ID
D/ACDB-LOADER(  275): ACDB -> send_audtable
D/ACDB-LOADER(  275): ACDB samplerate = 256
D/ACDB-LOADER(  275): ACDB -> ACDB_CMD_GET_AUDPROC_COMMON_TABLE
D/ACDB-LOADER(  275): ACDB -> AUDIO_SET_AUDPROC_CAL
D/ACDB-LOADER(  275): ACDB -> send_audvoltable
D/ACDB-LOADER(  275): ACDB -> ACDB_CMD_GET_AUDPROC_GAIN_DEP_VOLTBL_STEP_COPP
D/ACDB-LOADER(  275): ACDB -> AUDIO_SET_AUDPROC_VOL_CAL
D/AudioHardwareMSM8660(  275): addToTable stream 1
D/AudioHardwareMSM8660(  275): Bufsize 4800
D/AudioHardwareMSM8660(  275): SampleRate 44.1k
D/AudioHardwareMSM8660(  275): Bufsize 4800
D/AudioHardwareMSM8660(  275): SampleRate 44.1k
D/AudioHardwareMSM8660(  275): Bufsize 4800
D/AudioHardwareMSM8660(  275): SampleRate 44.1k
D/AudioHardwareMSM8660(  275): Bufsize 4800
D/AudioHardwareMSM8660(  275): SampleRate 44.1k
D/AudioHardwareMSM8660(  275): Bufsize 4800
D/AudioHardwareMSM8660(  275): SampleRate 44.1k
D/AudioHardwareMSM8660(  275): Bufsize 4800
D/AudioHardwareMSM8660(  275): SampleRate 44.1k
W/AudioTrack(  678): AUDIO_OUTPUT_FLAG_FAST denied by client due to mismatching sample rate (48000 vs 44100)
D/AudioFlinger(  275): start(4099), calling pid 678 session 207
D/AudioFlinger(  275): ? => ACTIVE (4099) on thread 0x411feae0
D/AudioHardwareMSM8660(  275): outputDevices = 2
I/AudioHardwareMSM8660(  275): Routing audio to Speakerphone (out_speaker case)
I/Timeline(17737): Timeline: Activity_launch_request id:com.indooratlas.mapcreator.main time:7613950
I/ActivityManager(  678): START u0 {act=android.intent.action.MAIN cat=[android.intent.category.LAUNCHER] flg=0x10200000 cmp=com.indooratlas.mapcreator.main/.LoginActivity} from pid 17737
D/AudioHardwareMSM8660(  275): Bufsize 4800
D/AudioHardwareMSM8660(  275): SampleRate 44.1k
D/AudioHardwareMSM8660(  275): Bufsize 4800
D/AudioHardwareMSM8660(  275): SampleRate 44.1k
D/AudioHardwareMSM8660(  275): Bufsize 4800
D/AudioHardwareMSM8660(  275): SampleRate 44.1k
D/AudioHardwareMSM8660(  275): Bufsize 4800
D/AudioHardwareMSM8660(  275): SampleRate 44.1k
D/AudioHardwareMSM8660(  275): Bufsize 4800
D/AudioHardwareMSM8660(  275): SampleRate 44.1k
W/BroadcastQueue(  678): Permission Denial: broadcasting Intent { act=com.android.launcher3.action.LAUNCH flg=0x10 (has extras) } from com.cyanogenmod.trebuchet (pid=17737, uid=10020) requires com.google.android.launcher.permission.RECEIVE_LAUNCH_BROADCASTS due to receiver com.google.android.googlequicksearchbox/com.google.android.search.core.icingsync.ApplicationLaunchReceiver
W/BroadcastQueue(  678): Permission Denial: receiving Intent { act=com.android.launcher3.action.LAUNCH flg=0x10 (has extras) } to com.google.android.googlequicksearchbox/com.google.android.search.core.icingsync.ApplicationLaunchReceiver requires com.android.launcher3.permission.RECEIVE_LAUNCH_BROADCASTS due to sender com.cyanogenmod.trebuchet (uid 10020)
V/Zygote  (19583): Switching descriptor 33 to /dev/null
V/Zygote  (19583): Switching descriptor 10 to /dev/null
I/ActivityManager(  678): Start proc com.indooratlas.mapcreator.main for activity com.indooratlas.mapcreator.main/com.indooratlas.mapcreator.explorer.VenueExplorerActivity: pid=19583 uid=10081 gids={50081, 3003, 1028, 1015}
D/ActivityThread(19583): handleBindApplication:com.indooratlas.mapcreator.main
D/ActivityThread(19583): setTargetHeapUtilization:0.75
D/ActivityThread(19583): setTargetHeapMinFree:2097152
I/Fabric  (19583): Initializing Crashlytics 2.2.3.41
I/ViewUtils(19583): app:theme is now deprecated. Please move to using android:theme instead.
I/ViewUtils(19583): app:theme is now deprecated. Please move to using android:theme instead.
D/VenueExplorerActivity(19583): loadVenues (r{41fd82a8 #0 id=0x7f0c005c android:switcher:2131492956:0})
D/LocationUtils(19583): comparing locations, provider: passive, new: Location[network 10.780324,106.661320 acc=24 et=+2h6m38s229ms {Bundle[mParcelledData.dataSize=616]}], best: null
D/LocationUtils(19583): comparing locations, provider: gps, new: null, best: Location[network 10.780324,106.661320 acc=24 et=+2h6m38s229ms {Bundle[mParcelledData.dataSize=616]}]
D/LocationUtils(19583): comparing locations, provider: network, new: Location[network 10.780324,106.661320 acc=24 et=+2h6m38s229ms {Bundle[mParcelledData.dataSize=616]}], best: Location[network 10.780324,106.661320 acc=24 et=+2h6m38s229ms {Bundle[mParcelledData.dataSize=616]}]
D/VenueExplorerActivity(19583): searching nearby venues near: Location[network 10.780324,106.661320 acc=24 et=+2h6m38s229ms {Bundle[mParcelledData.dataSize=616]}]
D/VenueExplorerActivity(19583): loadVenues (q{41fd9078 #1 id=0x7f0c005c android:switcher:2131492956:1})
I/Adreno200-EGL(19583): <qeglDrvAPI_eglInitialize:269>: EGL 1.4 QUALCOMM build: AU_LINUX_ANDROID_JB_VANILLA.04.02.02.60.051_msm8960_JB_VANILLA_CL2997615_release_AU (CL2997615)
I/Adreno200-EGL(19583): Build Date: 04/11/13 Thu
I/Adreno200-EGL(19583): Local Branch: 
I/Adreno200-EGL(19583): Remote Branch: quic/mako_jb_mr1
I/Adreno200-EGL(19583): Local Patches: NONE
I/Adreno200-EGL(19583): Reconstruct Branch: AU_LINUX_ANDROID_JB_VANILLA.04.02.02.60.051 +  NOTHING
D/OpenGLRenderer(19583): Enabling debug mode 0
I/ActivityManager(  678): Displayed com.indooratlas.mapcreator.main/com.indooratlas.mapcreator.explorer.VenueExplorerActivity: +991ms
I/Timeline(  678): Timeline: Activity_windows_visible id: ActivityRecord{42470120 u0 com.indooratlas.mapcreator.main/com.indooratlas.mapcreator.explorer.VenueExplorerActivity t26} time:7615160
I/Timeline(19583): Timeline: Activity_idle id: android.os.BinderProxy@41f7ea08 time:7615252
E/rsC++   (17737): RS Message thread exiting.
I/System.out(19583): param
I/System.out(19583): param
D/AudioHardwareMSM8660(  275): deleteFromTable stream 1
D/AudioHardwareMSM8660(  275): updateDeviceInfo: E
D/AudioHardwareMSM8660(  275): simple device switch
I/System.out(19583): param
D/lights  (  678): set_light_buttons: color=0xff000000, tlc=2.
D/lights  (  678): set_light_buttons: color=0xffffffff, tlc=1.
D/lights  (  678): set_light_buttons: color=0xff000000, tlc=2.
D/lights  (  678): set_light_buttons: color=0xffffffff, tlc=1.
D/AudioHardwareMSM8660(  275): Bufsize 4800
D/AudioHardwareMSM8660(  275): SampleRate 44.1k
W/AudioTrack(  678): AUDIO_OUTPUT_FLAG_FAST denied by client due to mismatching sample rate (48000 vs 44100)
D/AudioFlinger(  275): start(4098), calling pid 678 session 208
D/AudioFlinger(  275): ? => ACTIVE (4098) on thread 0x41270a68
D/AudioHardwareMSM8660(  275): outputDevices = 2
I/AudioHardwareMSM8660(  275): Routing audio to Speakerphone (out_speaker case)
D/VenueExplorerActivity(19583): onVenueSelected: content://com.indooratlas.mapcreator/venues/819e0f3a-24e6-4cef-8fd3-e1ba83c23f95?name=Aspire%20office%20building&address=L%C3%AA%20Quang%20%C4%90%E1%BB%8Bnh%2C%2008%20Ho%20Chi%20Minh%20City%2C%20Southeast%2C%20Vietnam&description=null&isPrivate=false
I/Timeline(19583): Timeline: Activity_launch_request id:com.indooratlas.mapcreator.main time:7626074
D/AudioHardwareMSM8660(  275): SampleRate 44.1k
D/AudioHardwareMSM8660(  275): Bufsize 4800
I/ActivityManager(  678): START u0 {act=android.intent.action.VIEW dat=content://com.indooratlas.mapcreator/venues/819e0f3a-24e6-4cef-8fd3-e1ba83c23f95?name=Aspire office building&address=L Quang nh, 08 Ho Chi Minh City, Southeast, Vietnam&description=null&isPrivate=false cmp=com.indooratlas.mapcreator.main/com.indooratlas.mapcreator.explorer.VenueDetailsActivity bnds=[360,842][534,1034] (has extras)} from pid 19583
E/AudioHardwareMSM8660(  275): write(): dec_id = 1 cur_rx = 2
E/AudioHardwareMSM8660(  275): cur_rx for pcm playback = 2
I/ViewUtils(19583): app:theme is now deprecated. Please move to using android:theme instead.
I/ViewUtils(19583): app:theme is now deprecated. Please move to using android:theme instead.
D/ACDB-LOADER(  275): ACDB -> send_audio_cal, acdb_id = 2, path =  0
D/ACDB-LOADER(  275): ACDB -> send_adm_topology
D/ACDB-LOADER(  275): ACDB -> ACDB_CMD_GET_AUDPROC_COMMON_TOPOLOGY_ID
D/ACDB-LOADER(  275): ACDB -> send_audtable
D/ACDB-LOADER(  275): ACDB samplerate = 256
D/ACDB-LOADER(  275): ACDB -> ACDB_CMD_GET_AUDPROC_COMMON_TABLE
D/ACDB-LOADER(  275): ACDB -> AUDIO_SET_AUDPROC_CAL
D/ACDB-LOADER(  275): ACDB -> send_audvoltable
D/ACDB-LOADER(  275): ACDB -> ACDB_CMD_GET_AUDPROC_GAIN_DEP_VOLTBL_STEP_COPP
D/ACDB-LOADER(  275): ACDB -> AUDIO_SET_AUDPROC_VOL_CAL
D/AudioHardwareMSM8660(  275): addToTable stream 1
D/AudioHardwareMSM8660(  275): Bufsize 4800
D/AudioHardwareMSM8660(  275): SampleRate 44.1k
D/AudioHardwareMSM8660(  275): Bufsize 4800
D/AudioHardwareMSM8660(  275): SampleRate 44.1k
D/AudioHardwareMSM8660(  275): Bufsize 4800
D/AudioHardwareMSM8660(  275): SampleRate 44.1k
D/AudioHardwareMSM8660(  275): Bufsize 4800
D/AudioHardwareMSM8660(  275): SampleRate 44.1k
D/AudioHardwareMSM8660(  275): Bufsize 4800
D/AudioHardwareMSM8660(  275): SampleRate 44.1k
I/ActivityManager(  678): Displayed com.indooratlas.mapcreator.main/com.indooratlas.mapcreator.explorer.VenueDetailsActivity: +292ms
I/Timeline(19583): Timeline: Activity_idle id: android.os.BinderProxy@42399450 time:7626499
I/Timeline(  678): Timeline: Activity_windows_visible id: ActivityRecord{42193ed8 u0 com.indooratlas.mapcreator.main/com.indooratlas.mapcreator.explorer.VenueDetailsActivity t26} time:7626744
W/SurfaceFlinger(  272): couldn't log to binary event log: overflow.
D/VenueDetailsActivity(19583): venue loaded: {"updatedAt":"2015-01-15T02:51:34Z","id":"819e0f3a-24e6-4cef-8fd3-e1ba83c23f95","createdBy":"ec342e05-39eb-4212-85e0-894e8b738b33","floors":[{"updatedAt":"2015-01-15T03:05:14Z","id":"885c27e6-0fa6-43cb-911d-a4255ba92b7f","floorPlans":[{"imageMaskContent":null,"updatedAt":"0001-01-01T00:00:00Z","id":"80639201-3644-44f2-9370-165b5c39fae5","imageContent":null,"createdBy":"ec342e05-39eb-4212-85e0-894e8b738b33","floor":{"venue":{"id":"819e0f3a-24e6-4cef-8fd3-e1ba83c23f95"},"id":"885c27e6-0fa6-43cb-911d-a4255ba92b7f"},"markers":[{"floorplan":[2592,0],"geo":[10.81356308622,106.69107824564]},{"floorplan":[16,8],"geo":[10.8134366263212,106.69061422348]},{"floorplan":[0,1936],"geo":[10.8137685834419,106.690509617329]}],"createdAt":"2015-01-15T03:05:20Z","name":"Floor 2","maskUrl":null,"dimensions":[2592,1936],"url":"https:\/\/idaweb.blob.core.windows.net\/imageblobcontainer\/65c3b440-6026-4ad4-89e4-3de341d4ee3d"}],"venue":{"id":"819e0f3a-24e6-4cef-8fd3-e1ba83c23f95"},"floorNumber":2,"createdAt":"2015-01-15T03:05:14Z","name":"2"},{"updatedAt":"2015-01-15T03:05:25Z","id":"5157ad39-2270-408f-8155-f3bff9103d8d","floorPlans":[{"imageMaskContent":null,"updatedAt":"2015-01-15T03:07:00Z","id":"2fb04691-133b-4997-bbc6-a18fd4076a8a","imageContent":null,"createdBy":"ec342e05-39eb-4212-85e0-894e8b738b33","floor":{"venue":{"id":"819e0f3a-24e6-4cef-8fd3-e1ba83c23f95"},"id":"5157ad39-2270-408f-8155-f3bff9103d8d"},"markers":[{"floorplan":[0,1936],"geo":[10.8137066708322,106.690376847982]},{"floorplan":[2592,0],"geo":[10.813618412409,106.690564602613]},{"floorplan":[16,8],"geo":[10.813596,106.69043]}],"createdAt":"2015-01-15T03:05:37Z","name":"Floor 2","maskUrl":null,"dimensions":[2592,1936],"url":"https:\/\/idaweb.blob.core.windows.net\/imageblobcontainer\/ca67af85-2422-4b15-a9ad-7a3e9a0e2f34"}],"venue":{"id":"819e0f3a-24e6-4cef-8fd3-e1ba83c23f95"},"floorNumber":2,"createdAt":"2015-01-15T03:05:25Z","name":"2"}],"location":[10.8139371964419,106.690611541271],"isPrivate":false,"address":"L Quang nh, 08 Ho Chi Minh City, Southeast, Vietnam","createdAt":"2015-01-15T02:48:25Z","description":null,"name":"Aspire office building"}
D/AudioHardwareMSM8660(  275): deleteFromTable stream 1
D/AudioHardwareMSM8660(  275): updateDeviceInfo: E
D/AudioHardwareMSM8660(  275): simple device switch
D/lights  (  678): set_light_buttons: color=0xff000000, tlc=2.
D/lights  (  678): set_light_buttons: color=0xffffffff, tlc=1.
D/AudioHardwareMSM8660(  275): Bufsize 4800
D/AudioHardwareMSM8660(  275): SampleRate 44.1k
W/AudioTrack(  678): AUDIO_OUTPUT_FLAG_FAST denied by client due to mismatching sample rate (48000 vs 44100)
D/AudioFlinger(  275): start(4099), calling pid 678 session 209
D/AudioFlinger(  275): ? => ACTIVE (4099) on thread 0x411feae0
D/AudioHardwareMSM8660(  275): outputDevices = 2
I/AudioHardwareMSM8660(  275): Routing audio to Speakerphone (out_speaker case)
D/VenueDetailsActivity(19583): converting venue to building, venue: {"updatedAt":"2015-01-15T02:51:34Z","id":"819e0f3a-24e6-4cef-8fd3-e1ba83c23f95","createdBy":"ec342e05-39eb-4212-85e0-894e8b738b33","floors":[{"updatedAt":"2015-01-15T03:05:14Z","id":"885c27e6-0fa6-43cb-911d-a4255ba92b7f","floorPlans":[{"imageMaskContent":null,"updatedAt":"0001-01-01T00:00:00Z","id":"80639201-3644-44f2-9370-165b5c39fae5","imageContent":null,"createdBy":"ec342e05-39eb-4212-85e0-894e8b738b33","floor":{"venue":{"id":"819e0f3a-24e6-4cef-8fd3-e1ba83c23f95"},"id":"885c27e6-0fa6-43cb-911d-a4255ba92b7f"},"markers":[{"floorplan":[2592,0],"geo":[10.81356308622,106.69107824564]},{"floorplan":[16,8],"geo":[10.8134366263212,106.69061422348]},{"floorplan":[0,1936],"geo":[10.8137685834419,106.690509617329]}],"createdAt":"2015-01-15T03:05:20Z","name":"Floor 2","maskUrl":null,"dimensions":[2592,1936],"url":"https:\/\/idaweb.blob.core.windows.net\/imageblobcontainer\/65c3b440-6026-4ad4-89e4-3de341d4ee3d"}],"venue":{"id":"819e0f3a-24e6-4cef-8fd3-e1ba83c23f95"},"floorNumber":2,"createdAt":"2015-01-15T03:05:14Z","name":"2"},{"updatedAt":"2015-01-15T03:05:25Z","id":"5157ad39-2270-408f-8155-f3bff9103d8d","floorPlans":[{"imageMaskContent":null,"updatedAt":"2015-01-15T03:07:00Z","id":"2fb04691-133b-4997-bbc6-a18fd4076a8a","imageContent":null,"createdBy":"ec342e05-39eb-4212-85e0-894e8b738b33","floor":{"venue":{"id":"819e0f3a-24e6-4cef-8fd3-e1ba83c23f95"},"id":"5157ad39-2270-408f-8155-f3bff9103d8d"},"markers":[{"floorplan":[0,1936],"geo":[10.8137066708322,106.690376847982]},{"floorplan":[2592,0],"geo":[10.813618412409,106.690564602613]},{"floorplan":[16,8],"geo":[10.813596,106.69043]}],"createdAt":"2015-01-15T03:05:37Z","name":"Floor 2","maskUrl":null,"dimensions":[2592,1936],"url":"https:\/\/idaweb.blob.core.windows.net\/imageblobcontainer\/ca67af85-2422-4b15-a9ad-7a3e9a0e2f34"}],"venue":{"id":"819e0f3a-24e6-4cef-8fd3-e1ba83c23f95"},"floorNumber":2,"createdAt":"2015-01-15T03:05:25Z","name":"2"}],"location":[10.8139371964419,106.690611541271],"isPrivate":false,"address":"L Quang nh, 08 Ho Chi Minh City, Southeast, Vietnam","createdAt":"2015-01-15T02:48:25Z","description":null,"name":"Aspire office building"}, user: UserInfo{username='ha.nguyendinh04@gmail.com', deviceModel=com.indooratlas.mapcreator.model.g@423afaf0, apiKey='f3ace230-f476-4e4d-9e69-f65a434bae3f', userID='3ce3c5f7-8592-4e6e-8b10-5d3f581a1efa'}
I/Timeline(19583): Timeline: Activity_launch_request id:com.indooratlas.mapcreator.main time:7632299
D/AudioHardwareMSM8660(  275): SampleRate 44.1k
D/AudioHardwareMSM8660(  275): Bufsize 4800
E/AudioHardwareMSM8660(  275): write(): dec_id = 1 cur_rx = 2
E/AudioHardwareMSM8660(  275): cur_rx for pcm playback = 2
D/ACDB-LOADER(  275): ACDB -> send_audio_cal, acdb_id = 2, path =  0
D/ACDB-LOADER(  275): ACDB -> send_adm_topology
D/ACDB-LOADER(  275): ACDB -> ACDB_CMD_GET_AUDPROC_COMMON_TOPOLOGY_ID
D/ACDB-LOADER(  275): ACDB -> send_audtable
D/ACDB-LOADER(  275): ACDB samplerate = 256
D/ACDB-LOADER(  275): ACDB -> ACDB_CMD_GET_AUDPROC_COMMON_TABLE
D/ACDB-LOADER(  275): ACDB -> AUDIO_SET_AUDPROC_CAL
D/ACDB-LOADER(  275): ACDB -> send_audvoltable
D/ACDB-LOADER(  275): ACDB -> ACDB_CMD_GET_AUDPROC_GAIN_DEP_VOLTBL_STEP_COPP
D/ACDB-LOADER(  275): ACDB -> AUDIO_SET_AUDPROC_VOL_CAL
D/AudioHardwareMSM8660(  275): addToTable stream 1
D/AudioHardwareMSM8660(  275): Bufsize 4800
D/AudioHardwareMSM8660(  275): SampleRate 44.1k
I/ActivityManager(  678): START u0 {cmp=com.indooratlas.mapcreator.main/.PositioningActivity (has extras)} from pid 19583
D/AudioHardwareMSM8660(  275): Bufsize 4800
D/AudioHardwareMSM8660(  275): SampleRate 44.1k
D/AudioHardwareMSM8660(  275): Bufsize 4800
D/AudioHardwareMSM8660(  275): SampleRate 44.1k
D/AudioHardwareMSM8660(  275): Bufsize 4800
D/AudioHardwareMSM8660(  275): SampleRate 44.1k
D/AudioHardwareMSM8660(  275): Bufsize 4800
D/AudioHardwareMSM8660(  275): SampleRate 44.1k
I/dalvikvm(19583): Failed resolving Lcom/indooratlas/internal/core/i; interface 299 'Landroid/net/ConnectivityManager$OnNetworkActiveListener;'
W/dalvikvm(19583): Link of class 'Lcom/indooratlas/internal/core/i;' failed
E/dalvikvm(19583): Could not find class 'com.indooratlas.internal.core.i', referenced from method com.indooratlas.internal.core.d.a
W/dalvikvm(19583): VFY: unable to resolve new-instance 2256 (Lcom/indooratlas/internal/core/i;) in Lcom/indooratlas/internal/core/d;
D/dalvikvm(19583): VFY: replacing opcode 0x22 at 0x000c
I/dalvikvm(19583): Failed resolving Lcom/indooratlas/internal/core/i; interface 299 'Landroid/net/ConnectivityManager$OnNetworkActiveListener;'
W/dalvikvm(19583): Link of class 'Lcom/indooratlas/internal/core/i;' failed
D/dalvikvm(19583): DexOpt: unable to opt direct call 0x4bcf at 0x0e in Lcom/indooratlas/internal/core/d;.a
D/dalvikvm(19583): Trying to load lib /data/app-lib/com.indooratlas.mapcreator.main-1/libcpaJNI.so 0x41f85b10
D/dalvikvm(19583): Added shared lib /data/app-lib/com.indooratlas.mapcreator.main-1/libcpaJNI.so 0x41f85b10
I/ActivityManager(  678): Displayed com.indooratlas.mapcreator.main/.PositioningActivity: +923ms
I/Timeline(19583): Timeline: Activity_idle id: android.os.BinderProxy@42431038 time:7633423
I/Timeline(  678): Timeline: Activity_windows_visible id: ActivityRecord{42344160 u0 com.indooratlas.mapcreator.main/.PositioningActivity t26} time:7633692
W/SurfaceFlinger(  272): couldn't log to binary event log: overflow.
D/AudioHardwareMSM8660(  275): deleteFromTable stream 1
D/AudioHardwareMSM8660(  275): updateDeviceInfo: E
D/AudioHardwareMSM8660(  275): simple device switch
D/lights  (  678): set_light_buttons: color=0xff000000, tlc=2.
D/dalvikvm(19583): JIT unchain all for threadid=27
D/lights  (  678): set_light_buttons: color=0xffffffff, tlc=1.
D/AudioHardwareMSM8660(  275): Bufsize 4800
D/AudioHardwareMSM8660(  275): SampleRate 44.1k
W/AudioTrack(  678): AUDIO_OUTPUT_FLAG_FAST denied by client due to mismatching sample rate (48000 vs 44100)
D/AudioFlinger(  275): start(4098), calling pid 678 session 210
D/AudioFlinger(  275): ? => ACTIVE (4098) on thread 0x41270a68
D/AudioHardwareMSM8660(  275): outputDevices = 2
I/ActivityManager(  678): START u0 {act=android.net.wifi.PICK_WIFI_NETWORK cmp=com.android.settings/.wifi.WifiPickerActivity} from pid 19583
I/AudioHardwareMSM8660(  275): Routing audio to Speakerphone (out_speaker case)
D/AudioHardwareMSM8660(  275): SampleRate 44.1k
D/AudioHardwareMSM8660(  275): Bufsize 4800
E/AudioHardwareMSM8660(  275): write(): dec_id = 1 cur_rx = 2
E/AudioHardwareMSM8660(  275): cur_rx for pcm playback = 2
V/Zygote  (19667): Switching descriptor 33 to /dev/null
V/Zygote  (19667): Switching descriptor 10 to /dev/null
I/ActivityManager(  678): Start proc com.android.settings for activity com.android.settings/.wifi.WifiPickerActivity: pid=19667 uid=1000 gids={41000, 1028, 1015, 3002, 3001, 3003}
D/ACDB-LOADER(  275): ACDB -> send_audio_cal, acdb_id = 2, path =  0
D/ACDB-LOADER(  275): ACDB -> send_adm_topology
D/ACDB-LOADER(  275): ACDB -> ACDB_CMD_GET_AUDPROC_COMMON_TOPOLOGY_ID
D/ACDB-LOADER(  275): ACDB -> send_audtable
D/ACDB-LOADER(  275): ACDB samplerate = 256
D/ACDB-LOADER(  275): ACDB -> ACDB_CMD_GET_AUDPROC_COMMON_TABLE
D/ACDB-LOADER(  275): ACDB -> AUDIO_SET_AUDPROC_CAL
D/ACDB-LOADER(  275): ACDB -> send_audvoltable
D/ACDB-LOADER(  275): ACDB -> ACDB_CMD_GET_AUDPROC_GAIN_DEP_VOLTBL_STEP_COPP
D/ACDB-LOADER(  275): ACDB -> AUDIO_SET_AUDPROC_VOL_CAL
D/AudioHardwareMSM8660(  275): addToTable stream 1
D/AudioHardwareMSM8660(  275): Bufsize 4800
D/AudioHardwareMSM8660(  275): SampleRate 44.1k
D/AudioHardwareMSM8660(  275): Bufsize 4800
D/AudioHardwareMSM8660(  275): SampleRate 44.1k
D/AudioHardwareMSM8660(  275): Bufsize 4800
D/AudioHardwareMSM8660(  275): SampleRate 44.1k
D/AudioHardwareMSM8660(  275): Bufsize 4800
D/AudioHardwareMSM8660(  275): SampleRate 44.1k
D/AudioHardwareMSM8660(  275): Bufsize 4800
D/AudioHardwareMSM8660(  275): SampleRate 44.1k
D/ActivityThread(19667): handleBindApplication:com.android.settings
D/ActivityThread(19667): setTargetHeapUtilization:0.75
D/ActivityThread(19667): setTargetHeapMinFree:2097152
I/Adreno200-EGL(19667): <qeglDrvAPI_eglInitialize:269>: EGL 1.4 QUALCOMM build: AU_LINUX_ANDROID_JB_VANILLA.04.02.02.60.051_msm8960_JB_VANILLA_CL2997615_release_AU (CL2997615)
I/Adreno200-EGL(19667): Build Date: 04/11/13 Thu
I/Adreno200-EGL(19667): Local Branch: 
I/Adreno200-EGL(19667): Remote Branch: quic/mako_jb_mr1
I/Adreno200-EGL(19667): Local Patches: NONE
I/Adreno200-EGL(19667): Reconstruct Branch: AU_LINUX_ANDROID_JB_VANILLA.04.02.02.60.051 +  NOTHING
D/OpenGLRenderer(19667): Enabling debug mode 0
I/ActivityManager(  678): Displayed com.android.settings/.wifi.WifiPickerActivity: +1s60ms
I/Timeline(  678): Timeline: Activity_windows_visible id: ActivityRecord{423ff0e8 u0 com.android.settings/.wifi.WifiPickerActivity t26} time:7643779
I/Timeline(19667): Timeline: Activity_idle id: android.os.BinderProxy@41f7ff48 time:7644044
D/AudioHardwareMSM8660(  275): deleteFromTable stream 1
D/AudioHardwareMSM8660(  275): updateDeviceInfo: E
D/AudioHardwareMSM8660(  275): simple device switch
W/InputEventReceiver(19667): Attempted to finish an input event but the input event receiver has already been disposed.
W/InputMethodManagerService(  678): Window already focused, ignoring focus gain of: com.android.internal.view.IInputMethodClient$Stub$Proxy@42162e70 attribute=null, token = android.os.BinderProxy@42396470
D/AudioHardwareMSM8660(  275): Bufsize 4800
D/AudioHardwareMSM8660(  275): SampleRate 44.1k
W/AudioTrack(  678): AUDIO_OUTPUT_FLAG_FAST denied by client due to mismatching sample rate (48000 vs 44100)
D/AudioFlinger(  275): start(4099), calling pid 678 session 211
D/AudioFlinger(  275): ? => ACTIVE (4099) on thread 0x411feae0
D/AudioHardwareMSM8660(  275): outputDevices = 2
I/AudioHardwareMSM8660(  275): Routing audio to Speakerphone (out_speaker case)
D/AudioHardwareMSM8660(  275): SampleRate 44.1k
D/AudioHardwareMSM8660(  275): Bufsize 4800
E/AudioHardwareMSM8660(  275): write(): dec_id = 1 cur_rx = 2
E/AudioHardwareMSM8660(  275): cur_rx for pcm playback = 2
D/ACDB-LOADER(  275): ACDB -> send_audio_cal, acdb_id = 2, path =  0
D/ACDB-LOADER(  275): ACDB -> send_adm_topology
D/ACDB-LOADER(  275): ACDB -> ACDB_CMD_GET_AUDPROC_COMMON_TOPOLOGY_ID
D/ACDB-LOADER(  275): ACDB -> send_audtable
D/ACDB-LOADER(  275): ACDB samplerate = 256
D/ACDB-LOADER(  275): ACDB -> ACDB_CMD_GET_AUDPROC_COMMON_TABLE
D/ACDB-LOADER(  275): ACDB -> AUDIO_SET_AUDPROC_CAL
D/ACDB-LOADER(  275): ACDB -> send_audvoltable
D/ACDB-LOADER(  275): ACDB -> ACDB_CMD_GET_AUDPROC_GAIN_DEP_VOLTBL_STEP_COPP
D/ACDB-LOADER(  275): ACDB -> AUDIO_SET_AUDPROC_VOL_CAL
D/AudioHardwareMSM8660(  275): addToTable stream 1
D/AudioHardwareMSM8660(  275): Bufsize 4800
D/AudioHardwareMSM8660(  275): SampleRate 44.1k
D/AudioHardwareMSM8660(  275): Bufsize 4800
D/AudioHardwareMSM8660(  275): SampleRate 44.1k
D/AudioHardwareMSM8660(  275): Bufsize 4800
D/AudioHardwareMSM8660(  275): SampleRate 44.1k
D/AudioHardwareMSM8660(  275): Bufsize 4800
D/AudioHardwareMSM8660(  275): SampleRate 44.1k
D/AudioHardwareMSM8660(  275): Bufsize 4800
D/AudioHardwareMSM8660(  275): SampleRate 44.1k
I/Timeline(19667): Timeline: Activity_launch_request id:com.android.settings time:7649386
I/ActivityManager(  678): START u0 {act=android.intent.action.MAIN cmp=com.android.settings/.wifi.WifiPickerActivity (has extras)} from pid 19667
I/ActivityManager(  678): Displayed com.android.settings/.wifi.WifiPickerActivity: +585ms
I/Timeline(19667): Timeline: Activity_idle id: android.os.BinderProxy@42267fc0 time:7650124
I/Timeline(  678): Timeline: Activity_windows_visible id: ActivityRecord{424139d0 u0 com.android.settings/.wifi.WifiPickerActivity t26} time:7650328
D/AudioHardwareMSM8660(  275): deleteFromTable stream 1
D/AudioHardwareMSM8660(  275): updateDeviceInfo: E
D/AudioHardwareMSM8660(  275): simple device switch
D/AudioHardwareMSM8660(  275): Bufsize 4800
D/AudioHardwareMSM8660(  275): SampleRate 44.1k
W/AudioTrack(  678): AUDIO_OUTPUT_FLAG_FAST denied by client due to mismatching sample rate (48000 vs 44100)
D/AudioFlinger(  275): start(4098), calling pid 678 session 212
D/AudioFlinger(  275): ? => ACTIVE (4098) on thread 0x41270a68
D/AudioHardwareMSM8660(  275): outputDevices = 2
I/AudioHardwareMSM8660(  275): Routing audio to Speakerphone (out_speaker case)
D/AudioHardwareMSM8660(  275): SampleRate 44.1k
D/AudioHardwareMSM8660(  275): Bufsize 4800
E/AudioHardwareMSM8660(  275): write(): dec_id = 1 cur_rx = 2
E/AudioHardwareMSM8660(  275): cur_rx for pcm playback = 2
D/ACDB-LOADER(  275): ACDB -> send_audio_cal, acdb_id = 2, path =  0
D/ACDB-LOADER(  275): ACDB -> send_adm_topology
D/ACDB-LOADER(  275): ACDB -> ACDB_CMD_GET_AUDPROC_COMMON_TOPOLOGY_ID
D/ACDB-LOADER(  275): ACDB -> send_audtable
D/ACDB-LOADER(  275): ACDB samplerate = 256
D/ACDB-LOADER(  275): ACDB -> ACDB_CMD_GET_AUDPROC_COMMON_TABLE
D/ACDB-LOADER(  275): ACDB -> AUDIO_SET_AUDPROC_CAL
D/ACDB-LOADER(  275): ACDB -> send_audvoltable
D/ACDB-LOADER(  275): ACDB -> ACDB_CMD_GET_AUDPROC_GAIN_DEP_VOLTBL_STEP_COPP
D/ACDB-LOADER(  275): ACDB -> AUDIO_SET_AUDPROC_VOL_CAL
D/AudioHardwareMSM8660(  275): addToTable stream 1
D/AudioHardwareMSM8660(  275): Bufsize 4800
D/AudioHardwareMSM8660(  275): SampleRate 44.1k
D/AudioHardwareMSM8660(  275): Bufsize 4800
D/AudioHardwareMSM8660(  275): SampleRate 44.1k
D/AudioHardwareMSM8660(  275): Bufsize 4800
D/AudioHardwareMSM8660(  275): SampleRate 44.1k
D/AudioHardwareMSM8660(  275): Bufsize 4800
D/AudioHardwareMSM8660(  275): SampleRate 44.1k
D/AudioHardwareMSM8660(  275): Bufsize 4800
D/AudioHardwareMSM8660(  275): SampleRate 44.1k
D/AudioHardwareMSM8660(  275): Bufsize 4800
D/AudioHardwareMSM8660(  275): SampleRate 44.1k
W/AudioTrack(  678): AUDIO_OUTPUT_FLAG_FAST denied by client due to mismatching sample rate (48000 vs 44100)
D/AudioFlinger(  275): start(4099), calling pid 678 session 213
D/AudioFlinger(  275): ? => ACTIVE (4099) on thread 0x411feae0
D/AudioHardwareMSM8660(  275): outputDevices = 2
I/AudioHardwareMSM8660(  275): Routing audio to Speakerphone (out_speaker case)
I/ActivityManager(  678): START u0 {act=android.intent.action.MAIN cat=[android.intent.category.LAUNCHER] flg=0x1000c000 cmp=com.android.settings/.Settings} from pid 19667
D/AudioHardwareMSM8660(  275): Bufsize 4800
D/AudioHardwareMSM8660(  275): SampleRate 44.1k
D/AudioHardwareMSM8660(  275): Bufsize 4800
D/AudioHardwareMSM8660(  275): SampleRate 44.1k
D/AudioHardwareMSM8660(  275): Bufsize 4800
D/AudioHardwareMSM8660(  275): SampleRate 44.1k
D/AudioHardwareMSM8660(  275): Bufsize 4800
D/AudioHardwareMSM8660(  275): SampleRate 44.1k
D/AudioHardwareMSM8660(  275): Bufsize 4800
D/AudioHardwareMSM8660(  275): SampleRate 44.1k
D/BluetoothManagerService(  678): Message: 20
D/BluetoothManagerService(  678): Added callback: android.bluetooth.IBluetoothManagerCallback$Stub$Proxy@420220b8:true
D/BluetoothAdapter(19667): 1110830376: getState() :  mService = null. Returning STATE_OFF
D/BluetoothManagerService(  678): Message: 30
D/BluetoothManagerService(  678): Message: 30
W/ContextImpl(19667): Calling a method in the system process without a qualified user: android.app.ContextImpl.bindService:1608 android.content.ContextWrapper.bindService:517 android.bluetooth.BluetoothInputDevice.doBind:256 android.bluetooth.BluetoothInputDevice.<init>:249 android.bluetooth.BluetoothAdapter.getProfileProxy:1375 
D/LocalBluetoothProfileManager(19667): Adding local MAP profile
D/BluetoothMap(19667): Create BluetoothMap proxy object
D/BluetoothManagerService(  678): Message: 30
W/ContextImpl(19667): Calling a method in the system process without a qualified user: android.app.ContextImpl.bindService:1608 android.content.ContextWrapper.bindService:517 android.bluetooth.BluetoothPan.doBind:148 android.bluetooth.BluetoothPan.<init>:141 android.bluetooth.BluetoothAdapter.getProfileProxy:1378 
W/ContextImpl(19667): Calling a method in the system process without a qualified user: android.app.ContextImpl.bindService:1608 android.content.ContextWrapper.bindService:517 android.bluetooth.BluetoothMap.doBind:109 android.bluetooth.BluetoothMap.<init>:102 android.bluetooth.BluetoothAdapter.getProfileProxy:1390 
D/BluetoothManagerService(  678): Message: 30
D/LocalBluetoothProfileManager(19667): LocalBluetoothProfileManager construction complete
W/ContextImpl(19667): Calling a method in the system process without a qualified user: android.app.ContextImpl.bindService:1608 android.content.ContextWrapper.bindService:517 android.bluetooth.BluetoothPbap.doBind:164 android.bluetooth.BluetoothPbap.<init>:157 com.android.settings.bluetooth.PbapServerProfile.<init>:68 
D/BluetoothAdapter(19667): 1110830376: getState() :  mService = null. Returning STATE_OFF
D/BluetoothAdapter(19667): 1110830376: getState() :  mService = null. Returning STATE_OFF
D/WifiService(  678): setWifiEnabled: true pid=19667, uid=1000
D/BluetoothAdapter(19667): 1110830376: getState() :  mService = null. Returning STATE_OFF
I/ActivityManager(  678): Displayed com.android.settings/.Settings: +1s172ms
I/Timeline(  678): Timeline: Activity_windows_visible id: ActivityRecord{424430c0 u0 com.android.settings/.Settings t31} time:7655948
I/Timeline(19667): Timeline: Activity_idle id: android.os.BinderProxy@42303570 time:7655999
D/AudioHardwareMSM8660(  275): deleteFromTable stream 1
D/AudioHardwareMSM8660(  275): updateDeviceInfo: E
D/AudioHardwareMSM8660(  275): simple device switch
I/ActivityManager(  678): START u0 {act=com.android.systemui.recent.action.TOGGLE_RECENTS flg=0x10800000 cmp=com.android.systemui/.recent.RecentsActivity (has extras)} from pid 974
W/InputMethodManagerService(  678): Starting input on non-focused client com.android.internal.view.IInputMethodClient$Stub$Proxy@4247b2d8 (uid=1000 pid=19667)
I/Timeline(  974): Timeline: Activity_idle id: android.os.BinderProxy@4356f230 time:7658272
I/Timeline(  678): Timeline: Activity_windows_visible id: ActivityRecord{41faf368 u0 com.android.systemui/.recent.RecentsActivity t30} time:7658545
D/RestClient(19583): creating socket for host: ipsws.indooratlas.com
D/RestClient(19583): Setting SNI hostname
D/AudioHardwareMSM8660(  275): Bufsize 4800
D/AudioHardwareMSM8660(  275): SampleRate 44.1k
W/AudioTrack(  678): AUDIO_OUTPUT_FLAG_FAST denied by client due to mismatching sample rate (48000 vs 44100)
D/AudioFlinger(  275): start(4098), calling pid 678 session 214
D/AudioFlinger(  275): ? => ACTIVE (4098) on thread 0x41270a68
D/AudioHardwareMSM8660(  275): outputDevices = 2
I/AudioHardwareMSM8660(  275): Routing audio to Speakerphone (out_speaker case)
D/AudioHardwareMSM8660(  275): SampleRate 44.1k
D/AudioHardwareMSM8660(  275): Bufsize 4800
E/AudioHardwareMSM8660(  275): write(): dec_id = 1 cur_rx = 2
E/AudioHardwareMSM8660(  275): cur_rx for pcm playback = 2
D/ACDB-LOADER(  275): ACDB -> send_audio_cal, acdb_id = 2, path =  0
D/ACDB-LOADER(  275): ACDB -> send_adm_topology
D/ACDB-LOADER(  275): ACDB -> ACDB_CMD_GET_AUDPROC_COMMON_TOPOLOGY_ID
D/ACDB-LOADER(  275): ACDB -> send_audtable
D/ACDB-LOADER(  275): ACDB samplerate = 256
D/ACDB-LOADER(  275): ACDB -> ACDB_CMD_GET_AUDPROC_COMMON_TABLE
D/ACDB-LOADER(  275): ACDB -> AUDIO_SET_AUDPROC_CAL
D/ACDB-LOADER(  275): ACDB -> send_audvoltable
D/ACDB-LOADER(  275): ACDB -> ACDB_CMD_GET_AUDPROC_GAIN_DEP_VOLTBL_STEP_COPP
D/ACDB-LOADER(  275): ACDB -> AUDIO_SET_AUDPROC_VOL_CAL
D/AudioHardwareMSM8660(  275): addToTable stream 1
D/AudioHardwareMSM8660(  275): Bufsize 4800
D/AudioHardwareMSM8660(  275): SampleRate 44.1k
D/AudioHardwareMSM8660(  275): Bufsize 4800
D/AudioHardwareMSM8660(  275): SampleRate 44.1k
D/AudioHardwareMSM8660(  275): Bufsize 4800
D/AudioHardwareMSM8660(  275): SampleRate 44.1k
D/AudioHardwareMSM8660(  275): Bufsize 4800
D/AudioHardwareMSM8660(  275): SampleRate 44.1k
D/AudioHardwareMSM8660(  275): Bufsize 4800
D/AudioHardwareMSM8660(  275): SampleRate 44.1k
D/RestClient(19583): verifying hostname
D/RestClient(19583): Established TLSv1.2 connection with ipsws.indooratlas.com using TLS_ECDHE_RSA_WITH_AES_128_CBC_SHA
D/RestClient(19583): socket created, connected: true
I/Adreno200-EGL(19583): <qeglDrvAPI_eglInitialize:269>: EGL 1.4 QUALCOMM build: AU_LINUX_ANDROID_JB_VANILLA.04.02.02.60.051_msm8960_JB_VANILLA_CL2997615_release_AU (CL2997615)
I/Adreno200-EGL(19583): Build Date: 04/11/13 Thu
I/Adreno200-EGL(19583): Local Branch: 
I/Adreno200-EGL(19583): Remote Branch: quic/mako_jb_mr1
I/Adreno200-EGL(19583): Local Patches: NONE
I/Adreno200-EGL(19583): Reconstruct Branch: AU_LINUX_ANDROID_JB_VANILLA.04.02.02.60.051 +  NOTHING
I/ActivityManager(  678): Process com.google.android.gms.ui (pid 19338) has died.
I/Timeline(19583): Timeline: Activity_idle id: android.os.BinderProxy@42431038 time:7663036
I/Timeline(  678): Timeline: Activity_windows_visible id: ActivityRecord{42344160 u0 com.indooratlas.mapcreator.main/.PositioningActivity t26} time:7663333
D/AudioHardwareMSM8660(  275): deleteFromTable stream 1
D/AudioHardwareMSM8660(  275): updateDeviceInfo: E
D/AudioHardwareMSM8660(  275): simple device switch
D/lights  (  678): set_light_buttons: color=0xff000000, tlc=2.
D/lights  (  678): set_light_buttons: color=0xffffffff, tlc=1.
D/AudioHardwareMSM8660(  275): Bufsize 4800
D/AudioHardwareMSM8660(  275): SampleRate 44.1k
W/AudioTrack(  678): AUDIO_OUTPUT_FLAG_FAST denied by client due to mismatching sample rate (48000 vs 44100)
D/AudioFlinger(  275): start(4099), calling pid 678 session 215
D/AudioFlinger(  275): ? => ACTIVE (4099) on thread 0x411feae0
D/AudioHardwareMSM8660(  275): outputDevices = 2
I/AudioHardwareMSM8660(  275): Routing audio to Speakerphone (out_speaker case)
D/AudioHardwareMSM8660(  275): SampleRate 44.1k
D/AudioHardwareMSM8660(  275): Bufsize 4800
E/AudioHardwareMSM8660(  275): write(): dec_id = 1 cur_rx = 2
E/AudioHardwareMSM8660(  275): cur_rx for pcm playback = 2
D/ACDB-LOADER(  275): ACDB -> send_audio_cal, acdb_id = 2, path =  0
D/ACDB-LOADER(  275): ACDB -> send_adm_topology
D/ACDB-LOADER(  275): ACDB -> ACDB_CMD_GET_AUDPROC_COMMON_TOPOLOGY_ID
D/ACDB-LOADER(  275): ACDB -> send_audtable
D/ACDB-LOADER(  275): ACDB samplerate = 256
D/ACDB-LOADER(  275): ACDB -> ACDB_CMD_GET_AUDPROC_COMMON_TABLE
D/ACDB-LOADER(  275): ACDB -> AUDIO_SET_AUDPROC_CAL
D/ACDB-LOADER(  275): ACDB -> send_audvoltable
D/ACDB-LOADER(  275): ACDB -> ACDB_CMD_GET_AUDPROC_GAIN_DEP_VOLTBL_STEP_COPP
D/ACDB-LOADER(  275): ACDB -> AUDIO_SET_AUDPROC_VOL_CAL
D/AudioHardwareMSM8660(  275): addToTable stream 1
D/AudioHardwareMSM8660(  275): Bufsize 4800
D/AudioHardwareMSM8660(  275): SampleRate 44.1k
D/AudioHardwareMSM8660(  275): Bufsize 4800
D/AudioHardwareMSM8660(  275): SampleRate 44.1k
D/AudioHardwareMSM8660(  275): Bufsize 4800
D/AudioHardwareMSM8660(  275): SampleRate 44.1k
D/AudioHardwareMSM8660(  275): Bufsize 4800
D/AudioHardwareMSM8660(  275): SampleRate 44.1k
D/AudioHardwareMSM8660(  275): Bufsize 4800
D/AudioHardwareMSM8660(  275): SampleRate 44.1k
I/ActivityManager(  678): Process com.google.android.apps.maps (pid 19363) has died.
D/AudioHardwareMSM8660(  275): deleteFromTable stream 1
D/AudioHardwareMSM8660(  275): updateDeviceInfo: E
D/AudioHardwareMSM8660(  275): simple device switch
E/Sensors (  678): enable:204 gyro_dps = 0 .
I/Choreographer(19583): Skipped 48 frames!  The application may be doing too much work on its main thread.
D/lights  (  678): set_light_buttons: color=0xff000000, tlc=2.
D/dalvikvm(19583): Debugger has detached; object registry had 1 entries
D/dalvikvm(17512): Debugger has detached; object registry had 1 entries
D/dalvikvm(  678): Debugger has detached; object registry had 1 entries
D/dalvikvm( 1118): Debugger has detached; object registry had 1 entries
D/dalvikvm( 2567): Debugger has detached; object registry had 1 entries
D/dalvikvm(  974): Debugger has detached; object registry had 1 entries
D/dalvikvm( 1125): Debugger has detached; object registry had 1 entries
D/dalvikvm( 1111): Debugger has detached; object registry had 1 entries
D/dalvikvm( 2551): Debugger has detached; object registry had 1 entries
D/dalvikvm(16286): Debugger has detached; object registry had 1 entries
D/dalvikvm( 1105): Debugger has detached; object registry had 1 entries
D/dalvikvm( 5897): Debugger has detached; object registry had 1 entries
D/dalvikvm( 1312): Debugger has detached; object registry had 1 entries
D/dalvikvm(17737): Debugger has detached; object registry had 1 entries
D/dalvikvm(18643): Debugger has detached; object registry had 1 entries
D/dalvikvm(14185): Debugger has detached; object registry had 1 entries
D/dalvikvm(19667): Debugger has detached; object registry had 1 entries
D/dalvikvm(19295): Debugger has detached; object registry had 1 entries
D/dalvikvm(19432): Debugger has detached; object registry had 1 entries
D/dalvikvm(19242): Debugger has detached; object registry had 1 entries
D/lights  (  678): set_light_buttons: color=0xffffffff, tlc=1.
I/iu.Environment(14185): update battery state; isPlugged? false*
I/GCoreUlr( 2551): Starting service, intent=Intent { act=com.google.android.location.reporting.ACTION_UPDATE_WORLD cmp=com.google.android.gms/com.google.android.location.reporting.service.DispatchingService (has extras) }, extras=Bundle[{receiverAction=android.intent.action.ACTION_POWER_DISCONNECTED}]
I/iu.UploadsManager(14185): num queued entries: 0
V/Zygote  (19790): Switching descriptor 33 to /dev/null
V/Zygote  (19790): Switching descriptor 10 to /dev/null
I/ActivityManager(  678): Start proc com.google.android.apps.plus for broadcast com.google.android.apps.plus/com.google.android.libraries.social.autobackup.AutoBackupEnvironment$BatteryReceiver: pid=19790 uid=10078 gids={50078, 3003, 3002, 1028, 1015, 1006}
I/iu.UploadsManager(14185): num updated entries: 0
I/iu.SyncManager(14185): NEXT; no task
I/GCoreUlr( 2551): DispatchingService.onCreate()
D/ActivityThread(19790): handleBindApplication:com.google.android.apps.plus
D/ActivityThread(19790): setTargetHeapUtilization:0.75
D/ActivityThread(19790): setTargetHeapMinFree:2097152
E/dalvikvm(19790): Could not find class 'android.app.Notification$Action$Builder', referenced from method b.a
W/dalvikvm(19790): VFY: unable to resolve new-instance 302 (Landroid/app/Notification$Action$Builder;) in Lb;
D/dalvikvm(19790): VFY: replacing opcode 0x22 at 0x0000
I/ActivityManager(  678): Process com.google.android.googlequicksearchbox:search (pid 19295) has died.
I/GCoreUlr( 2551): WorldUpdater received intent Intent { act=com.google.android.location.reporting.ACTION_UPDATE_WORLD cmp=com.google.android.gms/com.google.android.location.reporting.service.DispatchingService (has extras) } with receiverAction android.intent.action.ACTION_POWER_DISCONNECTED
E/dalvikvm(19790): Could not find class 'android.graphics.drawable.RippleDrawable', referenced from method b.a
W/dalvikvm(19790): VFY: unable to resolve new-instance 462 (Landroid/graphics/drawable/RippleDrawable;) in Lb;
D/dalvikvm(19790): VFY: replacing opcode 0x22 at 0x000b
