D/dalvikvm(18437): Added shared lib libnativehelper.so 0x0
D/dalvikvm(18437): No JNI_OnLoad found in libnativehelper.so 0x0, skipping init
I/PackageManager(  678):   Action: "android.intent.action.SENDTO"
I/PackageManager(  678):   Category: "android.intent.category.DEFAULT"
I/PackageManager(  678):   Scheme: "sms"
I/PackageManager(  678): Adding preferred activity ComponentInfo{com.android.mms/com.android.mms.ui.ComposeMessageActivity} for user 0 :
D/ActivityThread(18439): handleBindApplication:com.android.settings
D/ActivityThread(18439): setTargetHeapUtilization:0.75
D/ActivityThread(18439): setTargetHeapMinFree:2097152
D/dalvikvm(18437): Note: class Landroid/app/ActivityManagerNative; has 180 unimplemented (abstract) methods
I/PackageManager(  678):   Action: "android.intent.action.SENDTO"
I/PackageManager(  678):   Category: "android.intent.category.DEFAULT"
I/PackageManager(  678):   Scheme: "smsto"
I/PackageManager(  678): Adding preferred activity ComponentInfo{com.android.mms/com.android.mms.ui.ComposeMessageActivity} for user 0 :
I/PackageManager(  678):   Action: "android.intent.action.SENDTO"
I/PackageManager(  678):   Category: "android.intent.category.DEFAULT"
I/PackageManager(  678):   Scheme: "mms"
I/PackageManager(  678): Adding preferred activity ComponentInfo{com.android.mms/com.android.mms.ui.ComposeMessageActivity} for user 0 :
I/PackageManager(  678):   Action: "android.intent.action.SENDTO"
I/PackageManager(  678):   Category: "android.intent.category.DEFAULT"
I/PackageManager(  678):   Scheme: "mmsto"
I/PackageManager(  678): Adding preferred activity ComponentInfo{com.android.mms/com.android.mms.ui.ComposeMessageActivity} for user 0 :
I/PackageManager(  678):   Action: "android.intent.action.SENDTO"
I/PackageManager(  678):   Category: "android.intent.category.DEFAULT"
I/PackageManager(  678):   Scheme: "sms"
I/PackageManager(  678): Adding preferred activity ComponentInfo{com.android.mms/com.android.mms.ui.ComposeMessageActivity} for user 0 :
I/PackageManager(  678):   Action: "android.intent.action.SENDTO"
I/PackageManager(  678):   Category: "android.intent.category.DEFAULT"
I/PackageManager(  678):   Scheme: "smsto"
I/PackageManager(  678): Adding preferred activity ComponentInfo{com.android.mms/com.android.mms.ui.ComposeMessageActivity} for user 0 :
I/PackageManager(  678):   Action: "android.intent.action.SENDTO"
I/PackageManager(  678):   Category: "android.intent.category.DEFAULT"
I/PackageManager(  678):   Scheme: "mms"
I/PackageManager(  678): Adding preferred activity ComponentInfo{com.android.mms/com.android.mms.ui.ComposeMessageActivity} for user 0 :
I/PackageManager(  678):   Action: "android.intent.action.SENDTO"
I/PackageManager(  678):   Category: "android.intent.category.DEFAULT"
I/PackageManager(  678):   Scheme: "mmsto"
I/PackageManager(  678): Adding preferred activity ComponentInfo{com.android.mms/com.android.mms.ui.ComposeMessageActivity} for user 0 :
D/AndroidRuntime(18437): Calling main entry com.android.commands.input.Input
I/Input   (18437): injectKeyEvent: KeyEvent { action=ACTION_DOWN, keyCode=KEYCODE_MENU, scanCode=0, metaState=0, flags=0x0, repeatCount=0, eventTime=6995148, downTime=6995148, deviceId=-1, source=0x101 }
D/lights  (  678): set_light_buttons: color=0xffffffff, tlc=1.
E/NetworkScheduler.SchedulerReceiver( 2567): Invalid parameter app
E/NetworkScheduler.SchedulerReceiver( 2567): Invalid package name : Perhaps you didn't include a PendingIntent in the extras?
W/Launcher(18006): setApplicationContext called twice! old=com.google.android.velvet.VelvetApplication@41f86a18 new=com.google.android.velvet.VelvetApplication@41f86a18
D/PackageBroadcastService(14185): Received broadcast action=android.intent.action.PACKAGE_REMOVED and uri=com.ionicframework.indooratlas527678
V/Zygote  (18463): Switching descriptor 33 to /dev/null
V/Zygote  (18463): Switching descriptor 10 to /dev/null
I/ActivityManager(  678): Start proc com.android.keychain for broadcast com.android.keychain/.KeyChainBroadcastReceiver: pid=18463 uid=1000 gids={41000, 1028, 1015, 3002, 3001, 3003}
I/ConfigService( 2567): onCreate
I/ConfigService( 2567): onBind for Intent { act=com.google.android.gms.config.UPDATE pkg=com.google.android.gms } action com.google.android.gms.config.UPDATE
I/ConfigService( 2567): onBind returning update interface
I/Input   (18437): injectKeyEvent: KeyEvent { action=ACTION_UP, keyCode=KEYCODE_MENU, scanCode=0, metaState=0, flags=0x0, repeatCount=0, eventTime=6995148, downTime=6995148, deviceId=-1, source=0x101 }
I/ConfigService( 2567): onBind for Intent { act=com.google.android.gms.config.START pkg=com.google.android.gms } action com.google.android.gms.config.START
I/ConfigService( 2567): onBind returning service broker
I/ConfigFetchService(14185): onStartCommand Intent { act=android.intent.action.PACKAGE_REMOVED dat=package:com.ionicframework.indooratlas527678 cmp=com.google.android.gms/.config.ConfigFetchService (has extras) }
D/ActivityThread(18463): handleBindApplication:com.android.keychain
D/ActivityThread(18463): setTargetHeapUtilization:0.75
D/ActivityThread(18463): setTargetHeapMinFree:2097152
I/ConfigFetchService(14185): service connected
D/AndroidRuntime(18437): Shutting down VM
D/jdwp    (18437): Got wake-up signal, bailing out of select
D/dalvikvm(18437): Debugger has detached; object registry had 1 entries
W/ContextImpl(18463): Calling a method in the system process without a qualified user: android.app.ContextImpl.startService:1544 android.content.ContextWrapper.startService:494 android.content.ContextWrapper.startService:494 com.android.keychain.KeyChainBroadcastReceiver.onReceive:12 android.app.ActivityThread.handleReceiver:2436 
V/Zygote  (18479): Switching descriptor 33 to /dev/null
V/Zygote  (18479): Switching descriptor 10 to /dev/null
I/ActivityManager(  678): Start proc com.android.gallery3d for broadcast com.android.gallery3d/.app.PackagesMonitor: pid=18479 uid=10041 gids={50041, 1006, 3003, 1028, 1015}
D/ActivityThread(18479): handleBindApplication:com.android.gallery3d
D/ActivityThread(18479): setTargetHeapUtilization:0.75
D/ActivityThread(18479): setTargetHeapMinFree:2097152
V/Zygote  (18496): Switching descriptor 33 to /dev/null
V/Zygote  (18496): Switching descriptor 10 to /dev/null
I/ActivityManager(  678): Start proc com.google.android.apps.plus for broadcast com.google.android.apps.plus/.service.PackagesMediaMonitor: pid=18496 uid=10078 gids={50078, 3003, 3002, 1028, 1015, 1006}
D/ActivityThread(18496): handleBindApplication:com.google.android.apps.plus
D/ActivityThread(18496): setTargetHeapUtilization:0.75
D/ActivityThread(18496): setTargetHeapMinFree:2097152
D/dalvikvm(18496): Debugger has detached; object registry had 1 entries
D/AndroidRuntime(18494): 
D/AndroidRuntime(18494): >>>>>> AndroidRuntime START com.android.internal.os.RuntimeInit <<<<<<
D/AndroidRuntime(18494): CheckJNI is OFF
E/dalvikvm(18496): Could not find class 'android.app.Notification$Action$Builder', referenced from method b.a
W/dalvikvm(18496): VFY: unable to resolve new-instance 302 (Landroid/app/Notification$Action$Builder;) in Lb;
D/dalvikvm(18496): VFY: replacing opcode 0x22 at 0x0000
D/dalvikvm(18494): Trying to load lib libjavacore.so 0x0
D/dalvikvm(18494): Added shared lib libjavacore.so 0x0
D/dalvikvm(18494): Trying to load lib libnativehelper.so 0x0
D/dalvikvm(18494): Added shared lib libnativehelper.so 0x0
D/dalvikvm(18494): No JNI_OnLoad found in libnativehelper.so 0x0, skipping init
E/dalvikvm(18496): Could not find class 'android.graphics.drawable.RippleDrawable', referenced from method b.a
W/dalvikvm(18496): VFY: unable to resolve new-instance 462 (Landroid/graphics/drawable/RippleDrawable;) in Lb;
D/dalvikvm(18496): VFY: replacing opcode 0x22 at 0x000b
D/dalvikvm(18494): Note: class Landroid/app/ActivityManagerNative; has 180 unimplemented (abstract) methods
W/dalvikvm(18496): VFY: unable to find class referenced in signature (Lzt;)
W/dalvikvm(18496): VFY: unable to find class referenced in signature (Lzt;)
W/dalvikvm(18496): VFY: unable to find class referenced in signature (Lzt;)
W/dalvikvm(18496): VFY: unable to find class referenced in signature (Lzt;)
W/dalvikvm(18496): VFY: unable to find class referenced in signature (Lzt;)
W/dalvikvm(18496): VFY: unable to find class referenced in signature (Lzt;)
W/dalvikvm(18496): VFY: unable to find class referenced in signature (Lzt;)
E/dalvikvm(18496): Could not find class 'android.app.Notification$Action$Builder', referenced from method b.a
W/dalvikvm(18496): VFY: unable to resolve new-instance 302 (Landroid/app/Notification$Action$Builder;) in Lb;
D/dalvikvm(18496): VFY: replacing opcode 0x22 at 0x0000
W/dalvikvm(18496): Unable to resolve superclass of Lar; (689)
W/dalvikvm(18496): Link of class 'Lar;' failed
E/dalvikvm(18496): Could not find class 'ar', referenced from method b.a
W/dalvikvm(18496): VFY: unable to resolve new-instance 999 (Lar;) in Lb;
D/dalvikvm(18496): VFY: replacing opcode 0x22 at 0x0006
W/dalvikvm(18496): Unable to resolve superclass of Lat; (689)
W/dalvikvm(18496): Link of class 'Lat;' failed
E/dalvikvm(18496): Could not find class 'at', referenced from method b.a
W/dalvikvm(18496): VFY: unable to resolve new-instance 1053 (Lat;) in Lb;
D/dalvikvm(18496): VFY: replacing opcode 0x22 at 0x002a
I/dalvikvm(18496): Could not find method android.view.ViewGroup.isTransitionGroup, referenced from method b.a
W/dalvikvm(18496): VFY: unable to resolve virtual method 4388: Landroid/view/ViewGroup;.isTransitionGroup ()Z
D/dalvikvm(18496): VFY: replacing opcode 0x6e at 0x000c
I/dalvikvm(18496): Could not find method android.view.View.getTransitionName, referenced from method b.a
W/dalvikvm(18496): VFY: unable to resolve virtual method 4205: Landroid/view/View;.getTransitionName ()Ljava/lang/String;
D/dalvikvm(18496): VFY: replacing opcode 0x6e at 0x0006
W/dalvikvm(18496): VFY: unable to find class referenced in signature ([Landroid/app/RemoteInput;)
E/dalvikvm(18496): Could not find class 'android.app.RemoteInput[]', referenced from method b.a
W/dalvikvm(18496): VFY: unable to resolve new-array 12606 ([Landroid/app/RemoteInput;) in Lb;
D/dalvikvm(18496): VFY: replacing opcode 0x23 at 0x0005
D/dalvikvm(18496): DexOpt: unable to opt direct call 0x0530 at 0x0e in Lb;.a
D/dalvikvm(18496): DexOpt: unable to opt direct call 0x08a4 at 0x0e in Lb;.a
D/dalvikvm(18496): DexOpt: unable to opt direct call 0x0530 at 0x0e in Lb;.a
W/dalvikvm(18496): Unable to resolve superclass of Lar; (689)
W/dalvikvm(18496): Link of class 'Lar;' failed
D/dalvikvm(18496): DexOpt: unable to opt direct call 0x177c at 0x08 in Lb;.a
W/dalvikvm(18496): Unable to resolve superclass of Lat; (689)
W/dalvikvm(18496): Link of class 'Lat;' failed
D/dalvikvm(18496): DexOpt: unable to opt direct call 0x1846 at 0x2c in Lb;.a
D/dalvikvm(18496): DexOpt: unable to opt direct call 0x0587 at 0x13 in Lb;.a
D/AndroidRuntime(18494): Calling main entry com.android.commands.am.Am
I/ActivityManager(  678): START u0 {act=android.intent.action.MAIN flg=0x10000000 cmp=com.ionicframework.indooratlas527678/.MainActivity} from pid 18494
V/Zygote  (18525): Switching descriptor 33 to /dev/null
V/Zygote  (18525): Switching descriptor 10 to /dev/null
D/dalvikvm(18525): Late-enabling CheckJNI
I/ActivityManager(  678): Start proc com.ionicframework.indooratlas527678 for activity com.ionicframework.indooratlas527678/.MainActivity: pid=18525 uid=10080 gids={50080, 3003}
D/ActivityThread(18525): handleBindApplication:com.ionicframework.indooratlas527678
D/ActivityThread(18525): setTargetHeapUtilization:0.75
D/ActivityThread(18525): setTargetHeapMinFree:2097152
I/dalvikvm(18525): Could not find method android.app.Activity.checkSelfPermission, referenced from method org.apache.cordova.CordovaInterfaceImpl.hasPermission
W/dalvikvm(18525): VFY: unable to resolve virtual method 1: Landroid/app/Activity;.checkSelfPermission (Ljava/lang/String;)I
D/dalvikvm(18525): VFY: replacing opcode 0x6e at 0x0009
I/dalvikvm(18525): Could not find method android.app.Activity.requestPermissions, referenced from method org.apache.cordova.CordovaInterfaceImpl.requestPermission
W/dalvikvm(18525): VFY: unable to resolve virtual method 25: Landroid/app/Activity;.requestPermissions ([Ljava/lang/String;I)V
D/dalvikvm(18525): VFY: replacing opcode 0x6e at 0x000c
I/dalvikvm(18525): Could not find method android.app.Activity.requestPermissions, referenced from method org.apache.cordova.CordovaInterfaceImpl.requestPermissions
W/dalvikvm(18525): VFY: unable to resolve virtual method 25: Landroid/app/Activity;.requestPermissions ([Ljava/lang/String;I)V
D/dalvikvm(18525): VFY: replacing opcode 0x6e at 0x0006
V/WebViewChromiumFactoryProvider(18525): Binding Chromium to main looper Looper (main, tid 1) {41f74890}
I/LibraryLoader(18525): Expected native library version number "",actual native library version number ""
I/chromium(18525): [INFO:library_loader_hooks.cc(116)] Chromium logging enabled: level = 0, default verbosity = 0
I/BrowserStartupController(18525): Initializing chromium process, renderers=0
D/AudioHardwareMSM8660(  275): Bufsize 4800
D/AudioHardwareMSM8660(  275): SampleRate 44.1k
E/AudioManagerAndroid(18525): BLUETOOTH permission is missing!
D/PackageBroadcastService(14185): Received broadcast action=android.intent.action.PACKAGE_ADDED and uri=com.ionicframework.indooratlas527678
I/Adreno200-EGL(18525): <qeglDrvAPI_eglInitialize:269>: EGL 1.4 QUALCOMM build: AU_LINUX_ANDROID_JB_VANILLA.04.02.02.60.051_msm8960_JB_VANILLA_CL2997615_release_AU (CL2997615)
I/Adreno200-EGL(18525): Build Date: 04/11/13 Thu
I/Adreno200-EGL(18525): Local Branch: 
I/Adreno200-EGL(18525): Remote Branch: quic/mako_jb_mr1
I/Adreno200-EGL(18525): Local Patches: NONE
I/Adreno200-EGL(18525): Reconstruct Branch: AU_LINUX_ANDROID_JB_VANILLA.04.02.02.60.051 +  NOTHING
I/UpdateIcingCorporaServi(17609): Updating corpora: APPS=com.ionicframework.indooratlas527678, CONTACTS=MAYBE
I/ActivityManager(  678): Delay finish: com.android.gallery3d/.app.PackagesMonitor
W/chromium(18525): [WARNING:proxy_service.cc(890)] PAC support disabled because there is no system implementation
I/ConfigFetchService(14185): onStartCommand Intent { act=android.intent.action.PACKAGE_ADDED dat=package:com.ionicframework.indooratlas527678 cmp=com.google.android.gms/.config.ConfigFetchService (has extras) }
I/dalvikvm(18525): Could not find method android.webkit.CookieManager.setAcceptThirdPartyCookies, referenced from method org.apache.cordova.engine.SystemCookieManager.<init>
W/dalvikvm(18525): VFY: unable to resolve virtual method 361: Landroid/webkit/CookieManager;.setAcceptThirdPartyCookies (Landroid/webkit/WebView;Z)V
D/dalvikvm(18525): VFY: replacing opcode 0x6e at 0x0016
I/dalvikvm(18525): Could not find method android.webkit.CookieManager.flush, referenced from method org.apache.cordova.engine.SystemCookieManager.flush
W/dalvikvm(18525): VFY: unable to resolve virtual method 356: Landroid/webkit/CookieManager;.flush ()V
D/dalvikvm(18525): VFY: replacing opcode 0x6e at 0x0008
W/dalvikvm(18525): VFY: unable to find class referenced in signature (Landroid/webkit/ClientCertRequest;)
W/dalvikvm(18525): VFY: unable to find class referenced in signature (Landroid/webkit/ClientCertRequest;)
I/dalvikvm(18525): Could not find method android.webkit.WebViewClient.onReceivedClientCertRequest, referenced from method org.apache.cordova.engine.SystemWebViewClient.onReceivedClientCertRequest
W/dalvikvm(18525): VFY: unable to resolve virtual method 414: Landroid/webkit/WebViewClient;.onReceivedClientCertRequest (Landroid/webkit/WebView;Landroid/webkit/ClientCertRequest;)V
D/dalvikvm(18525): VFY: replacing opcode 0x6f at 0x001a
W/dalvikvm(18525): VFY: unable to find class referenced in signature (Landroid/webkit/PermissionRequest;)
I/dalvikvm(18525): Could not find method android.webkit.PermissionRequest.getResources, referenced from method org.apache.cordova.engine.SystemWebChromeClient.onPermissionRequest
W/dalvikvm(18525): VFY: unable to resolve virtual method 372: Landroid/webkit/PermissionRequest;.getResources ()[Ljava/lang/String;
D/dalvikvm(18525): VFY: replacing opcode 0x6e at 0x000d
I/dalvikvm(18525): Could not find method android.webkit.WebChromeClient$FileChooserParams.createIntent, referenced from method org.apache.cordova.engine.SystemWebChromeClient.onShowFileChooser
W/dalvikvm(18525): VFY: unable to resolve virtual method 377: Landroid/webkit/WebChromeClient$FileChooserParams;.createIntent ()Landroid/content/Intent;
D/dalvikvm(18525): VFY: replacing opcode 0x6e at 0x0000
I/ConfigFetchService(14185): launchTask
D/SystemWebViewEngine(18525): CordovaWebView is running on device made by: samsung
I/ConfigFetchService(14185): service connected
D/ConfigFetchService(14185): ConfigApi connection successful.
V/StatusBar(18525): StatusBar: initialization
I/dalvikvm(18525): Could not find method android.app.Activity.checkSelfPermission, referenced from method com.ialocation.plugin.IALocationPlugin.hasPermisssion
W/dalvikvm(18525): VFY: unable to resolve virtual method 1: Landroid/app/Activity;.checkSelfPermission (Ljava/lang/String;)I
D/dalvikvm(18525): VFY: replacing opcode 0x6e at 0x0017
I/ApplicationLogger(17609): canRun() : Opted Out
I/UpdateIcingCorporaServi(17609): UpdateCorporaTask done [took 411 ms] updated apps [took 411 ms] 
D/OpenGLRenderer(18525): Enabling debug mode 0
I/WindowManager(  678): Switching to real app window: Window{42209640 u0 com.ionicframework.indooratlas527678/com.ionicframework.indooratlas527678.MainActivity}
I/ActivityManager(  678): Displayed com.ionicframework.indooratlas527678/.MainActivity: +1s183ms
D/AndroidRuntime(18494): Shutting down VM
I/Timeline(  678): Timeline: Activity_windows_visible id: ActivityRecord{427a5710 u0 com.ionicframework.indooratlas527678/.MainActivity t23} time:6998096
I/jdwp    (18496): Ignoring second debugger -- accepting and dropping
I/ActivityManager(  678): Resuming delayed broadcast
W/InputMethodManagerService(  678): Window already focused, ignoring focus gain of: com.android.internal.view.IInputMethodClient$Stub$Proxy@4265c010 attribute=null, token = android.os.BinderProxy@423a3f40
I/Icing   (14185): Indexing 8949260CA1F62EE278FDDE73791584ABBB776572 from com.google.android.googlequicksearchbox
W/Launcher(17737): setApplicationContext called twice! old=com.android.launcher3.LauncherApplication@41f80060 new=com.android.launcher3.LauncherApplication@41f80060
E/NetworkScheduler.SchedulerReceiver( 2567): Invalid parameter app
E/NetworkScheduler.SchedulerReceiver( 2567): Invalid package name : Perhaps you didn't include a PendingIntent in the extras?
W/Launcher(18006): setApplicationContext called twice! old=com.google.android.velvet.VelvetApplication@41f86a18 new=com.google.android.velvet.VelvetApplication@41f86a18
D/PackageBroadcastService(14185): Received broadcast action=android.intent.action.PACKAGE_REPLACED and uri=com.ionicframework.indooratlas527678
I/Icing   (14185): Indexing done 8949260CA1F62EE278FDDE73791584ABBB776572
I/ActivityManager(  678): Process com.android.vending (pid 17884) has died.
W/SurfaceFlinger(  272): couldn't log to binary event log: overflow.
D/lights  (  678): set_light_buttons: color=0xff000000, tlc=2.
D/JsMessageQueue(18525): Set native->JS mode to OnlineEventsBridgeMode
E/WifiStateMachine(  678): Unexpected BatchedScanResults :OK
D/WifiStateMachine(  678): VerifyingLinkState enter
D/WifiStateMachine(  678): VerifyingLinkState GOOD_LINK_DETECTED: transition to captive portal check
D/WifiStateMachine(  678): CaptivePortalCheckState enter
D/WifiStateMachine(  678): CaptivePortalCheckState CMD_CAPTIVE_CHECK_COMPLETE
D/ConnectivityService(  678): Captive portal check NetworkInfo: type: WIFI[], state: CONNECTING/CAPTIVE_PORTAL_CHECK, reason: (unspecified), extra: "Minion", roaming: false, failover: false, isAvailable: true, isConnectedToProvisioningNetwork: false
D/ConnectivityService(  678): handleCaptivePortalTrackerCheck: call captivePortalCheckComplete ni=NetworkInfo: type: WIFI[], state: CONNECTING/CAPTIVE_PORTAL_CHECK, reason: (unspecified), extra: "Minion", roaming: false, failover: false, isAvailable: true, isConnectedToProvisioningNetwork: false
D/ConnectivityService(  678): Captive portal check NetworkInfo: type: WIFI[], state: CONNECTING/CAPTIVE_PORTAL_CHECK, reason: (unspecified), extra: "Minion", roaming: false, failover: false, isAvailable: true, isConnectedToProvisioningNetwork: false
D/ConnectivityService(  678): handleCaptivePortalTrackerCheck: call captivePortalCheckComplete ni=NetworkInfo: type: WIFI[], state: CONNECTING/CAPTIVE_PORTAL_CHECK, reason: (unspecified), extra: "Minion", roaming: false, failover: false, isAvailable: true, isConnectedToProvisioningNetwork: false
D/ConnectivityService(  678): ConnectivityChange for WIFI: CONNECTED/CONNECTED
E/ConnectivityService(  678): net.tcp.usercfg.wifi not found in system properties. Using defaults
E/ConnectivityService(  678): net.tcp.delack.wifi not found in system properties. Using defaults
E/ConnectivityService(  678): Unexpected mtu value: android.net.wifi.WifiStateTracker@42d0d7a0
I/GCoreUlr( 2551): Wifi connected, attempting upload
I/GCoreUlr( 2551): Starting service, intent=Intent { act=com.google.android.location.reporting.WIFI_TRIGGERED_UPLOAD cmp=com.google.android.gms/com.google.android.location.reporting.service.DispatchingService }, extras=null
D/Nat464Xlat(  678): requiresClat: netType=1, hasIPv4Address=true
D/ConnectivityService(  678): ConnectivityChange for WIFI: CONNECTED/CONNECTED
E/ConnectivityService(  678): net.tcp.usercfg.wifi not found in system properties. Using defaults
E/ConnectivityService(  678): net.tcp.delack.wifi not found in system properties. Using defaults
I/GCoreUlr( 2551): DispatchingService.onCreate()
E/ConnectivityService(  678): Unexpected mtu value: android.net.wifi.WifiStateTracker@42d0d7a0
D/Nat464Xlat(  678): requiresClat: netType=1, hasIPv4Address=true
D/ConnectivityService(  678): NetTransition Wakelock for ConnectedState released by timeout
W/GCoreUlr( 2551): DispatchingService ignoring Intent { act=com.google.android.location.reporting.WIFI_TRIGGERED_UPLOAD cmp=com.google.android.gms/com.google.android.location.reporting.service.DispatchingService } because ULR inactive
I/GCoreUlr( 2551): DispatchingService.onDestroy()
I/GCoreUlr( 2551): Unbound from all location providers
I/Timeline(18525): Timeline: Activity_idle id: android.os.BinderProxy@41f76010 time:7002895
V/StatusBar(18525): Executing action: _ready
V/StatusBar(18525): Executing action: styleDefault
V/Zygote  (18621): Switching descriptor 33 to /dev/null
V/Zygote  (18621): Switching descriptor 10 to /dev/null
D/Tethering(  678): MasterInitialState.processMessage what=3
D/StatusBar.NetworkController(  974): updateConnectivity: intent=Intent { act=android.net.conn.CONNECTIVITY_CHANGE flg=0x4000010 (has extras) }
D/StatusBar.NetworkController(  974): updateConnectivity: networkInfo=NetworkInfo: type: WIFI[], state: CONNECTED/CONNECTED, reason: (unspecified), extra: "Minion", roaming: false, failover: false, isAvailable: true, isConnectedToProvisioningNetwork: false
I/ActivityManager(  678): Start proc com.cyanogenmod.updater for broadcast com.cyanogenmod.updater/.receiver.UpdateCheckReceiver: pid=18621 uid=10001 gids={50001, 3003, 1028, 1015, 2001}
D/StatusBar.NetworkController(  974): updateConnectivity: connectionStatus=0
D/Tethering(  678): MasterInitialState.processMessage what=3
D/StatusBar.NetworkController(  974): updateConnectivity: intent=Intent { act=android.net.conn.CONNECTIVITY_CHANGE flg=0x4000010 (has extras) }
D/StatusBar.NetworkController(  974): updateConnectivity: networkInfo=NetworkInfo: type: WIFI[], state: CONNECTED/CONNECTED, reason: (unspecified), extra: "Minion", roaming: false, failover: false, isAvailable: true, isConnectedToProvisioningNetwork: false
D/StatusBar.NetworkController(  974): updateConnectivity: connectionStatus=0
D/ActivityThread(18621): handleBindApplication:com.cyanogenmod.updater
D/ActivityThread(18621): setTargetHeapUtilization:0.75
D/ActivityThread(18621): setTargetHeapMinFree:2097152
I/UpdateCheckReceiver(18621): Got connectivity change, has connection: true
I/UpdateCheckReceiver(18621): Scheduling future, repeating update checks.
V/Zygote  (18643): Switching descriptor 33 to /dev/null
V/Zygote  (18643): Switching descriptor 10 to /dev/null
I/ActivityManager(  678): Start proc com.android.mms for broadcast com.android.mms/.transaction.MmsSystemEventReceiver: pid=18643 uid=10014 gids={50014, 3003, 1028, 1015}
D/TelephonyProvider( 1105): Column apn id key is 'apn_id'
E/LocSvc_eng(  678): I/===> void loc_eng_agps_ril_update_network_availability(loc_eng_data_s_type&, int, const char*) line 1164 
E/LocSvc_api_rpc_glue(  678): I/---> loc_ioctl line 570 RPC_LOC_IOCTL_SET_LBS_APN_PROFILE
D/RPC     (  678): 3000008c:00050000 sending call (XID 43).
D/RPC     (  678): 3000008c:00050000 received REPLY (XID 43), grabbing mutex to wake up client.
D/RPC     (  678): 3000008c:00050000 call success.
E/LocSvc_adapter(  678): I/<--- int32 loc_event_cb(void*, rpc_loc_client_handle_type, rpc_loc_event_mask_type, const rpc_loc_event_payload_u_type*) line 70 RPC_LOC_EVENT_IOCTL_REPORT
D/RPC     (  678): 3000008c:00050000 received CALL.
D/RPC     (  678): 3000008c:00050000 dispatching RPC call (XID 852, xdr 0x6200b008) for callback client 3100008c:00050001.
D/RPC     (  678): 3100008c:327681 sending RPC reply (XID 852)
D/TelephonyProvider( 1105): Column apn id key is 'apn_id'
E/LocSvc_eng(  678): I/===> void loc_eng_agps_ril_update_network_availability(loc_eng_data_s_type&, int, const char*) line 1164 
E/LocSvc_api_rpc_glue(  678): I/---> loc_ioctl line 570 RPC_LOC_IOCTL_SET_LBS_APN_PROFILE
D/RPC     (  678): 3000008c:00050000 sending call (XID 44).
D/RPC     (  678): 3000008c:00050000 received REPLY (XID 44), grabbing mutex to wake up client.
D/RPC     (  678): 3000008c:00050000 call success.
D/RPC     (  678): 3000008c:00050000 received CALL.
D/RPC     (  678): 3000008c:00050000 dispatching RPC call (XID 853, xdr 0x6200b008) for callback client 3100008c:00050001.
E/LocSvc_adapter(  678): I/<--- int32 loc_event_cb(void*, rpc_loc_client_handle_type, rpc_loc_event_mask_type, const rpc_loc_event_payload_u_type*) line 70 RPC_LOC_EVENT_IOCTL_REPORT
D/ActivityThread(18643): handleBindApplication:com.android.mms
D/ActivityThread(18643): setTargetHeapUtilization:0.75
D/ActivityThread(18643): setTargetHeapMinFree:2097152
D/RPC     (  678): 3100008c:327681 sending RPC reply (XID 853)
D/CountryDetector(  678): The first listener is added
V/MmsConfig(18643): mnc/mcc: 
V/MmsConfig(18643): tag: int value: maxMessageSize - 614400
V/MmsConfig(18643): tag: int value: maxImageHeight - 1200
V/MmsConfig(18643): tag: int value: maxImageWidth - 1600
V/MmsConfig(18643): tag: string value: userAgent - SAMSUNG-GT-I9100-Mms
V/MmsConfig(18643): tag: bool value: enableMultipartSMS - true
V/MmsConfig(18643): tag: bool value: enableSplitSMS - false
V/MmsConfig(18643): tag: string value: uaProfUrl - http://wap.samsungmobile.com/uaprof/GT-I9100.xml
D/MmsSystemEventReceiver(18643): wakeUpService: start service ...
D/TransactionService(18643): onStartCommand(): E
D/TransactionService(18643): incRefCount() mRef=1
D/TransactionService(18643): Handling incoming message: { when=-4ms what=5 arg1=1 obj=Intent { cmp=com.android.mms/.transaction.TransactionService } target=com.android.mms.transaction.TransactionService$ServiceHandler } = EVENT_NEW_INTENT
D/CMStats (18439): Waiting for next sync : 19 hours
D/TransactionService(18643): decRefCount() mRef=0
I/SystemUpdateService(14185): receiver: Intent { act=android.net.conn.CONNECTIVITY_CHANGE flg=0x4000010 cmp=com.google.android.gms/.update.SystemUpdateService$ActiveReceiver (has extras) }
W/ActivityManager(  678): Unable to start service Intent { cmp=com.google.android.gms/.update.SystemUpdateService (has extras) } U=0: not found
D/GCM     ( 2567): GcmService start Intent { act=android.net.conn.CONNECTIVITY_CHANGE flg=0x4000010 cmp=com.google.android.gms/.gcm.GcmService (has extras) } android.net.conn.CONNECTIVITY_CHANGE
I/iu.Environment(14185): update connectivity state; isNetworkMetered? false, isRoaming? false, isBackgroundDataAllowed? true
V/Zygote  (18669): Switching descriptor 33 to /dev/null
V/Zygote  (18669): Switching descriptor 10 to /dev/null
I/ActivityManager(  678): Start proc com.cyanogenmod.lockclock for broadcast com.cyanogenmod.lockclock/.ClockWidgetProvider: pid=18669 uid=10053 gids={50053, 3003}
D/ActivityThread(18669): handleBindApplication:com.cyanogenmod.lockclock
D/ActivityThread(18669): setTargetHeapUtilization:0.75
D/ActivityThread(18669): setTargetHeapMinFree:2097152
V/Zygote  (18683): Switching descriptor 33 to /dev/null
V/Zygote  (18683): Switching descriptor 10 to /dev/null
I/ActivityManager(  678): Start proc com.google.android.talk for broadcast com.google.android.talk/com.google.android.apps.hangouts.service.NetworkStateReceiver: pid=18683 uid=10074 gids={50074, 3003, 1028, 1015, 1006, 3002}
D/ActivityThread(18683): handleBindApplication:com.google.android.talk
D/ActivityThread(18683): setTargetHeapUtilization:0.75
D/ActivityThread(18683): setTargetHeapMinFree:2097152
I/WeatherUpdateService(18669): Google Play Services available; Ignoring GPS provider.
I/ActivityManager(  678): Killing 18294:com.android.deskclock/u0a36 (adj 15): empty #17
E/dalvikvm(18683): Could not find class 'android.app.Notification$Action$Builder', referenced from method f.a
W/dalvikvm(18683): VFY: unable to resolve new-instance 402 (Landroid/app/Notification$Action$Builder;) in Lf;
D/dalvikvm(18683): VFY: replacing opcode 0x22 at 0x0000
E/dalvikvm(18683): Could not find class 'android.app.RemoteInput$Builder', referenced from method f.a
W/dalvikvm(18683): VFY: unable to resolve new-instance 414 (Landroid/app/RemoteInput$Builder;) in Lf;
D/dalvikvm(18683): VFY: replacing opcode 0x22 at 0x003d
E/dalvikvm(18683): Could not find class 'android.app.Notification$Action$Builder', referenced from method f.a
W/dalvikvm(18683): VFY: unable to resolve new-instance 402 (Landroid/app/Notification$Action$Builder;) in Lf;
D/dalvikvm(18683): VFY: replacing opcode 0x22 at 0x0000
W/dalvikvm(18683): Unable to resolve superclass of Law; (790)
W/dalvikvm(18683): Link of class 'Law;' failed
E/dalvikvm(18683): Could not find class 'aw', referenced from method f.a
W/dalvikvm(18683): VFY: unable to resolve new-instance 1214 (Law;) in Lf;
D/dalvikvm(18683): VFY: replacing opcode 0x22 at 0x0006
W/dalvikvm(18683): Unable to resolve superclass of Lay; (790)
W/dalvikvm(18683): Link of class 'Lay;' failed
E/dalvikvm(18683): Could not find class 'ay', referenced from method f.a
W/dalvikvm(18683): VFY: unable to resolve new-instance 1268 (Lay;) in Lf;
D/dalvikvm(18683): VFY: replacing opcode 0x22 at 0x002a
I/ActivityManager(  678): Process com.google.android.apps.plus (pid 18496) has died.
I/dalvikvm(18683): Could not find method android.view.ViewGroup.isTransitionGroup, referenced from method f.a
W/dalvikvm(18683): VFY: unable to resolve virtual method 5345: Landroid/view/ViewGroup;.isTransitionGroup ()Z
D/dalvikvm(18683): VFY: replacing opcode 0x6e at 0x000c
I/dalvikvm(18683): Could not find method android.view.View.getTransitionName, referenced from method f.a
W/dalvikvm(18683): VFY: unable to resolve virtual method 5199: Landroid/view/View;.getTransitionName ()Ljava/lang/String;
D/dalvikvm(18683): VFY: replacing opcode 0x6e at 0x0006
W/dalvikvm(18683): VFY: unable to find class referenced in signature ([Landroid/app/RemoteInput;)
E/dalvikvm(18683): Could not find class 'android.app.RemoteInput[]', referenced from method f.a
W/dalvikvm(18683): VFY: unable to resolve new-array 6957 ([Landroid/app/RemoteInput;) in Lf;
D/dalvikvm(18683): VFY: replacing opcode 0x23 at 0x0005
D/dalvikvm(18683): DexOpt: couldn't find static field Landroid/os/Build;.SUPPORTED_ABIS
W/dalvikvm(18683): VFY: unable to resolve static field 1486 (SUPPORTED_ABIS) in Landroid/os/Build;
D/dalvikvm(18683): VFY: replacing opcode 0x62 at 0x0006
D/ConnectivityService(  678): handleInetConditionHoldEnd: net=1, condition=100, published condition=0
D/StatusBar.NetworkController(  974): updateConnectivity: intent=Intent { act=android.net.conn.INET_CONDITION_ACTION flg=0x4000010 (has extras) }
D/StatusBar.NetworkController(  974): updateConnectivity: networkInfo=NetworkInfo: type: WIFI[], state: CONNECTED/CONNECTED, reason: (unspecified), extra: "Minion", roaming: false, failover: false, isAvailable: true, isConnectedToProvisioningNetwork: false
D/StatusBar.NetworkController(  974): updateConnectivity: connectionStatus=100
D/dalvikvm(18683): DexOpt: unable to opt direct call 0x0a62 at 0x0e in Lf;.a
D/dalvikvm(18683): DexOpt: unable to opt direct call 0x0ab7 at 0x43 in Lf;.a
D/dalvikvm(18683): DexOpt: unable to opt direct call 0x0a62 at 0x0e in Lf;.a
W/dalvikvm(18683): Unable to resolve superclass of Law; (790)
W/dalvikvm(18683): Link of class 'Law;' failed
D/dalvikvm(18683): DexOpt: unable to opt direct call 0x1d53 at 0x08 in Lf;.a
W/dalvikvm(18683): Unable to resolve superclass of Lay; (790)
W/dalvikvm(18683): Link of class 'Lay;' failed
D/dalvikvm(18683): DexOpt: unable to opt direct call 0x1e94 at 0x2c in Lf;.a
D/dalvikvm(18683): DexOpt: unable to opt direct call 0x0ab7 at 0x13 in Lf;.a
I/dalvikvm(18683): Could not find method android.content.Context.getDrawable, referenced from method i.a
W/dalvikvm(18683): VFY: unable to resolve virtual method 2839: Landroid/content/Context;.getDrawable (I)Landroid/graphics/drawable/Drawable;
D/dalvikvm(18683): VFY: replacing opcode 0x6e at 0x0006
I/Babel   (18683): MmsConfig: mnc/mcc: 0/0
I/Babel   (18683): MmsConfig.loadMmsSettings
I/Babel   (18683): MmsConfig.loadDeviceMmsSettings from API: mUserAgent=CyanogenMod, mUaProfUrl=http://www.google.com/oha/rdf/ua-profile-kila.xml
I/Babel   (18683): MmsConfig.loadFromDatabase
E/Babel   (18683): canonicalizeMccMnc: invalid mccmnc 
I/Babel   (18683): MmsConfig.loadFromResources
E/Babel   (18683): canonicalizeMccMnc: invalid mccmnc nullnull
I/Babel   (18683): MmsConfig.loadMmsSettings: mUserAgent=CyanogenMod, mUaProfUrl=http://www.google.com/oha/rdf/ua-profile-kila.xml
W/Settings(18683): Setting airplane_mode_on has moved from android.provider.Settings.System to android.provider.Settings.Global, returning read-only value.
I/Babel_StickerModule(18683): App launched.
I/Babel_StickerModule(18683): Trying first logged in account.
V/Zygote  (18707): Switching descriptor 33 to /dev/null
V/Zygote  (18707): Switching descriptor 10 to /dev/null
I/ActivityManager(  678): Start proc com.google.android.apps.plus for broadcast com.google.android.apps.plus/.service.ConnectivityReceiver: pid=18707 uid=10078 gids={50078, 3003, 3002, 1028, 1015, 1006}
V/CameraWrapper(  275): camera_get_camera_info
V/CameraWrapper(  275): check_vendor_module
E/        (  275): Qint android::get_camera_info(int, camera_info*): E
I/QualcommCameraHardware(  275): Found a matching camera info for ID 0
I/QualcommCameraHardware(  275): HAL_getCameraInfo: orientation = 90
I/QualcommCameraHardware(  275): HAL_getCameraInfo: modes supported = 1
V/CameraWrapper(  275): camera_get_camera_info
V/CameraWrapper(  275): check_vendor_module
E/        (  275): Qint android::get_camera_info(int, camera_info*): E
I/QualcommCameraHardware(  275): Found a matching camera info for ID 1
I/QualcommCameraHardware(  275): HAL_getCameraInfo: orientation = 270
I/QualcommCameraHardware(  275): HAL_getCameraInfo: modes supported = 1
D/ActivityThread(18707): handleBindApplication:com.google.android.apps.plus
W/dalvikvm(18683): Unable to resolve superclass of Lcom/google/android/libraries/hangouts/video/ScreenCaptureVideoSource$2; (596)
W/dalvikvm(18683): Link of class 'Lcom/google/android/libraries/hangouts/video/ScreenCaptureVideoSource$2;' failed
E/dalvikvm(18683): Could not find class 'com.google.android.libraries.hangouts.video.ScreenCaptureVideoSource$2', referenced from method com.google.android.libraries.hangouts.video.ScreenCaptureVideoSource.<init>
W/dalvikvm(18683): VFY: unable to resolve new-instance 2878 (Lcom/google/android/libraries/hangouts/video/ScreenCaptureVideoSource$2;) in Lcom/google/android/libraries/hangouts/video/ScreenCaptureVideoSource;
D/dalvikvm(18683): VFY: replacing opcode 0x22 at 0x0044
W/dalvikvm(18683): VFY: unable to find class referenced in signature (Landroid/media/projection/MediaProjection;)
D/ActivityThread(18707): setTargetHeapUtilization:0.75
D/ActivityThread(18707): setTargetHeapMinFree:2097152
W/dalvikvm(18683): VFY: unable to find class referenced in signature (Landroid/media/projection/MediaProjection;)
W/dalvikvm(18683): VFY: unable to find class referenced in signature (Landroid/media/projection/MediaProjection;)
W/dalvikvm(18683): VFY: unable to find class referenced in signature (Landroid/media/projection/MediaProjectionManager;)
I/dalvikvm(18683): Could not find method android.media.projection.MediaProjection.createVirtualDisplay, referenced from method com.google.android.libraries.hangouts.video.ScreenCaptureVideoSource.createVirtualDisplay
W/dalvikvm(18683): VFY: unable to resolve virtual method 3518: Landroid/media/projection/MediaProjection;.createVirtualDisplay (Ljava/lang/String;IIIILandroid/view/Surface;Landroid/hardware/display/VirtualDisplay$Callback;Landroid/os/Handler;)Landroid/hardware/display/VirtualDisplay;
D/dalvikvm(18683): VFY: replacing opcode 0x74 at 0x0053
I/dalvikvm(18683): Could not find method android.media.projection.MediaProjection.stop, referenced from method com.google.android.libraries.hangouts.video.ScreenCaptureVideoSource.release
W/dalvikvm(18683): VFY: unable to resolve virtual method 3520: Landroid/media/projection/MediaProjection;.stop ()V
D/dalvikvm(18683): VFY: replacing opcode 0x6e at 0x002d
I/dalvikvm(18683): Could not find method android.media.projection.MediaProjectionManager.createScreenCaptureIntent, referenced from method com.google.android.libraries.hangouts.video.ScreenCaptureVideoSource.startCapture
W/dalvikvm(18683): VFY: unable to resolve virtual method 3522: Landroid/media/projection/MediaProjectionManager;.createScreenCaptureIntent ()Landroid/content/Intent;
D/dalvikvm(18683): VFY: replacing opcode 0x6e at 0x0023
W/dalvikvm(18683): Unable to resolve superclass of Lcom/google/android/libraries/hangouts/video/ScreenCaptureVideoSource$2; (596)
W/dalvikvm(18683): Link of class 'Lcom/google/android/libraries/hangouts/video/ScreenCaptureVideoSource$2;' failed
D/dalvikvm(18683): DexOpt: unable to opt direct call 0x4a49 at 0x46 in Lcom/google/android/libraries/hangouts/video/ScreenCaptureVideoSource;.<init>
I/ActivityManager(  678): Process android.process.acore (pid 17944) has died.
W/MediaCodecList(18683): Too many distinct type names in configuration.
W/MediaCodecList(18683): Too many distinct type names in configuration.
W/MediaCodecList(18683): Component OMX.ffmpeg.vtrial.decoder does not support any type of media?
W/MediaCodecList(18683): Component OMX.ffmpeg.hevc.decoder does not support any type of media?
W/MediaCodecList(18683): Too many distinct type names in configuration.
I/dalvikvm(18683): Could not find method android.media.MediaCodecInfo$CodecCapabilities.getVideoCapabilities, referenced from method com.google.android.libraries.hangouts.video.EncoderManager.isHardwareAcceleratedCodec
D/lights  (  678): set_light_buttons: color=0xffffffff, tlc=1.
W/dalvikvm(18683): VFY: unable to resolve virtual method 3454: Landroid/media/MediaCodecInfo$CodecCapabilities;.getVideoCapabilities ()Landroid/media/MediaCodecInfo$VideoCapabilities;
D/dalvikvm(18683): VFY: replacing opcode 0x6e at 0x001f
D/AudioHardwareMSM8660(  275): Bufsize 4800
D/AudioHardwareMSM8660(  275): SampleRate 44.1k
W/AudioTrack(  678): AUDIO_OUTPUT_FLAG_FAST denied by client due to mismatching sample rate (48000 vs 44100)
D/AudioFlinger(  275): start(4099), calling pid 678 session 186
D/AudioFlinger(  275): ? => ACTIVE (4099) on thread 0x41270a68
D/AudioHardwareMSM8660(  275): outputDevices = 2
I/AudioHardwareMSM8660(  275): Routing audio to Speakerphone (out_speaker case)
D/AudioHardwareMSM8660(  275): SampleRate 44.1k
D/AudioHardwareMSM8660(  275): Bufsize 4800
W/InputMethodManagerService(  678): Window already focused, ignoring focus gain of: com.android.internal.view.IInputMethodClient$Stub$Proxy@422221e8 attribute=null, token = android.os.BinderProxy@422a7660
E/AudioHardwareMSM8660(  275): write(): dec_id = 1 cur_rx = 2
E/AudioHardwareMSM8660(  275): cur_rx for pcm playback = 2
D/IACore  (18525): java.io.PrintWriter@425464e0
D/ACDB-LOADER(  275): ACDB -> send_audio_cal, acdb_id = 2, path =  0
D/ACDB-LOADER(  275): ACDB -> send_adm_topology
D/ACDB-LOADER(  275): ACDB -> ACDB_CMD_GET_AUDPROC_COMMON_TOPOLOGY_ID
D/ACDB-LOADER(  275): ACDB -> send_audtable
D/ACDB-LOADER(  275): ACDB samplerate = 256
D/ACDB-LOADER(  275): ACDB -> ACDB_CMD_GET_AUDPROC_COMMON_TABLE
D/ACDB-LOADER(  275): ACDB -> AUDIO_SET_AUDPROC_CAL
D/ACDB-LOADER(  275): ACDB -> send_audvoltable
D/ACDB-LOADER(  275): ACDB -> ACDB_CMD_GET_AUDPROC_GAIN_DEP_VOLTBL_STEP_COPP
D/ACDB-LOADER(  275): ACDB -> AUDIO_SET_AUDPROC_VOL_CAL
D/AudioHardwareMSM8660(  275): addToTable stream 1
D/AudioHardwareMSM8660(  275): Bufsize 4800
D/AudioHardwareMSM8660(  275): SampleRate 44.1k
D/AudioHardwareMSM8660(  275): Bufsize 4800
D/AudioHardwareMSM8660(  275): SampleRate 44.1k
D/AudioHardwareMSM8660(  275): Bufsize 4800
D/AudioHardwareMSM8660(  275): SampleRate 44.1k
D/AudioHardwareMSM8660(  275): Bufsize 4800
D/AudioHardwareMSM8660(  275): SampleRate 44.1k
D/AudioHardwareMSM8660(  275): Bufsize 4800
D/AudioHardwareMSM8660(  275): SampleRate 44.1k
D/dalvikvm(18525): Trying to load lib /data/app-lib/com.ionicframework.indooratlas527678-1/libcpaJNI.so 0x41f7d448
D/dalvikvm(18525): Added shared lib /data/app-lib/com.ionicframework.indooratlas527678-1/libcpaJNI.so 0x41f7d448
W/SurfaceFlinger(  272): couldn't log to binary event log: overflow.
I/ActivityManager(  678): Process org.cyanogenmod.themes.provider (pid 18161) has died.
E/dalvikvm(18707): Could not find class 'android.app.Notification$Action$Builder', referenced from method b.a
W/dalvikvm(18707): VFY: unable to resolve new-instance 302 (Landroid/app/Notification$Action$Builder;) in Lb;
D/dalvikvm(18707): VFY: replacing opcode 0x22 at 0x0000
W/Settings(18525): Setting airplane_mode_on has moved from android.provider.Settings.System to android.provider.Settings.Global, returning read-only value.
I/ActivityManager(  678): Process com.android.gallery3d (pid 18479) has died.
E/dalvikvm(18707): Could not find class 'android.graphics.drawable.RippleDrawable', referenced from method b.a
W/dalvikvm(18707): VFY: unable to resolve new-instance 462 (Landroid/graphics/drawable/RippleDrawable;) in Lb;
D/dalvikvm(18707): VFY: replacing opcode 0x22 at 0x000b
W/dalvikvm(18707): VFY: unable to find class referenced in signature (Lzt;)
W/dalvikvm(18707): VFY: unable to find class referenced in signature (Lzt;)
W/dalvikvm(18707): VFY: unable to find class referenced in signature (Lzt;)
W/dalvikvm(18707): VFY: unable to find class referenced in signature (Lzt;)
W/dalvikvm(18707): VFY: unable to find class referenced in signature (Lzt;)
W/dalvikvm(18707): VFY: unable to find class referenced in signature (Lzt;)
W/dalvikvm(18707): VFY: unable to find class referenced in signature (Lzt;)
E/dalvikvm(18707): Could not find class 'android.app.Notification$Action$Builder', referenced from method b.a
W/dalvikvm(18707): VFY: unable to resolve new-instance 302 (Landroid/app/Notification$Action$Builder;) in Lb;
D/dalvikvm(18707): VFY: replacing opcode 0x22 at 0x0000
W/dalvikvm(18707): Unable to resolve superclass of Lar; (689)
W/dalvikvm(18707): Link of class 'Lar;' failed
E/dalvikvm(18707): Could not find class 'ar', referenced from method b.a
W/dalvikvm(18707): VFY: unable to resolve new-instance 999 (Lar;) in Lb;
D/dalvikvm(18707): VFY: replacing opcode 0x22 at 0x0006
W/dalvikvm(18707): Unable to resolve superclass of Lat; (689)
W/dalvikvm(18707): Link of class 'Lat;' failed
E/dalvikvm(18707): Could not find class 'at', referenced from method b.a
W/dalvikvm(18707): VFY: unable to resolve new-instance 1053 (Lat;) in Lb;
D/dalvikvm(18707): VFY: replacing opcode 0x22 at 0x002a
I/dalvikvm(18707): Could not find method android.view.ViewGroup.isTransitionGroup, referenced from method b.a
W/dalvikvm(18707): VFY: unable to resolve virtual method 4388: Landroid/view/ViewGroup;.isTransitionGroup ()Z
D/dalvikvm(18707): VFY: replacing opcode 0x6e at 0x000c
I/dalvikvm(18707): Could not find method android.view.View.getTransitionName, referenced from method b.a
W/dalvikvm(18707): VFY: unable to resolve virtual method 4205: Landroid/view/View;.getTransitionName ()Ljava/lang/String;
D/dalvikvm(18707): VFY: replacing opcode 0x6e at 0x0006
W/dalvikvm(18707): VFY: unable to find class referenced in signature ([Landroid/app/RemoteInput;)
E/dalvikvm(18707): Could not find class 'android.app.RemoteInput[]', referenced from method b.a
W/dalvikvm(18707): VFY: unable to resolve new-array 12606 ([Landroid/app/RemoteInput;) in Lb;
D/dalvikvm(18707): VFY: replacing opcode 0x23 at 0x0005
D/dalvikvm(18707): DexOpt: unable to opt direct call 0x0530 at 0x0e in Lb;.a
D/dalvikvm(18707): DexOpt: unable to opt direct call 0x08a4 at 0x0e in Lb;.a
D/dalvikvm(18707): DexOpt: unable to opt direct call 0x0530 at 0x0e in Lb;.a
W/dalvikvm(18707): Unable to resolve superclass of Lar; (689)
W/dalvikvm(18707): Link of class 'Lar;' failed
D/dalvikvm(18707): DexOpt: unable to opt direct call 0x177c at 0x08 in Lb;.a
W/dalvikvm(18707): Unable to resolve superclass of Lat; (689)
W/dalvikvm(18707): Link of class 'Lat;' failed
D/dalvikvm(18707): DexOpt: unable to opt direct call 0x1846 at 0x2c in Lb;.a
D/dalvikvm(18707): DexOpt: unable to opt direct call 0x0587 at 0x13 in Lb;.a
I/ActivityManager(  678): Process com.android.keychain (pid 18463) has died.
V/Zygote  (18742): Switching descriptor 33 to /dev/null
V/Zygote  (18742): Switching descriptor 10 to /dev/null
I/ActivityManager(  678): Start proc android.process.acore for content provider com.android.providers.contacts/.ContactsProvider2: pid=18742 uid=10003 gids={50003, 3003, 1028, 1015}
D/ActivityThread(18742): handleBindApplication:android.process.acore
D/ActivityThread(18742): setTargetHeapUtilization:0.75
D/ActivityThread(18742): setTargetHeapMinFree:2097152
D/AudioHardwareMSM8660(  275): Bufsize 4800
D/AudioHardwareMSM8660(  275): SampleRate 44.1k
W/AudioTrack(  678): AUDIO_OUTPUT_FLAG_FAST denied by client due to mismatching sample rate (48000 vs 44100)
I/ActivityManager(  678): Process com.android.defcontainer (pid 17870) has died.
D/AudioFlinger(  275): start(4098), calling pid 678 session 187
D/AudioFlinger(  275): ? => ACTIVE (4098) on thread 0x411feae0
D/AudioHardwareMSM8660(  275): outputDevices = 2
I/AudioHardwareMSM8660(  275): Routing audio to Speakerphone (out_speaker case)
W/InputMethodManagerService(  678): Window already focused, ignoring focus gain of: com.android.internal.view.IInputMethodClient$Stub$Proxy@428b9268 attribute=null, token = android.os.BinderProxy@422a7660
I/UpdateCheckReceiver(18621): Got connectivity change, has connection: true
I/UpdateCheckReceiver(18621): Scheduling future, repeating update checks.
I/dalvikvm(18707): Could not find method android.content.Context.getDrawable, referenced from method c.a
W/dalvikvm(18707): VFY: unable to resolve virtual method 1545: Landroid/content/Context;.getDrawable (I)Landroid/graphics/drawable/Drawable;
D/dalvikvm(18707): VFY: replacing opcode 0x6e at 0x0006
D/CMStats (18439): Waiting for next sync : 19 hours
D/AudioHardwareMSM8660(  275): Bufsize 4800
D/AudioHardwareMSM8660(  275): SampleRate 44.1k
D/AudioHardwareMSM8660(  275): Bufsize 4800
D/AudioHardwareMSM8660(  275): SampleRate 44.1k
D/AudioHardwareMSM8660(  275): Bufsize 4800
D/AudioHardwareMSM8660(  275): SampleRate 44.1k
I/SystemUpdateService(14185): receiver: Intent { act=android.net.conn.CONNECTIVITY_CHANGE flg=0x4000010 cmp=com.google.android.gms/.update.SystemUpdateService$ActiveReceiver (has extras) }
D/AudioHardwareMSM8660(  275): Bufsize 4800
D/AudioHardwareMSM8660(  275): SampleRate 44.1k
D/AudioHardwareMSM8660(  275): Bufsize 4800
D/AudioHardwareMSM8660(  275): SampleRate 44.1k
W/ActivityManager(  678): Unable to start service Intent { cmp=com.google.android.gms/.update.SystemUpdateService (has extras) } U=0: not found
I/ActivityManager(  678): Process com.google.android.googlequicksearchbox:search (pid 17609) has died.
D/GCM     ( 2567): GcmService start Intent { act=android.net.conn.CONNECTIVITY_CHANGE flg=0x4000010 cmp=com.google.android.gms/.gcm.GcmService (has extras) } android.net.conn.CONNECTIVITY_CHANGE
I/iu.Environment(14185): update connectivity state; isNetworkMetered? false, isRoaming? false, isBackgroundDataAllowed? true
I/ActivityManager(  678): Delay finish: com.android.mms/.transaction.SmsReceiver
V/SmsReceiverService(18643): onStart: #1 mResultCode: -1 = Activity.RESULT_OK
V/ConfigFetchTask(14185): ConfigFetchTask getDeviceDataVersionInfo(): ABFEt1VmIJKRVOmtVTd5tUJ-Dm-Gi7AOvwoqOyLkiyt2InpReDEQLbVCGs6H-yTDuOo72Wa0gMHvjL6IJLbk9Sve4yvUPLyCIcSIk80qtwtjGs4Np4MsmaSXva5eIfb4BerM4Gjy0gjiRQZNn5gv64JK3G7EYQa8yYh_UeXoUoVbeGK-6Fxqr5drPIRClSZp3HS-OCmOkZ580C7gfZ_5owJv9rlk5GUDlM8XbfbHl4Yd1dIMTlnUHbAYxr2RlMcdvTSoa9uc3iGVCxkDDQztJhlWBh2Ff6_oGg3dRbt8BgUj65FYFOaSohc
